Component: ARM Compiler 6.10.1 Tool: armlink [5d142800]

==============================================================================

Section Cross References

    startup_stm32f103xb.o(STACK) refers (Special) to heapauxi.o(.text) for __use_two_region_memory
    startup_stm32f103xb.o(HEAP) refers (Special) to heapauxi.o(.text) for __use_two_region_memory
    startup_stm32f103xb.o(RESET) refers (Special) to heapauxi.o(.text) for __use_two_region_memory
    startup_stm32f103xb.o(RESET) refers to startup_stm32f103xb.o(STACK) for __initial_sp
    startup_stm32f103xb.o(RESET) refers to startup_stm32f103xb.o(.text) for Reset_Handler
    startup_stm32f103xb.o(RESET) refers to stm32f1xx_it.o(.text.NMI_Handler) for NMI_Handler
    startup_stm32f103xb.o(RESET) refers to stm32f1xx_it.o(.text.HardFault_Handler) for HardFault_Handler
    startup_stm32f103xb.o(RESET) refers to stm32f1xx_it.o(.text.MemManage_Handler) for MemManage_Handler
    startup_stm32f103xb.o(RESET) refers to stm32f1xx_it.o(.text.BusFault_Handler) for BusFault_Handler
    startup_stm32f103xb.o(RESET) refers to stm32f1xx_it.o(.text.UsageFault_Handler) for UsageFault_Handler
    startup_stm32f103xb.o(RESET) refers to stm32f1xx_it.o(.text.SVC_Handler) for SVC_Handler
    startup_stm32f103xb.o(RESET) refers to stm32f1xx_it.o(.text.DebugMon_Handler) for DebugMon_Handler
    startup_stm32f103xb.o(RESET) refers to stm32f1xx_it.o(.text.PendSV_Handler) for PendSV_Handler
    startup_stm32f103xb.o(RESET) refers to stm32f1xx_it.o(.text.SysTick_Handler) for SysTick_Handler
    startup_stm32f103xb.o(RESET) refers to stm32f1xx_it.o(.text.EXTI0_IRQHandler) for EXTI0_IRQHandler
    startup_stm32f103xb.o(.text) refers (Special) to heapauxi.o(.text) for __use_two_region_memory
    startup_stm32f103xb.o(.text) refers to system_stm32f1xx.o(.text.SystemInit) for SystemInit
    startup_stm32f103xb.o(.text) refers to __main.o(!!!main) for __main
    startup_stm32f103xb.o(.text) refers to startup_stm32f103xb.o(HEAP) for Heap_Mem
    startup_stm32f103xb.o(.text) refers to startup_stm32f103xb.o(STACK) for Stack_Mem
    fonts.o(.text.FONTS_GetStringSize) refers to strlen.o(.text) for strlen
    fonts.o(.ARM.exidx.text.FONTS_GetStringSize) refers to fonts.o(.text.FONTS_GetStringSize) for [Anonymous Symbol]
    fonts.o(.data.Font_7x10) refers to fonts.o(.rodata.Font7x10) for Font7x10
    fonts.o(.data.Font_11x18) refers to fonts.o(.rodata.Font11x18) for Font11x18
    fonts.o(.data.Font_16x26) refers to fonts.o(.rodata.Font16x26) for Font16x26
    ssd1306.o(.text.SSD1306_DrawBitmap) refers to ssd1306.o(.text.SSD1306_DrawPixel) for SSD1306_DrawPixel
    ssd1306.o(.ARM.exidx.text.SSD1306_DrawBitmap) refers to ssd1306.o(.text.SSD1306_DrawBitmap) for [Anonymous Symbol]
    ssd1306.o(.text.SSD1306_DrawPixel) refers to ssd1306.o(.bss.SSD1306_Buffer) for [Anonymous Symbol]
    ssd1306.o(.ARM.exidx.text.SSD1306_DrawPixel) refers to ssd1306.o(.text.SSD1306_DrawPixel) for [Anonymous Symbol]
    ssd1306.o(.text.SSD1306_Init) refers to stm32f1xx_hal_i2c.o(.text.HAL_I2C_IsDeviceReady) for HAL_I2C_IsDeviceReady
    ssd1306.o(.text.SSD1306_Init) refers to rt_memclr_w.o(.text) for __aeabi_memclr4
    ssd1306.o(.text.SSD1306_Init) refers to ssd1306.o(.text.SSD1306_UpdateScreen) for SSD1306_UpdateScreen
    ssd1306.o(.text.SSD1306_Init) refers to main.o(.bss..L_MergedGlobals.52) for hi2c1
    ssd1306.o(.text.SSD1306_Init) refers to ssd1306.o(.text.ssd1306_I2C_Write) for ssd1306_I2C_Write
    ssd1306.o(.text.SSD1306_Init) refers to ssd1306.o(.bss.SSD1306_Buffer) for [Anonymous Symbol]
    ssd1306.o(.text.SSD1306_Init) refers to ssd1306.o(.bss..L_MergedGlobals) for [Anonymous Symbol]
    ssd1306.o(.ARM.exidx.text.SSD1306_Init) refers to ssd1306.o(.text.SSD1306_Init) for [Anonymous Symbol]
    ssd1306.o(.text.ssd1306_I2C_Write) refers to stm32f1xx_hal_i2c.o(.text.HAL_I2C_Master_Transmit) for HAL_I2C_Master_Transmit
    ssd1306.o(.text.ssd1306_I2C_Write) refers to main.o(.bss..L_MergedGlobals.52) for hi2c1
    ssd1306.o(.ARM.exidx.text.ssd1306_I2C_Write) refers to ssd1306.o(.text.ssd1306_I2C_Write) for [Anonymous Symbol]
    ssd1306.o(.text.SSD1306_Fill) refers to aeabi_memset4.o(.text) for __aeabi_memset4
    ssd1306.o(.text.SSD1306_Fill) refers to ssd1306.o(.bss.SSD1306_Buffer) for [Anonymous Symbol]
    ssd1306.o(.ARM.exidx.text.SSD1306_Fill) refers to ssd1306.o(.text.SSD1306_Fill) for [Anonymous Symbol]
    ssd1306.o(.text.SSD1306_UpdateScreen) refers to ssd1306.o(.text.ssd1306_I2C_WriteMulti) for ssd1306_I2C_WriteMulti
    ssd1306.o(.text.SSD1306_UpdateScreen) refers to ssd1306.o(.bss.SSD1306_Buffer) for [Anonymous Symbol]
    ssd1306.o(.text.SSD1306_UpdateScreen) refers to ssd1306.o(.text.ssd1306_I2C_Write) for ssd1306_I2C_Write
    ssd1306.o(.ARM.exidx.text.SSD1306_UpdateScreen) refers to ssd1306.o(.text.SSD1306_UpdateScreen) for [Anonymous Symbol]
    ssd1306.o(.text.ssd1306_I2C_WriteMulti) refers to stm32f1xx_hal_i2c.o(.text.HAL_I2C_Master_Transmit) for HAL_I2C_Master_Transmit
[...]
    stm32f1xx_hal_spi.o(.ARM.exidx.text.SPI_DMATransmitReceiveCplt) refers to stm32f1xx_hal_spi.o(.text.SPI_DMATransmitReceiveCplt) for [Anonymous Symbol]
    stm32f1xx_hal_spi.o(.text.HAL_SPI_Abort) refers to stm32f1xx_hal_dma.o(.text.HAL_DMA_Abort) for HAL_DMA_Abort
    stm32f1xx_hal_spi.o(.text.HAL_SPI_Abort) refers to system_stm32f1xx.o(.data.SystemCoreClock) for SystemCoreClock
    stm32f1xx_hal_spi.o(.text.HAL_SPI_Abort) refers to stm32f1xx_hal_spi.o(.text.SPI_AbortTx_ISR) for SPI_AbortTx_ISR
    stm32f1xx_hal_spi.o(.text.HAL_SPI_Abort) refers to stm32f1xx_hal_spi.o(.text.SPI_AbortRx_ISR) for SPI_AbortRx_ISR
    stm32f1xx_hal_spi.o(.ARM.exidx.text.HAL_SPI_Abort) refers to stm32f1xx_hal_spi.o(.text.HAL_SPI_Abort) for [Anonymous Symbol]
    stm32f1xx_hal_spi.o(.ARM.exidx.text.SPI_AbortTx_ISR) refers to stm32f1xx_hal_spi.o(.text.SPI_AbortTx_ISR) for [Anonymous Symbol]
    stm32f1xx_hal_spi.o(.text.SPI_AbortRx_ISR) refers to system_stm32f1xx.o(.data.SystemCoreClock) for SystemCoreClock
    stm32f1xx_hal_spi.o(.ARM.exidx.text.SPI_AbortRx_ISR) refers to stm32f1xx_hal_spi.o(.text.SPI_AbortRx_ISR) for [Anonymous Symbol]
    stm32f1xx_hal_spi.o(.text.HAL_SPI_Abort_IT) refers to stm32f1xx_hal_dma.o(.text.HAL_DMA_Abort_IT) for HAL_DMA_Abort_IT
    stm32f1xx_hal_spi.o(.text.HAL_SPI_Abort_IT) refers to stm32f1xx_hal_spi.o(.text.HAL_SPI_AbortCpltCallback) for HAL_SPI_AbortCpltCallback
    stm32f1xx_hal_spi.o(.text.HAL_SPI_Abort_IT) refers to system_stm32f1xx.o(.data.SystemCoreClock) for SystemCoreClock
    stm32f1xx_hal_spi.o(.text.HAL_SPI_Abort_IT) refers to stm32f1xx_hal_spi.o(.text.SPI_AbortTx_ISR) for SPI_AbortTx_ISR
    stm32f1xx_hal_spi.o(.text.HAL_SPI_Abort_IT) refers to stm32f1xx_hal_spi.o(.text.SPI_AbortRx_ISR) for SPI_AbortRx_ISR
    stm32f1xx_hal_spi.o(.text.HAL_SPI_Abort_IT) refers to stm32f1xx_hal_spi.o(.text.SPI_DMATxAbortCallback) for SPI_DMATxAbortCallback
    stm32f1xx_hal_spi.o(.text.HAL_SPI_Abort_IT) refers to stm32f1xx_hal_spi.o(.text.SPI_DMARxAbortCallback) for SPI_DMARxAbortCallback
    stm32f1xx_hal_spi.o(.ARM.exidx.text.HAL_SPI_Abort_IT) refers to stm32f1xx_hal_spi.o(.text.HAL_SPI_Abort_IT) for [Anonymous Symbol]
    stm32f1xx_hal_spi.o(.text.SPI_DMATxAbortCallback) refers to stm32f1xx_hal_spi.o(.text.HAL_SPI_AbortCpltCallback) for HAL_SPI_AbortCpltCallback
    stm32f1xx_hal_spi.o(.text.SPI_DMATxAbortCallback) refers to system_stm32f1xx.o(.data.SystemCoreClock) for SystemCoreClock
    stm32f1xx_hal_spi.o(.ARM.exidx.text.SPI_DMATxAbortCallback) refers to stm32f1xx_hal_spi.o(.text.SPI_DMATxAbortCallback) for [Anonymous Symbol]
    stm32f1xx_hal_spi.o(.text.SPI_DMARxAbortCallback) refers to stm32f1xx_hal.o(.text.HAL_GetTick) for HAL_GetTick
    stm32f1xx_hal_spi.o(.text.SPI_DMARxAbortCallback) refers to stm32f1xx_hal_spi.o(.text.SPI_EndRxTxTransaction) for SPI_EndRxTxTransaction
    stm32f1xx_hal_spi.o(.text.SPI_DMARxAbortCallback) refers to stm32f1xx_hal_spi.o(.text.HAL_SPI_AbortCpltCallback) for HAL_SPI_AbortCpltCallback
    stm32f1xx_hal_spi.o(.ARM.exidx.text.SPI_DMARxAbortCallback) refers to stm32f1xx_hal_spi.o(.text.SPI_DMARxAbortCallback) for [Anonymous Symbol]
    stm32f1xx_hal_spi.o(.ARM.exidx.text.HAL_SPI_AbortCpltCallback) refers to stm32f1xx_hal_spi.o(.text.HAL_SPI_AbortCpltCallback) for [Anonymous Symbol]
    stm32f1xx_hal_spi.o(.ARM.exidx.text.HAL_SPI_DMAPause) refers to stm32f1xx_hal_spi.o(.text.HAL_SPI_DMAPause) for [Anonymous Symbol]
    stm32f1xx_hal_spi.o(.ARM.exidx.text.HAL_SPI_DMAResume) refers to stm32f1xx_hal_spi.o(.text.HAL_SPI_DMAResume) for [Anonymous Symbol]
    stm32f1xx_hal_spi.o(.text.HAL_SPI_DMAStop) refers to stm32f1xx_hal_dma.o(.text.HAL_DMA_Abort) for HAL_DMA_Abort
    stm32f1xx_hal_spi.o(.ARM.exidx.text.HAL_SPI_DMAStop) refers to stm32f1xx_hal_spi.o(.text.HAL_SPI_DMAStop) for [Anonymous Symbol]
    stm32f1xx_hal_spi.o(.text.HAL_SPI_IRQHandler) refers to stm32f1xx_hal_dma.o(.text.HAL_DMA_Abort_IT) for HAL_DMA_Abort_IT
    stm32f1xx_hal_spi.o(.text.HAL_SPI_IRQHandler) refers to stm32f1xx_hal_spi.o(.text.HAL_SPI_ErrorCallback) for HAL_SPI_ErrorCallback
    stm32f1xx_hal_spi.o(.text.HAL_SPI_IRQHandler) refers to stm32f1xx_hal_spi.o(.text.SPI_DMAAbortOnError) for SPI_DMAAbortOnError
    stm32f1xx_hal_spi.o(.ARM.exidx.text.HAL_SPI_IRQHandler) refers to stm32f1xx_hal_spi.o(.text.HAL_SPI_IRQHandler) for [Anonymous Symbol]
    stm32f1xx_hal_spi.o(.text.SPI_DMAAbortOnError) refers to stm32f1xx_hal_spi.o(.text.HAL_SPI_ErrorCallback) for HAL_SPI_ErrorCallback
    stm32f1xx_hal_spi.o(.ARM.exidx.text.SPI_DMAAbortOnError) refers to stm32f1xx_hal_spi.o(.text.SPI_DMAAbortOnError) for [Anonymous Symbol]
    stm32f1xx_hal_spi.o(.ARM.exidx.text.HAL_SPI_ErrorCallback) refers to stm32f1xx_hal_spi.o(.text.HAL_SPI_ErrorCallback) for [Anonymous Symbol]
    stm32f1xx_hal_spi.o(.ARM.exidx.text.HAL_SPI_TxCpltCallback) refers to stm32f1xx_hal_spi.o(.text.HAL_SPI_TxCpltCallback) for [Anonymous Symbol]
    stm32f1xx_hal_spi.o(.ARM.exidx.text.HAL_SPI_RxCpltCallback) refers to stm32f1xx_hal_spi.o(.text.HAL_SPI_RxCpltCallback) for [Anonymous Symbol]
    stm32f1xx_hal_spi.o(.ARM.exidx.text.HAL_SPI_TxRxCpltCallback) refers to stm32f1xx_hal_spi.o(.text.HAL_SPI_TxRxCpltCallback) for [Anonymous Symbol]
    stm32f1xx_hal_spi.o(.ARM.exidx.text.HAL_SPI_TxHalfCpltCallback) refers to stm32f1xx_hal_spi.o(.text.HAL_SPI_TxHalfCpltCallback) for [Anonymous Symbol]
    stm32f1xx_hal_spi.o(.ARM.exidx.text.HAL_SPI_RxHalfCpltCallback) refers to stm32f1xx_hal_spi.o(.text.HAL_SPI_RxHalfCpltCallback) for [Anonymous Symbol]
    stm32f1xx_hal_spi.o(.ARM.exidx.text.HAL_SPI_TxRxHalfCpltCallback) refers to stm32f1xx_hal_spi.o(.text.HAL_SPI_TxRxHalfCpltCallback) for [Anonymous Symbol]
    stm32f1xx_hal_spi.o(.ARM.exidx.text.HAL_SPI_GetState) refers to stm32f1xx_hal_spi.o(.text.HAL_SPI_GetState) for [Anonymous Symbol]
    stm32f1xx_hal_spi.o(.ARM.exidx.text.HAL_SPI_GetError) refers to stm32f1xx_hal_spi.o(.text.HAL_SPI_GetError) for [Anonymous Symbol]
    stm32f1xx_hal_spi.o(.text.SPI_CloseRxTx_ISR) refers to stm32f1xx_hal.o(.text.HAL_GetTick) for HAL_GetTick
    stm32f1xx_hal_spi.o(.text.SPI_CloseRxTx_ISR) refers to stm32f1xx_hal_spi.o(.text.SPI_EndRxTxTransaction) for SPI_EndRxTxTransaction
    stm32f1xx_hal_spi.o(.text.SPI_CloseRxTx_ISR) refers to stm32f1xx_hal_spi.o(.text.HAL_SPI_ErrorCallback) for HAL_SPI_ErrorCallback
    stm32f1xx_hal_spi.o(.text.SPI_CloseRxTx_ISR) refers to stm32f1xx_hal_spi.o(.text.HAL_SPI_RxCpltCallback) for HAL_SPI_RxCpltCallback
    stm32f1xx_hal_spi.o(.text.SPI_CloseRxTx_ISR) refers to stm32f1xx_hal_spi.o(.text.HAL_SPI_TxRxCpltCallback) for HAL_SPI_TxRxCpltCallback
    stm32f1xx_hal_spi.o(.text.SPI_CloseRxTx_ISR) refers to system_stm32f1xx.o(.data.SystemCoreClock) for SystemCoreClock
    stm32f1xx_hal_spi.o(.ARM.exidx.text.SPI_CloseRxTx_ISR) refers to stm32f1xx_hal_spi.o(.text.SPI_CloseRxTx_ISR) for [Anonymous Symbol]
    stm32f1xx_hal_spi.o(.text.SPI_CloseRx_ISR) refers to stm32f1xx_hal.o(.text.HAL_GetTick) for HAL_GetTick
    stm32f1xx_hal_spi.o(.text.SPI_CloseRx_ISR) refers to stm32f1xx_hal_spi.o(.text.SPI_EndRxTransaction) for SPI_EndRxTransaction
    stm32f1xx_hal_spi.o(.text.SPI_CloseRx_ISR) refers to stm32f1xx_hal_spi.o(.text.HAL_SPI_ErrorCallback) for HAL_SPI_ErrorCallback
    stm32f1xx_hal_spi.o(.text.SPI_CloseRx_ISR) refers to stm32f1xx_hal_spi.o(.text.HAL_SPI_RxCpltCallback) for HAL_SPI_RxCpltCallback
    stm32f1xx_hal_spi.o(.ARM.exidx.text.SPI_CloseRx_ISR) refers to stm32f1xx_hal_spi.o(.text.SPI_CloseRx_ISR) for [Anonymous Symbol]
    stm32f1xx_hal_spi.o(.text.SPI_CloseTx_ISR) refers to stm32f1xx_hal.o(.text.HAL_GetTick) for HAL_GetTick
    stm32f1xx_hal_spi.o(.text.SPI_CloseTx_ISR) refers to stm32f1xx_hal_spi.o(.text.SPI_EndRxTxTransaction) for SPI_EndRxTxTransaction
    stm32f1xx_hal_spi.o(.text.SPI_CloseTx_ISR) refers to stm32f1xx_hal_spi.o(.text.HAL_SPI_ErrorCallback) for HAL_SPI_ErrorCallback
    stm32f1xx_hal_spi.o(.text.SPI_CloseTx_ISR) refers to stm32f1xx_hal_spi.o(.text.HAL_SPI_TxCpltCallback) for HAL_SPI_TxCpltCallback
    stm32f1xx_hal_spi.o(.text.SPI_CloseTx_ISR) refers to system_stm32f1xx.o(.data.SystemCoreClock) for SystemCoreClock
    stm32f1xx_hal_spi.o(.ARM.exidx.text.SPI_CloseTx_ISR) refers to stm32f1xx_hal_spi.o(.text.SPI_CloseTx_ISR) for [Anonymous Symbol]
    stm32f1xx_hal_spi.o(.text.SPI_WaitFlagStateUntilTimeout) refers to stm32f1xx_hal.o(.text.HAL_GetTick) for HAL_GetTick
    stm32f1xx_hal_spi.o(.text.SPI_WaitFlagStateUntilTimeout) refers to system_stm32f1xx.o(.data.SystemCoreClock) for SystemCoreClock
    stm32f1xx_hal_spi.o(.ARM.exidx.text.SPI_WaitFlagStateUntilTimeout) refers to stm32f1xx_hal_spi.o(.text.SPI_WaitFlagStateUntilTimeout) for [Anonymous Symbol]
    stm32f1xx_hal_tim.o(.text.HAL_TIM_Base_Init) refers to stm32f1xx_hal_msp.o(.text.HAL_TIM_Base_MspInit) for HAL_TIM_Base_MspInit
    stm32f1xx_hal_tim.o(.text.HAL_TIM_Base_Init) refers to stm32f1xx_hal_tim.o(.text.TIM_Base_SetConfig) for TIM_Base_SetConfig
    stm32f1xx_hal_tim.o(.ARM.exidx.text.HAL_TIM_Base_Init) refers to stm32f1xx_hal_tim.o(.text.HAL_TIM_Base_Init) for [Anonymous Symbol]
    stm32f1xx_hal_tim.o(.ARM.exidx.text.HAL_TIM_Base_MspInit) refers to stm32f1xx_hal_tim.o(.text.HAL_TIM_Base_MspInit) for [Anonymous Symbol]
    stm32f1xx_hal_tim.o(.ARM.exidx.text.TIM_Base_SetConfig) refers to stm32f1xx_hal_tim.o(.text.TIM_Base_SetConfig) for [Anonymous Symbol]
    stm32f1xx_hal_tim.o(.text.HAL_TIM_Base_DeInit) refers to stm32f1xx_hal_msp.o(.text.HAL_TIM_Base_MspDeInit) for HAL_TIM_Base_MspDeInit
    stm32f1xx_hal_tim.o(.ARM.exidx.text.HAL_TIM_Base_DeInit) refers to stm32f1xx_hal_tim.o(.text.HAL_TIM_Base_DeInit) for [Anonymous Symbol]
    stm32f1xx_hal_tim.o(.ARM.exidx.text.HAL_TIM_Base_MspDeInit) refers to stm32f1xx_hal_tim.o(.text.HAL_TIM_Base_MspDeInit) for [Anonymous Symbol]
    stm32f1xx_hal_tim.o(.ARM.exidx.text.HAL_TIM_Base_Start) refers to stm32f1xx_hal_tim.o(.text.HAL_TIM_Base_Start) for [Anonymous Symbol]
    stm32f1xx_hal_tim.o(.ARM.exidx.text.HAL_TIM_Base_Stop) refers to stm32f1xx_hal_tim.o(.text.HAL_TIM_Base_Stop) for [Anonymous Symbol]
    stm32f1xx_hal_tim.o(.ARM.exidx.text.HAL_TIM_Base_Start_IT) refers to stm32f1xx_hal_tim.o(.text.HAL_TIM_Base_Start_IT) for [Anonymous Symbol]
    stm32f1xx_hal_tim.o(.ARM.exidx.text.HAL_TIM_Base_Stop_IT) refers to stm32f1xx_hal_tim.o(.text.HAL_TIM_Base_Stop_IT) for [Anonymous Symbol]
    stm32f1xx_hal_tim.o(.text.HAL_TIM_Base_Start_DMA) refers to stm32f1xx_hal_dma.o(.text.HAL_DMA_Start_IT) for HAL_DMA_Start_IT
    stm32f1xx_hal_tim.o(.text.HAL_TIM_Base_Start_DMA) refers to stm32f1xx_hal_tim.o(.text.TIM_DMAPeriodElapsedCplt) for TIM_DMAPeriodElapsedCplt
    stm32f1xx_hal_tim.o(.text.HAL_TIM_Base_Start_DMA) refers to stm32f1xx_hal_tim.o(.text.TIM_DMAPeriodElapsedHalfCplt) for TIM_DMAPeriodElapsedHalfCplt
    stm32f1xx_hal_tim.o(.text.HAL_TIM_Base_Start_DMA) refers to stm32f1xx_hal_tim.o(.text.TIM_DMAError) for TIM_DMAError
    stm32f1xx_hal_tim.o(.ARM.exidx.text.HAL_TIM_Base_Start_DMA) refers to stm32f1xx_hal_tim.o(.text.HAL_TIM_Base_Start_DMA) for [Anonymous Symbol]
    stm32f1xx_hal_tim.o(.text.TIM_DMAPeriodElapsedCplt) refers to stm32f1xx_hal_tim.o(.text.HAL_TIM_PeriodElapsedCallback) for HAL_TIM_PeriodElapsedCallback
    stm32f1xx_hal_tim.o(.ARM.exidx.text.TIM_DMAPeriodElapsedCplt) refers to stm32f1xx_hal_tim.o(.text.TIM_DMAPeriodElapsedCplt) for [Anonymous Symbol]
    stm32f1xx_hal_tim.o(.text.TIM_DMAPeriodElapsedHalfCplt) refers to stm32f1xx_hal_tim.o(.text.HAL_TIM_PeriodElapsedHalfCpltCallback) for HAL_TIM_PeriodElapsedHalfCpltCallback
    stm32f1xx_hal_tim.o(.ARM.exidx.text.TIM_DMAPeriodElapsedHalfCplt) refers to stm32f1xx_hal_tim.o(.text.TIM_DMAPeriodElapsedHalfCplt) for [Anonymous Symbol]
    stm32f1xx_hal_tim.o(.text.TIM_DMAError) refers to stm32f1xx_hal_tim.o(.text.HAL_TIM_ErrorCallback) for HAL_TIM_ErrorCallback
    stm32f1xx_hal_tim.o(.ARM.exidx.text.TIM_DMAError) refers to stm32f1xx_hal_tim.o(.text.TIM_DMAError) for [Anonymous Symbol]
    stm32f1xx_hal_tim.o(.text.HAL_TIM_Base_Stop_DMA) refers to stm32f1xx_hal_dma.o(.text.HAL_DMA_Abort_IT) for HAL_DMA_Abort_IT
    stm32f1xx_hal_tim.o(.ARM.exidx.text.HAL_TIM_Base_Stop_DMA) refers to stm32f1xx_hal_tim.o(.text.HAL_TIM_Base_Stop_DMA) for [Anonymous Symbol]
    stm32f1xx_hal_tim.o(.text.HAL_TIM_OC_Init) refers to stm32f1xx_hal_tim.o(.text.HAL_TIM_OC_MspInit) for HAL_TIM_OC_MspInit
    stm32f1xx_hal_tim.o(.text.HAL_TIM_OC_Init) refers to stm32f1xx_hal_tim.o(.text.TIM_Base_SetConfig) for TIM_Base_SetConfig
    stm32f1xx_hal_tim.o(.ARM.exidx.text.HAL_TIM_OC_Init) refers to stm32f1xx_hal_tim.o(.text.HAL_TIM_OC_Init) for [Anonymous Symbol]
    stm32f1xx_hal_tim.o(.ARM.exidx.text.HAL_TIM_OC_MspInit) refers to stm32f1xx_hal_tim.o(.text.HAL_TIM_OC_MspInit) for [Anonymous Symbol]
    stm32f1xx_hal_tim.o(.text.HAL_TIM_OC_DeInit) refers to stm32f1xx_hal_tim.o(.text.HAL_TIM_OC_MspDeInit) for HAL_TIM_OC_MspDeInit
    stm32f1xx_hal_tim.o(.ARM.exidx.text.HAL_TIM_OC_DeInit) refers to stm32f1xx_hal_tim.o(.text.HAL_TIM_OC_DeInit) for [Anonymous Symbol]
    stm32f1xx_hal_tim.o(.ARM.exidx.text.HAL_TIM_OC_MspDeInit) refers to stm32f1xx_hal_tim.o(.text.HAL_TIM_OC_MspDeInit) for [Anonymous Symbol]
    stm32f1xx_hal_tim.o(.text.HAL_TIM_OC_Start) refers to stm32f1xx_hal_tim.o(.text.TIM_CCxChannelCmd) for TIM_CCxChannelCmd
    stm32f1xx_hal_tim.o(.ARM.exidx.text.HAL_TIM_OC_Start) refers to stm32f1xx_hal_tim.o(.text.HAL_TIM_OC_Start) for [Anonymous Symbol]
    stm32f1xx_hal_tim.o(.ARM.exidx.text.TIM_CCxChannelCmd) refers to stm32f1xx_hal_tim.o(.text.TIM_CCxChannelCmd) for [Anonymous Symbol]
    stm32f1xx_hal_tim.o(.text.HAL_TIM_OC_Stop) refers to stm32f1xx_hal_tim.o(.text.TIM_CCxChannelCmd) for TIM_CCxChannelCmd
    stm32f1xx_hal_tim.o(.ARM.exidx.text.HAL_TIM_OC_Stop) refers to stm32f1xx_hal_tim.o(.text.HAL_TIM_OC_Stop) for [Anonymous Symbol]
    stm32f1xx_hal_tim.o(.text.HAL_TIM_OC_Start_IT) refers to stm32f1xx_hal_tim.o(.text.TIM_CCxChannelCmd) for TIM_CCxChannelCmd
    stm32f1xx_hal_tim.o(.text.HAL_TIM_OC_Start_IT) refers to stm32f1xx_hal_tim.o(.rodata.cst16) for .Lswitch.table.HAL_TIM_IC_Start_IT
    stm32f1xx_hal_tim.o(.ARM.exidx.text.HAL_TIM_OC_Start_IT) refers to stm32f1xx_hal_tim.o(.text.HAL_TIM_OC_Start_IT) for [Anonymous Symbol]
    stm32f1xx_hal_tim.o(.text.HAL_TIM_OC_Stop_IT) refers to stm32f1xx_hal_tim.o(.text.TIM_CCxChannelCmd) for TIM_CCxChannelCmd
    stm32f1xx_hal_tim.o(.text.HAL_TIM_OC_Stop_IT) refers to stm32f1xx_hal_tim.o(.rodata.cst16) for .Lswitch.table.HAL_TIM_IC_Stop_IT
    stm32f1xx_hal_tim.o(.ARM.exidx.text.HAL_TIM_OC_Stop_IT) refers to stm32f1xx_hal_tim.o(.text.HAL_TIM_OC_Stop_IT) for [Anonymous Symbol]
    stm32f1xx_hal_tim.o(.text.HAL_TIM_OC_Start_DMA) refers to stm32f1xx_hal_dma.o(.text.HAL_DMA_Start_IT) for HAL_DMA_Start_IT
    stm32f1xx_hal_tim.o(.text.HAL_TIM_OC_Start_DMA) refers to stm32f1xx_hal_tim.o(.text.TIM_CCxChannelCmd) for TIM_CCxChannelCmd
    stm32f1xx_hal_tim.o(.text.HAL_TIM_OC_Start_DMA) refers to stm32f1xx_hal_tim.o(.text.TIM_DMADelayPulseCplt) for TIM_DMADelayPulseCplt
    stm32f1xx_hal_tim.o(.text.HAL_TIM_OC_Start_DMA) refers to stm32f1xx_hal_tim.o(.text.TIM_DMADelayPulseHalfCplt) for TIM_DMADelayPulseHalfCplt
    stm32f1xx_hal_tim.o(.text.HAL_TIM_OC_Start_DMA) refers to stm32f1xx_hal_tim.o(.text.TIM_DMAError) for TIM_DMAError
    stm32f1xx_hal_tim.o(.ARM.exidx.text.HAL_TIM_OC_Start_DMA) refers to stm32f1xx_hal_tim.o(.text.HAL_TIM_OC_Start_DMA) for [Anonymous Symbol]
    stm32f1xx_hal_tim.o(.text.TIM_DMADelayPulseCplt) refers to stm32f1xx_hal_tim.o(.text.HAL_TIM_PWM_PulseFinishedCallback) for HAL_TIM_PWM_PulseFinishedCallback
    stm32f1xx_hal_tim.o(.ARM.exidx.text.TIM_DMADelayPulseCplt) refers to stm32f1xx_hal_tim.o(.text.TIM_DMADelayPulseCplt) for [Anonymous Symbol]
    stm32f1xx_hal_tim.o(.text.TIM_DMADelayPulseHalfCplt) refers to stm32f1xx_hal_tim.o(.text.HAL_TIM_PWM_PulseFinishedHalfCpltCallback) for HAL_TIM_PWM_PulseFinishedHalfCpltCallback
    stm32f1xx_hal_tim.o(.ARM.exidx.text.TIM_DMADelayPulseHalfCplt) refers to stm32f1xx_hal_tim.o(.text.TIM_DMADelayPulseHalfCplt) for [Anonymous Symbol]
    stm32f1xx_hal_tim.o(.text.HAL_TIM_OC_Stop_DMA) refers to stm32f1xx_hal_dma.o(.text.HAL_DMA_Abort_IT) for HAL_DMA_Abort_IT
    stm32f1xx_hal_tim.o(.text.HAL_TIM_OC_Stop_DMA) refers to stm32f1xx_hal_tim.o(.text.TIM_CCxChannelCmd) for TIM_CCxChannelCmd
    stm32f1xx_hal_tim.o(.ARM.exidx.text.HAL_TIM_OC_Stop_DMA) refers to stm32f1xx_hal_tim.o(.text.HAL_TIM_OC_Stop_DMA) for [Anonymous Symbol]
    stm32f1xx_hal_tim.o(.text.HAL_TIM_PWM_Init) refers to stm32f1xx_hal_tim.o(.text.HAL_TIM_PWM_MspInit) for HAL_TIM_PWM_MspInit
    stm32f1xx_hal_tim.o(.text.HAL_TIM_PWM_Init) refers to stm32f1xx_hal_tim.o(.text.TIM_Base_SetConfig) for TIM_Base_SetConfig
    stm32f1xx_hal_tim.o(.ARM.exidx.text.HAL_TIM_PWM_Init) refers to stm32f1xx_hal_tim.o(.text.HAL_TIM_PWM_Init) for [Anonymous Symbol]
    stm32f1xx_hal_tim.o(.ARM.exidx.text.HAL_TIM_PWM_MspInit) refers to stm32f1xx_hal_tim.o(.text.HAL_TIM_PWM_MspInit) for [Anonymous Symbol]
    stm32f1xx_hal_tim.o(.text.HAL_TIM_PWM_DeInit) refers to stm32f1xx_hal_tim.o(.text.HAL_TIM_PWM_MspDeInit) for HAL_TIM_PWM_MspDeInit
    stm32f1xx_hal_tim.o(.ARM.exidx.text.HAL_TIM_PWM_DeInit) refers to stm32f1xx_hal_tim.o(.text.HAL_TIM_PWM_DeInit) for [Anonymous Symbol]
    stm32f1xx_hal_tim.o(.ARM.exidx.text.HAL_TIM_PWM_MspDeInit) refers to stm32f1xx_hal_tim.o(.text.HAL_TIM_PWM_MspDeInit) for [Anonymous Symbol]
    stm32f1xx_hal_tim.o(.text.HAL_TIM_PWM_Start) refers to stm32f1xx_hal_tim.o(.text.TIM_CCxChannelCmd) for TIM_CCxChannelCmd
    stm32f1xx_hal_tim.o(.ARM.exidx.text.HAL_TIM_PWM_Start) refers to stm32f1xx_hal_tim.o(.text.HAL_TIM_PWM_Start) for [Anonymous Symbol]
    stm32f1xx_hal_tim.o(.text.HAL_TIM_PWM_Stop) refers to stm32f1xx_hal_tim.o(.text.TIM_CCxChannelCmd) for TIM_CCxChannelCmd
    stm32f1xx_hal_tim.o(.ARM.exidx.text.HAL_TIM_PWM_Stop) refers to stm32f1xx_hal_tim.o(.text.HAL_TIM_PWM_Stop) for [Anonymous Symbol]
    stm32f1xx_hal_tim.o(.text.HAL_TIM_PWM_Start_IT) refers to stm32f1xx_hal_tim.o(.text.TIM_CCxChannelCmd) for TIM_CCxChannelCmd
    stm32f1xx_hal_tim.o(.text.HAL_TIM_PWM_Start_IT) refers to stm32f1xx_hal_tim.o(.rodata.cst16) for .Lswitch.table.HAL_TIM_IC_Start_IT
    stm32f1xx_hal_tim.o(.ARM.exidx.text.HAL_TIM_PWM_Start_IT) refers to stm32f1xx_hal_tim.o(.text.HAL_TIM_PWM_Start_IT) for [Anonymous Symbol]
    stm32f1xx_hal_tim.o(.text.HAL_TIM_PWM_Stop_IT) refers to stm32f1xx_hal_tim.o(.text.TIM_CCxChannelCmd) for TIM_CCxChannelCmd
    stm32f1xx_hal_tim.o(.text.HAL_TIM_PWM_Stop_IT) refers to stm32f1xx_hal_tim.o(.rodata.cst16) for .Lswitch.table.HAL_TIM_IC_Stop_IT
    stm32f1xx_hal_tim.o(.ARM.exidx.text.HAL_TIM_PWM_Stop_IT) refers to stm32f1xx_hal_tim.o(.text.HAL_TIM_PWM_Stop_IT) for [Anonymous Symbol]
    stm32f1xx_hal_tim.o(.text.HAL_TIM_PWM_Start_DMA) refers to stm32f1xx_hal_dma.o(.text.HAL_DMA_Start_IT) for HAL_DMA_Start_IT
    stm32f1xx_hal_tim.o(.text.HAL_TIM_PWM_Start_DMA) refers to stm32f1xx_hal_tim.o(.text.TIM_CCxChannelCmd) for TIM_CCxChannelCmd
    stm32f1xx_hal_tim.o(.text.HAL_TIM_PWM_Start_DMA) refers to stm32f1xx_hal_tim.o(.text.TIM_DMADelayPulseCplt) for TIM_DMADelayPulseCplt
    stm32f1xx_hal_tim.o(.text.HAL_TIM_PWM_Start_DMA) refers to stm32f1xx_hal_tim.o(.text.TIM_DMADelayPulseHalfCplt) for TIM_DMADelayPulseHalfCplt
    stm32f1xx_hal_tim.o(.text.HAL_TIM_PWM_Start_DMA) refers to stm32f1xx_hal_tim.o(.text.TIM_DMAError) for TIM_DMAError
    stm32f1xx_hal_tim.o(.ARM.exidx.text.HAL_TIM_PWM_Start_DMA) refers to stm32f1xx_hal_tim.o(.text.HAL_TIM_PWM_Start_DMA) for [Anonymous Symbol]
    stm32f1xx_hal_tim.o(.text.HAL_TIM_PWM_Stop_DMA) refers to stm32f1xx_hal_dma.o(.text.HAL_DMA_Abort_IT) for HAL_DMA_Abort_IT
    stm32f1xx_hal_tim.o(.text.HAL_TIM_PWM_Stop_DMA) refers to stm32f1xx_hal_tim.o(.text.TIM_CCxChannelCmd) for TIM_CCxChannelCmd
    stm32f1xx_hal_tim.o(.ARM.exidx.text.HAL_TIM_PWM_Stop_DMA) refers to stm32f1xx_hal_tim.o(.text.HAL_TIM_PWM_Stop_DMA) for [Anonymous Symbol]
    stm32f1xx_hal_tim.o(.text.HAL_TIM_IC_Init) refers to stm32f1xx_hal_tim.o(.text.HAL_TIM_IC_MspInit) for HAL_TIM_IC_MspInit
    stm32f1xx_hal_tim.o(.text.HAL_TIM_IC_Init) refers to stm32f1xx_hal_tim.o(.text.TIM_Base_SetConfig) for TIM_Base_SetConfig
    stm32f1xx_hal_tim.o(.ARM.exidx.text.HAL_TIM_IC_Init) refers to stm32f1xx_hal_tim.o(.text.HAL_TIM_IC_Init) for [Anonymous Symbol]
    stm32f1xx_hal_tim.o(.ARM.exidx.text.HAL_TIM_IC_MspInit) refers to stm32f1xx_hal_tim.o(.text.HAL_TIM_IC_MspInit) for [Anonymous Symbol]
    stm32f1xx_hal_tim.o(.text.HAL_TIM_IC_DeInit) refers to stm32f1xx_hal_tim.o(.text.HAL_TIM_IC_MspDeInit) for HAL_TIM_IC_MspDeInit
    stm32f1xx_hal_tim.o(.ARM.exidx.text.HAL_TIM_IC_DeInit) refers to stm32f1xx_hal_tim.o(.text.HAL_TIM_IC_DeInit) for [Anonymous Symbol]
    stm32f1xx_hal_tim.o(.ARM.exidx.text.HAL_TIM_IC_MspDeInit) refers to stm32f1xx_hal_tim.o(.text.HAL_TIM_IC_MspDeInit) for [Anonymous Symbol]
    stm32f1xx_hal_tim.o(.text.HAL_TIM_IC_Start) refers to stm32f1xx_hal_tim.o(.text.TIM_CCxChannelCmd) for TIM_CCxChannelCmd
    stm32f1xx_hal_tim.o(.ARM.exidx.text.HAL_TIM_IC_Start) refers to stm32f1xx_hal_tim.o(.text.HAL_TIM_IC_Start) for [Anonymous Symbol]
    stm32f1xx_hal_tim.o(.text.HAL_TIM_IC_Stop) refers to stm32f1xx_hal_tim.o(.text.TIM_CCxChannelCmd) for TIM_CCxChannelCmd
    stm32f1xx_hal_tim.o(.ARM.exidx.text.HAL_TIM_IC_Stop) refers to stm32f1xx_hal_tim.o(.text.HAL_TIM_IC_Stop) for [Anonymous Symbol]
    stm32f1xx_hal_tim.o(.text.HAL_TIM_IC_Start_IT) refers to stm32f1xx_hal_tim.o(.text.TIM_CCxChannelCmd) for TIM_CCxChannelCmd
    stm32f1xx_hal_tim.o(.text.HAL_TIM_IC_Start_IT) refers to stm32f1xx_hal_tim.o(.rodata.cst16) for .Lswitch.table.HAL_TIM_IC_Start_IT
    stm32f1xx_hal_tim.o(.ARM.exidx.text.HAL_TIM_IC_Start_IT) refers to stm32f1xx_hal_tim.o(.text.HAL_TIM_IC_Start_IT) for [Anonymous Symbol]
    stm32f1xx_hal_tim.o(.text.HAL_TIM_IC_Stop_IT) refers to stm32f1xx_hal_tim.o(.text.TIM_CCxChannelCmd) for TIM_CCxChannelCmd
    stm32f1xx_hal_tim.o(.text.HAL_TIM_IC_Stop_IT) refers to stm32f1xx_hal_tim.o(.rodata.cst16) for .Lswitch.table.HAL_TIM_IC_Stop_IT
    stm32f1xx_hal_tim.o(.ARM.exidx.text.HAL_TIM_IC_Stop_IT) refers to stm32f1xx_hal_tim.o(.text.HAL_TIM_IC_Stop_IT) for [Anonymous Symbol]
    stm32f1xx_hal_tim.o(.text.HAL_TIM_IC_Start_DMA) refers to stm32f1xx_hal_tim.o(.text.TIM_CCxChannelCmd) for TIM_CCxChannelCmd
    stm32f1xx_hal_tim.o(.text.HAL_TIM_IC_Start_DMA) refers to stm32f1xx_hal_dma.o(.text.HAL_DMA_Start_IT) for HAL_DMA_Start_IT
    stm32f1xx_hal_tim.o(.text.HAL_TIM_IC_Start_DMA) refers to stm32f1xx_hal_tim.o(.text.TIM_DMACaptureCplt) for TIM_DMACaptureCplt
    stm32f1xx_hal_tim.o(.text.HAL_TIM_IC_Start_DMA) refers to stm32f1xx_hal_tim.o(.text.TIM_DMACaptureHalfCplt) for TIM_DMACaptureHalfCplt
    stm32f1xx_hal_tim.o(.text.HAL_TIM_IC_Start_DMA) refers to stm32f1xx_hal_tim.o(.text.TIM_DMAError) for TIM_DMAError
    stm32f1xx_hal_tim.o(.ARM.exidx.text.HAL_TIM_IC_Start_DMA) refers to stm32f1xx_hal_tim.o(.text.HAL_TIM_IC_Start_DMA) for [Anonymous Symbol]
    stm32f1xx_hal_tim.o(.text.TIM_DMACaptureCplt) refers to stm32f1xx_hal_tim.o(.text.HAL_TIM_IC_CaptureCallback) for HAL_TIM_IC_CaptureCallback
    stm32f1xx_hal_tim.o(.ARM.exidx.text.TIM_DMACaptureCplt) refers to stm32f1xx_hal_tim.o(.text.TIM_DMACaptureCplt) for [Anonymous Symbol]
    stm32f1xx_hal_tim.o(.text.TIM_DMACaptureHalfCplt) refers to stm32f1xx_hal_tim.o(.text.HAL_TIM_IC_CaptureHalfCpltCallback) for HAL_TIM_IC_CaptureHalfCpltCallback
    stm32f1xx_hal_tim.o(.ARM.exidx.text.TIM_DMACaptureHalfCplt) refers to stm32f1xx_hal_tim.o(.text.TIM_DMACaptureHalfCplt) for [Anonymous Symbol]
    stm32f1xx_hal_tim.o(.text.HAL_TIM_IC_Stop_DMA) refers to stm32f1xx_hal_tim.o(.text.TIM_CCxChannelCmd) for TIM_CCxChannelCmd
    stm32f1xx_hal_tim.o(.text.HAL_TIM_IC_Stop_DMA) refers to stm32f1xx_hal_dma.o(.text.HAL_DMA_Abort_IT) for HAL_DMA_Abort_IT
    stm32f1xx_hal_tim.o(.ARM.exidx.text.HAL_TIM_IC_Stop_DMA) refers to stm32f1xx_hal_tim.o(.text.HAL_TIM_IC_Stop_DMA) for [Anonymous Symbol]
    stm32f1xx_hal_tim.o(.text.HAL_TIM_OnePulse_Init) refers to stm32f1xx_hal_tim.o(.text.HAL_TIM_OnePulse_MspInit) for HAL_TIM_OnePulse_MspInit
    stm32f1xx_hal_tim.o(.text.HAL_TIM_OnePulse_Init) refers to stm32f1xx_hal_tim.o(.text.TIM_Base_SetConfig) for TIM_Base_SetConfig
    stm32f1xx_hal_tim.o(.ARM.exidx.text.HAL_TIM_OnePulse_Init) refers to stm32f1xx_hal_tim.o(.text.HAL_TIM_OnePulse_Init) for [Anonymous Symbol]
    stm32f1xx_hal_tim.o(.ARM.exidx.text.HAL_TIM_OnePulse_MspInit) refers to stm32f1xx_hal_tim.o(.text.HAL_TIM_OnePulse_MspInit) for [Anonymous Symbol]
    stm32f1xx_hal_tim.o(.text.HAL_TIM_OnePulse_DeInit) refers to stm32f1xx_hal_tim.o(.text.HAL_TIM_OnePulse_MspDeInit) for HAL_TIM_OnePulse_MspDeInit
    stm32f1xx_hal_tim.o(.ARM.exidx.text.HAL_TIM_OnePulse_DeInit) refers to stm32f1xx_hal_tim.o(.text.HAL_TIM_OnePulse_DeInit) for [Anonymous Symbol]
    stm32f1xx_hal_tim.o(.ARM.exidx.text.HAL_TIM_OnePulse_MspDeInit) refers to stm32f1xx_hal_tim.o(.text.HAL_TIM_OnePulse_MspDeInit) for [Anonymous Symbol]
    stm32f1xx_hal_tim.o(.text.HAL_TIM_OnePulse_Start) refers to stm32f1xx_hal_tim.o(.text.TIM_CCxChannelCmd) for TIM_CCxChannelCmd
    stm32f1xx_hal_tim.o(.ARM.exidx.text.HAL_TIM_OnePulse_Start) refers to stm32f1xx_hal_tim.o(.text.HAL_TIM_OnePulse_Start) for [Anonymous Symbol]
    stm32f1xx_hal_tim.o(.text.HAL_TIM_OnePulse_Stop) refers to stm32f1xx_hal_tim.o(.text.TIM_CCxChannelCmd) for TIM_CCxChannelCmd
    stm32f1xx_hal_tim.o(.ARM.exidx.text.HAL_TIM_OnePulse_Stop) refers to stm32f1xx_hal_tim.o(.text.HAL_TIM_OnePulse_Stop) for [Anonymous Symbol]
    stm32f1xx_hal_tim.o(.text.HAL_TIM_OnePulse_Start_IT) refers to stm32f1xx_hal_tim.o(.text.TIM_CCxChannelCmd) for TIM_CCxChannelCmd
    stm32f1xx_hal_tim.o(.ARM.exidx.text.HAL_TIM_OnePulse_Start_IT) refers to stm32f1xx_hal_tim.o(.text.HAL_TIM_OnePulse_Start_IT) for [Anonymous Symbol]
    stm32f1xx_hal_tim.o(.text.HAL_TIM_OnePulse_Stop_IT) refers to stm32f1xx_hal_tim.o(.text.TIM_CCxChannelCmd) for TIM_CCxChannelCmd
    stm32f1xx_hal_tim.o(.ARM.exidx.text.HAL_TIM_OnePulse_Stop_IT) refers to stm32f1xx_hal_tim.o(.text.HAL_TIM_OnePulse_Stop_IT) for [Anonymous Symbol]
    stm32f1xx_hal_tim.o(.text.HAL_TIM_Encoder_Init) refers to stm32f1xx_hal_tim.o(.text.HAL_TIM_Encoder_MspInit) for HAL_TIM_Encoder_MspInit
    stm32f1xx_hal_tim.o(.text.HAL_TIM_Encoder_Init) refers to stm32f1xx_hal_tim.o(.text.TIM_Base_SetConfig) for TIM_Base_SetConfig
    stm32f1xx_hal_tim.o(.ARM.exidx.text.HAL_TIM_Encoder_Init) refers to stm32f1xx_hal_tim.o(.text.HAL_TIM_Encoder_Init) for [Anonymous Symbol]
    stm32f1xx_hal_tim.o(.ARM.exidx.text.HAL_TIM_Encoder_MspInit) refers to stm32f1xx_hal_tim.o(.text.HAL_TIM_Encoder_MspInit) for [Anonymous Symbol]
    stm32f1xx_hal_tim.o(.text.HAL_TIM_Encoder_DeInit) refers to stm32f1xx_hal_tim.o(.text.HAL_TIM_Encoder_MspDeInit) for HAL_TIM_Encoder_MspDeInit
    stm32f1xx_hal_tim.o(.ARM.exidx.text.HAL_TIM_Encoder_DeInit) refers to stm32f1xx_hal_tim.o(.text.HAL_TIM_Encoder_DeInit) for [Anonymous Symbol]
    stm32f1xx_hal_tim.o(.ARM.exidx.text.HAL_TIM_Encoder_MspDeInit) refers to stm32f1xx_hal_tim.o(.text.HAL_TIM_Encoder_MspDeInit) for [Anonymous Symbol]
    stm32f1xx_hal_tim.o(.text.HAL_TIM_Encoder_Start) refers to stm32f1xx_hal_tim.o(.text.TIM_CCxChannelCmd) for TIM_CCxChannelCmd
    stm32f1xx_hal_tim.o(.ARM.exidx.text.HAL_TIM_Encoder_Start) refers to stm32f1xx_hal_tim.o(.text.HAL_TIM_Encoder_Start) for [Anonymous Symbol]
    stm32f1xx_hal_tim.o(.text.HAL_TIM_Encoder_Stop) refers to stm32f1xx_hal_tim.o(.text.TIM_CCxChannelCmd) for TIM_CCxChannelCmd
    stm32f1xx_hal_tim.o(.ARM.exidx.text.HAL_TIM_Encoder_Stop) refers to stm32f1xx_hal_tim.o(.text.HAL_TIM_Encoder_Stop) for [Anonymous Symbol]
    stm32f1xx_hal_tim.o(.text.HAL_TIM_Encoder_Start_IT) refers to stm32f1xx_hal_tim.o(.text.TIM_CCxChannelCmd) for TIM_CCxChannelCmd
    stm32f1xx_hal_tim.o(.ARM.exidx.text.HAL_TIM_Encoder_Start_IT) refers to stm32f1xx_hal_tim.o(.text.HAL_TIM_Encoder_Start_IT) for [Anonymous Symbol]
    stm32f1xx_hal_tim.o(.text.HAL_TIM_Encoder_Stop_IT) refers to stm32f1xx_hal_tim.o(.text.TIM_CCxChannelCmd) for TIM_CCxChannelCmd
    stm32f1xx_hal_tim.o(.ARM.exidx.text.HAL_TIM_Encoder_Stop_IT) refers to stm32f1xx_hal_tim.o(.text.HAL_TIM_Encoder_Stop_IT) for [Anonymous Symbol]
    stm32f1xx_hal_tim.o(.text.HAL_TIM_Encoder_Start_DMA) refers to stm32f1xx_hal_dma.o(.text.HAL_DMA_Start_IT) for HAL_DMA_Start_IT
    stm32f1xx_hal_tim.o(.text.HAL_TIM_Encoder_Start_DMA) refers to stm32f1xx_hal_tim.o(.text.TIM_CCxChannelCmd) for TIM_CCxChannelCmd
    stm32f1xx_hal_tim.o(.text.HAL_TIM_Encoder_Start_DMA) refers to stm32f1xx_hal_tim.o(.text.TIM_DMACaptureCplt) for TIM_DMACaptureCplt
    stm32f1xx_hal_tim.o(.text.HAL_TIM_Encoder_Start_DMA) refers to stm32f1xx_hal_tim.o(.text.TIM_DMACaptureHalfCplt) for TIM_DMACaptureHalfCplt
    stm32f1xx_hal_tim.o(.text.HAL_TIM_Encoder_Start_DMA) refers to stm32f1xx_hal_tim.o(.text.TIM_DMAError) for TIM_DMAError
    stm32f1xx_hal_tim.o(.ARM.exidx.text.HAL_TIM_Encoder_Start_DMA) refers to stm32f1xx_hal_tim.o(.text.HAL_TIM_Encoder_Start_DMA) for [Anonymous Symbol]
    stm32f1xx_hal_tim.o(.text.HAL_TIM_Encoder_Stop_DMA) refers to stm32f1xx_hal_tim.o(.text.TIM_CCxChannelCmd) for TIM_CCxChannelCmd
    stm32f1xx_hal_tim.o(.text.HAL_TIM_Encoder_Stop_DMA) refers to stm32f1xx_hal_dma.o(.text.HAL_DMA_Abort_IT) for HAL_DMA_Abort_IT
    stm32f1xx_hal_tim.o(.ARM.exidx.text.HAL_TIM_Encoder_Stop_DMA) refers to stm32f1xx_hal_tim.o(.text.HAL_TIM_Encoder_Stop_DMA) for [Anonymous Symbol]
    stm32f1xx_hal_tim.o(.text.HAL_TIM_IRQHandler) refers to stm32f1xx_hal_tim.o(.text.HAL_TIM_IC_CaptureCallback) for HAL_TIM_IC_CaptureCallback
    stm32f1xx_hal_tim.o(.text.HAL_TIM_IRQHandler) refers to stm32f1xx_hal_tim.o(.text.HAL_TIM_OC_DelayElapsedCallback) for HAL_TIM_OC_DelayElapsedCallback
    stm32f1xx_hal_tim.o(.text.HAL_TIM_IRQHandler) refers to stm32f1xx_hal_tim.o(.text.HAL_TIM_PWM_PulseFinishedCallback) for HAL_TIM_PWM_PulseFinishedCallback
    stm32f1xx_hal_tim.o(.text.HAL_TIM_IRQHandler) refers to stm32f1xx_hal_tim.o(.text.HAL_TIM_PeriodElapsedCallback) for HAL_TIM_PeriodElapsedCallback
    stm32f1xx_hal_tim.o(.text.HAL_TIM_IRQHandler) refers to stm32f1xx_hal_tim_ex.o(.text.HAL_TIMEx_BreakCallback) for HAL_TIMEx_BreakCallback
    stm32f1xx_hal_tim.o(.text.HAL_TIM_IRQHandler) refers to stm32f1xx_hal_tim.o(.text.HAL_TIM_TriggerCallback) for HAL_TIM_TriggerCallback
    stm32f1xx_hal_tim.o(.text.HAL_TIM_IRQHandler) refers to stm32f1xx_hal_tim_ex.o(.text.HAL_TIMEx_CommutCallback) for HAL_TIMEx_CommutCallback
    stm32f1xx_hal_tim.o(.ARM.exidx.text.HAL_TIM_IRQHandler) refers to stm32f1xx_hal_tim.o(.text.HAL_TIM_IRQHandler) for [Anonymous Symbol]
    stm32f1xx_hal_tim.o(.ARM.exidx.text.HAL_TIM_IC_CaptureCallback) refers to stm32f1xx_hal_tim.o(.text.HAL_TIM_IC_CaptureCallback) for [Anonymous Symbol]
    stm32f1xx_hal_tim.o(.ARM.exidx.text.HAL_TIM_OC_DelayElapsedCallback) refers to stm32f1xx_hal_tim.o(.text.HAL_TIM_OC_DelayElapsedCallback) for [Anonymous Symbol]
    stm32f1xx_hal_tim.o(.ARM.exidx.text.HAL_TIM_PWM_PulseFinishedCallback) refers to stm32f1xx_hal_tim.o(.text.HAL_TIM_PWM_PulseFinishedCallback) for [Anonymous Symbol]
    stm32f1xx_hal_tim.o(.ARM.exidx.text.HAL_TIM_PeriodElapsedCallback) refers to stm32f1xx_hal_tim.o(.text.HAL_TIM_PeriodElapsedCallback) for [Anonymous Symbol]
    stm32f1xx_hal_tim.o(.ARM.exidx.text.HAL_TIM_TriggerCallback) refers to stm32f1xx_hal_tim.o(.text.HAL_TIM_TriggerCallback) for [Anonymous Symbol]
    stm32f1xx_hal_tim.o(.text.HAL_TIM_OC_ConfigChannel) refers to stm32f1xx_hal_tim.o(.text.TIM_OC1_SetConfig) for TIM_OC1_SetConfig
    stm32f1xx_hal_tim.o(.text.HAL_TIM_OC_ConfigChannel) refers to stm32f1xx_hal_tim.o(.text.TIM_OC2_SetConfig) for TIM_OC2_SetConfig
    stm32f1xx_hal_tim.o(.text.HAL_TIM_OC_ConfigChannel) refers to stm32f1xx_hal_tim.o(.text.TIM_OC3_SetConfig) for TIM_OC3_SetConfig
    stm32f1xx_hal_tim.o(.text.HAL_TIM_OC_ConfigChannel) refers to stm32f1xx_hal_tim.o(.text.TIM_OC4_SetConfig) for TIM_OC4_SetConfig
    stm32f1xx_hal_tim.o(.ARM.exidx.text.HAL_TIM_OC_ConfigChannel) refers to stm32f1xx_hal_tim.o(.text.HAL_TIM_OC_ConfigChannel) for [Anonymous Symbol]
    stm32f1xx_hal_tim.o(.ARM.exidx.text.TIM_OC1_SetConfig) refers to stm32f1xx_hal_tim.o(.text.TIM_OC1_SetConfig) for [Anonymous Symbol]
    stm32f1xx_hal_tim.o(.ARM.exidx.text.TIM_OC2_SetConfig) refers to stm32f1xx_hal_tim.o(.text.TIM_OC2_SetConfig) for [Anonymous Symbol]
    stm32f1xx_hal_tim.o(.ARM.exidx.text.TIM_OC3_SetConfig) refers to stm32f1xx_hal_tim.o(.text.TIM_OC3_SetConfig) for [Anonymous Symbol]
    stm32f1xx_hal_tim.o(.ARM.exidx.text.TIM_OC4_SetConfig) refers to stm32f1xx_hal_tim.o(.text.TIM_OC4_SetConfig) for [Anonymous Symbol]
    stm32f1xx_hal_tim.o(.text.HAL_TIM_IC_ConfigChannel) refers to stm32f1xx_hal_tim.o(.text.TIM_TI1_SetConfig) for TIM_TI1_SetConfig
    stm32f1xx_hal_tim.o(.text.HAL_TIM_IC_ConfigChannel) refers to stm32f1xx_hal_tim.o(.text.TIM_TI2_SetConfig) for TIM_TI2_SetConfig
    stm32f1xx_hal_tim.o(.ARM.exidx.text.HAL_TIM_IC_ConfigChannel) refers to stm32f1xx_hal_tim.o(.text.HAL_TIM_IC_ConfigChannel) for [Anonymous Symbol]
    stm32f1xx_hal_tim.o(.ARM.exidx.text.TIM_TI1_SetConfig) refers to stm32f1xx_hal_tim.o(.text.TIM_TI1_SetConfig) for [Anonymous Symbol]
    stm32f1xx_hal_tim.o(.ARM.exidx.text.TIM_TI2_SetConfig) refers to stm32f1xx_hal_tim.o(.text.TIM_TI2_SetConfig) for [Anonymous Symbol]
    stm32f1xx_hal_tim.o(.text.HAL_TIM_PWM_ConfigChannel) refers to stm32f1xx_hal_tim.o(.text.TIM_OC1_SetConfig) for TIM_OC1_SetConfig
    stm32f1xx_hal_tim.o(.text.HAL_TIM_PWM_ConfigChannel) refers to stm32f1xx_hal_tim.o(.text.TIM_OC2_SetConfig) for TIM_OC2_SetConfig
    stm32f1xx_hal_tim.o(.text.HAL_TIM_PWM_ConfigChannel) refers to stm32f1xx_hal_tim.o(.text.TIM_OC3_SetConfig) for TIM_OC3_SetConfig
    stm32f1xx_hal_tim.o(.text.HAL_TIM_PWM_ConfigChannel) refers to stm32f1xx_hal_tim.o(.text.TIM_OC4_SetConfig) for TIM_OC4_SetConfig
    stm32f1xx_hal_tim.o(.ARM.exidx.text.HAL_TIM_PWM_ConfigChannel) refers to stm32f1xx_hal_tim.o(.text.HAL_TIM_PWM_ConfigChannel) for [Anonymous Symbol]
    stm32f1xx_hal_tim.o(.text.HAL_TIM_OnePulse_ConfigChannel) refers to stm32f1xx_hal_tim.o(.text.TIM_OC1_SetConfig) for TIM_OC1_SetConfig
    stm32f1xx_hal_tim.o(.text.HAL_TIM_OnePulse_ConfigChannel) refers to stm32f1xx_hal_tim.o(.text.TIM_OC2_SetConfig) for TIM_OC2_SetConfig
    stm32f1xx_hal_tim.o(.text.HAL_TIM_OnePulse_ConfigChannel) refers to stm32f1xx_hal_tim.o(.text.TIM_TI1_SetConfig) for TIM_TI1_SetConfig
    stm32f1xx_hal_tim.o(.text.HAL_TIM_OnePulse_ConfigChannel) refers to stm32f1xx_hal_tim.o(.text.TIM_TI2_SetConfig) for TIM_TI2_SetConfig
    stm32f1xx_hal_tim.o(.ARM.exidx.text.HAL_TIM_OnePulse_ConfigChannel) refers to stm32f1xx_hal_tim.o(.text.HAL_TIM_OnePulse_ConfigChannel) for [Anonymous Symbol]
    stm32f1xx_hal_tim.o(.text.HAL_TIM_DMABurst_WriteStart) refers to stm32f1xx_hal_tim.o(.text.HAL_TIM_DMABurst_MultiWriteStart) for HAL_TIM_DMABurst_MultiWriteStart
    stm32f1xx_hal_tim.o(.ARM.exidx.text.HAL_TIM_DMABurst_WriteStart) refers to stm32f1xx_hal_tim.o(.text.HAL_TIM_DMABurst_WriteStart) for [Anonymous Symbol]
    stm32f1xx_hal_tim.o(.text.HAL_TIM_DMABurst_MultiWriteStart) refers to stm32f1xx_hal_dma.o(.text.HAL_DMA_Start_IT) for HAL_DMA_Start_IT
    stm32f1xx_hal_tim.o(.text.HAL_TIM_DMABurst_MultiWriteStart) refers to stm32f1xx_hal_tim.o(.text.TIM_DMATriggerCplt) for TIM_DMATriggerCplt
    stm32f1xx_hal_tim.o(.text.HAL_TIM_DMABurst_MultiWriteStart) refers to stm32f1xx_hal_tim.o(.text.TIM_DMATriggerHalfCplt) for TIM_DMATriggerHalfCplt
    stm32f1xx_hal_tim.o(.text.HAL_TIM_DMABurst_MultiWriteStart) refers to stm32f1xx_hal_tim.o(.text.TIM_DMAError) for TIM_DMAError
    stm32f1xx_hal_tim.o(.text.HAL_TIM_DMABurst_MultiWriteStart) refers to stm32f1xx_hal_tim_ex.o(.text.TIMEx_DMACommutationCplt) for TIMEx_DMACommutationCplt
    stm32f1xx_hal_tim.o(.text.HAL_TIM_DMABurst_MultiWriteStart) refers to stm32f1xx_hal_tim_ex.o(.text.TIMEx_DMACommutationHalfCplt) for TIMEx_DMACommutationHalfCplt
    stm32f1xx_hal_tim.o(.text.HAL_TIM_DMABurst_MultiWriteStart) refers to stm32f1xx_hal_tim.o(.text.TIM_DMADelayPulseCplt) for TIM_DMADelayPulseCplt
    stm32f1xx_hal_tim.o(.text.HAL_TIM_DMABurst_MultiWriteStart) refers to stm32f1xx_hal_tim.o(.text.TIM_DMADelayPulseHalfCplt) for TIM_DMADelayPulseHalfCplt
    stm32f1xx_hal_tim.o(.text.HAL_TIM_DMABurst_MultiWriteStart) refers to stm32f1xx_hal_tim.o(.text.TIM_DMAPeriodElapsedCplt) for TIM_DMAPeriodElapsedCplt
    stm32f1xx_hal_tim.o(.text.HAL_TIM_DMABurst_MultiWriteStart) refers to stm32f1xx_hal_tim.o(.text.TIM_DMAPeriodElapsedHalfCplt) for TIM_DMAPeriodElapsedHalfCplt
    stm32f1xx_hal_tim.o(.ARM.exidx.text.HAL_TIM_DMABurst_MultiWriteStart) refers to stm32f1xx_hal_tim.o(.text.HAL_TIM_DMABurst_MultiWriteStart) for [Anonymous Symbol]
    stm32f1xx_hal_tim.o(.text.TIM_DMATriggerCplt) refers to stm32f1xx_hal_tim.o(.text.HAL_TIM_TriggerCallback) for HAL_TIM_TriggerCallback
    stm32f1xx_hal_tim.o(.ARM.exidx.text.TIM_DMATriggerCplt) refers to stm32f1xx_hal_tim.o(.text.TIM_DMATriggerCplt) for [Anonymous Symbol]
    stm32f1xx_hal_tim.o(.text.TIM_DMATriggerHalfCplt) refers to stm32f1xx_hal_tim.o(.text.HAL_TIM_TriggerHalfCpltCallback) for HAL_TIM_TriggerHalfCpltCallback
    stm32f1xx_hal_tim.o(.ARM.exidx.text.TIM_DMATriggerHalfCplt) refers to stm32f1xx_hal_tim.o(.text.TIM_DMATriggerHalfCplt) for [Anonymous Symbol]
    stm32f1xx_hal_tim.o(.text.HAL_TIM_DMABurst_WriteStop) refers to stm32f1xx_hal_dma.o(.text.HAL_DMA_Abort_IT) for HAL_DMA_Abort_IT
    stm32f1xx_hal_tim.o(.ARM.exidx.text.HAL_TIM_DMABurst_WriteStop) refers to stm32f1xx_hal_tim.o(.text.HAL_TIM_DMABurst_WriteStop) for [Anonymous Symbol]
    stm32f1xx_hal_tim.o(.text.HAL_TIM_DMABurst_ReadStart) refers to stm32f1xx_hal_tim.o(.text.HAL_TIM_DMABurst_MultiReadStart) for HAL_TIM_DMABurst_MultiReadStart
    stm32f1xx_hal_tim.o(.ARM.exidx.text.HAL_TIM_DMABurst_ReadStart) refers to stm32f1xx_hal_tim.o(.text.HAL_TIM_DMABurst_ReadStart) for [Anonymous Symbol]
    stm32f1xx_hal_tim.o(.text.HAL_TIM_DMABurst_MultiReadStart) refers to stm32f1xx_hal_dma.o(.text.HAL_DMA_Start_IT) for HAL_DMA_Start_IT
    stm32f1xx_hal_tim.o(.text.HAL_TIM_DMABurst_MultiReadStart) refers to stm32f1xx_hal_tim.o(.text.TIM_DMATriggerCplt) for TIM_DMATriggerCplt
    stm32f1xx_hal_tim.o(.text.HAL_TIM_DMABurst_MultiReadStart) refers to stm32f1xx_hal_tim.o(.text.TIM_DMATriggerHalfCplt) for TIM_DMATriggerHalfCplt
    stm32f1xx_hal_tim.o(.text.HAL_TIM_DMABurst_MultiReadStart) refers to stm32f1xx_hal_tim.o(.text.TIM_DMAError) for TIM_DMAError
    stm32f1xx_hal_tim.o(.text.HAL_TIM_DMABurst_MultiReadStart) refers to stm32f1xx_hal_tim_ex.o(.text.TIMEx_DMACommutationCplt) for TIMEx_DMACommutationCplt
    stm32f1xx_hal_tim.o(.text.HAL_TIM_DMABurst_MultiReadStart) refers to stm32f1xx_hal_tim_ex.o(.text.TIMEx_DMACommutationHalfCplt) for TIMEx_DMACommutationHalfCplt
    stm32f1xx_hal_tim.o(.text.HAL_TIM_DMABurst_MultiReadStart) refers to stm32f1xx_hal_tim.o(.text.TIM_DMACaptureCplt) for TIM_DMACaptureCplt
    stm32f1xx_hal_tim.o(.text.HAL_TIM_DMABurst_MultiReadStart) refers to stm32f1xx_hal_tim.o(.text.TIM_DMACaptureHalfCplt) for TIM_DMACaptureHalfCplt
    stm32f1xx_hal_tim.o(.text.HAL_TIM_DMABurst_MultiReadStart) refers to stm32f1xx_hal_tim.o(.text.TIM_DMAPeriodElapsedCplt) for TIM_DMAPeriodElapsedCplt
    stm32f1xx_hal_tim.o(.text.HAL_TIM_DMABurst_MultiReadStart) refers to stm32f1xx_hal_tim.o(.text.TIM_DMAPeriodElapsedHalfCplt) for TIM_DMAPeriodElapsedHalfCplt
    stm32f1xx_hal_tim.o(.ARM.exidx.text.HAL_TIM_DMABurst_MultiReadStart) refers to stm32f1xx_hal_tim.o(.text.HAL_TIM_DMABurst_MultiReadStart) for [Anonymous Symbol]
    stm32f1xx_hal_tim.o(.text.HAL_TIM_DMABurst_ReadStop) refers to stm32f1xx_hal_dma.o(.text.HAL_DMA_Abort_IT) for HAL_DMA_Abort_IT
    stm32f1xx_hal_tim.o(.ARM.exidx.text.HAL_TIM_DMABurst_ReadStop) refers to stm32f1xx_hal_tim.o(.text.HAL_TIM_DMABurst_ReadStop) for [Anonymous Symbol]
    stm32f1xx_hal_tim.o(.ARM.exidx.text.HAL_TIM_GenerateEvent) refers to stm32f1xx_hal_tim.o(.text.HAL_TIM_GenerateEvent) for [Anonymous Symbol]
    stm32f1xx_hal_tim.o(.ARM.exidx.text.HAL_TIM_ConfigOCrefClear) refers to stm32f1xx_hal_tim.o(.text.HAL_TIM_ConfigOCrefClear) for [Anonymous Symbol]
    stm32f1xx_hal_tim.o(.ARM.exidx.text.TIM_ETR_SetConfig) refers to stm32f1xx_hal_tim.o(.text.TIM_ETR_SetConfig) for [Anonymous Symbol]
    stm32f1xx_hal_tim.o(.text.HAL_TIM_ConfigClockSource) refers to stm32f1xx_hal_tim.o(.text.TIM_TI1_ConfigInputStage) for TIM_TI1_ConfigInputStage
    stm32f1xx_hal_tim.o(.text.HAL_TIM_ConfigClockSource) refers to stm32f1xx_hal_tim.o(.text.TIM_TI2_ConfigInputStage) for TIM_TI2_ConfigInputStage
    stm32f1xx_hal_tim.o(.ARM.exidx.text.HAL_TIM_ConfigClockSource) refers to stm32f1xx_hal_tim.o(.text.HAL_TIM_ConfigClockSource) for [Anonymous Symbol]
    stm32f1xx_hal_tim.o(.ARM.exidx.text.TIM_TI1_ConfigInputStage) refers to stm32f1xx_hal_tim.o(.text.TIM_TI1_ConfigInputStage) for [Anonymous Symbol]
    stm32f1xx_hal_tim.o(.ARM.exidx.text.TIM_TI2_ConfigInputStage) refers to stm32f1xx_hal_tim.o(.text.TIM_TI2_ConfigInputStage) for [Anonymous Symbol]
    stm32f1xx_hal_tim.o(.ARM.exidx.text.HAL_TIM_ConfigTI1Input) refers to stm32f1xx_hal_tim.o(.text.HAL_TIM_ConfigTI1Input) for [Anonymous Symbol]
    stm32f1xx_hal_tim.o(.text.HAL_TIM_SlaveConfigSynchro) refers to stm32f1xx_hal_tim.o(.text.TIM_SlaveTimer_SetConfig) for TIM_SlaveTimer_SetConfig
    stm32f1xx_hal_tim.o(.ARM.exidx.text.HAL_TIM_SlaveConfigSynchro) refers to stm32f1xx_hal_tim.o(.text.HAL_TIM_SlaveConfigSynchro) for [Anonymous Symbol]
    stm32f1xx_hal_tim.o(.text.TIM_SlaveTimer_SetConfig) refers to stm32f1xx_hal_tim.o(.text.TIM_TI1_ConfigInputStage) for TIM_TI1_ConfigInputStage
    stm32f1xx_hal_tim.o(.text.TIM_SlaveTimer_SetConfig) refers to stm32f1xx_hal_tim.o(.text.TIM_TI2_ConfigInputStage) for TIM_TI2_ConfigInputStage
    stm32f1xx_hal_tim.o(.ARM.exidx.text.TIM_SlaveTimer_SetConfig) refers to stm32f1xx_hal_tim.o(.text.TIM_SlaveTimer_SetConfig) for [Anonymous Symbol]
    stm32f1xx_hal_tim.o(.text.HAL_TIM_SlaveConfigSynchro_IT) refers to stm32f1xx_hal_tim.o(.text.TIM_SlaveTimer_SetConfig) for TIM_SlaveTimer_SetConfig
    stm32f1xx_hal_tim.o(.ARM.exidx.text.HAL_TIM_SlaveConfigSynchro_IT) refers to stm32f1xx_hal_tim.o(.text.HAL_TIM_SlaveConfigSynchro_IT) for [Anonymous Symbol]
    stm32f1xx_hal_tim.o(.ARM.exidx.text.HAL_TIM_ReadCapturedValue) refers to stm32f1xx_hal_tim.o(.text.HAL_TIM_ReadCapturedValue) for [Anonymous Symbol]
    stm32f1xx_hal_tim.o(.ARM.exidx.text.HAL_TIM_PeriodElapsedHalfCpltCallback) refers to stm32f1xx_hal_tim.o(.text.HAL_TIM_PeriodElapsedHalfCpltCallback) for [Anonymous Symbol]
    stm32f1xx_hal_tim.o(.ARM.exidx.text.HAL_TIM_IC_CaptureHalfCpltCallback) refers to stm32f1xx_hal_tim.o(.text.HAL_TIM_IC_CaptureHalfCpltCallback) for [Anonymous Symbol]
    stm32f1xx_hal_tim.o(.ARM.exidx.text.HAL_TIM_PWM_PulseFinishedHalfCpltCallback) refers to stm32f1xx_hal_tim.o(.text.HAL_TIM_PWM_PulseFinishedHalfCpltCallback) for [Anonymous Symbol]
    stm32f1xx_hal_tim.o(.ARM.exidx.text.HAL_TIM_TriggerHalfCpltCallback) refers to stm32f1xx_hal_tim.o(.text.HAL_TIM_TriggerHalfCpltCallback) for [Anonymous Symbol]
    stm32f1xx_hal_tim.o(.ARM.exidx.text.HAL_TIM_ErrorCallback) refers to stm32f1xx_hal_tim.o(.text.HAL_TIM_ErrorCallback) for [Anonymous Symbol]
    stm32f1xx_hal_tim.o(.ARM.exidx.text.HAL_TIM_Base_GetState) refers to stm32f1xx_hal_tim.o(.text.HAL_TIM_Base_GetState) for [Anonymous Symbol]
    stm32f1xx_hal_tim.o(.ARM.exidx.text.HAL_TIM_OC_GetState) refers to stm32f1xx_hal_tim.o(.text.HAL_TIM_OC_GetState) for [Anonymous Symbol]
    stm32f1xx_hal_tim.o(.ARM.exidx.text.HAL_TIM_PWM_GetState) refers to stm32f1xx_hal_tim.o(.text.HAL_TIM_PWM_GetState) for [Anonymous Symbol]
    stm32f1xx_hal_tim.o(.ARM.exidx.text.HAL_TIM_IC_GetState) refers to stm32f1xx_hal_tim.o(.text.HAL_TIM_IC_GetState) for [Anonymous Symbol]
    stm32f1xx_hal_tim.o(.ARM.exidx.text.HAL_TIM_OnePulse_GetState) refers to stm32f1xx_hal_tim.o(.text.HAL_TIM_OnePulse_GetState) for [Anonymous Symbol]
    stm32f1xx_hal_tim.o(.ARM.exidx.text.HAL_TIM_Encoder_GetState) refers to stm32f1xx_hal_tim.o(.text.HAL_TIM_Encoder_GetState) for [Anonymous Symbol]
    stm32f1xx_hal_tim.o(.ARM.exidx.text.HAL_TIM_GetActiveChannel) refers to stm32f1xx_hal_tim.o(.text.HAL_TIM_GetActiveChannel) for [Anonymous Symbol]
    stm32f1xx_hal_tim.o(.ARM.exidx.text.HAL_TIM_GetChannelState) refers to stm32f1xx_hal_tim.o(.text.HAL_TIM_GetChannelState) for [Anonymous Symbol]
    stm32f1xx_hal_tim.o(.ARM.exidx.text.HAL_TIM_DMABurstState) refers to stm32f1xx_hal_tim.o(.text.HAL_TIM_DMABurstState) for [Anonymous Symbol]
    stm32f1xx_hal_tim_ex.o(.text.HAL_TIMEx_HallSensor_Init) refers to stm32f1xx_hal_tim_ex.o(.text.HAL_TIMEx_HallSensor_MspInit) for HAL_TIMEx_HallSensor_MspInit
    stm32f1xx_hal_tim_ex.o(.text.HAL_TIMEx_HallSensor_Init) refers to stm32f1xx_hal_tim.o(.text.TIM_Base_SetConfig) for TIM_Base_SetConfig
    stm32f1xx_hal_tim_ex.o(.text.HAL_TIMEx_HallSensor_Init) refers to stm32f1xx_hal_tim.o(.text.TIM_TI1_SetConfig) for TIM_TI1_SetConfig
    stm32f1xx_hal_tim_ex.o(.text.HAL_TIMEx_HallSensor_Init) refers to stm32f1xx_hal_tim.o(.text.TIM_OC2_SetConfig) for TIM_OC2_SetConfig
    stm32f1xx_hal_tim_ex.o(.ARM.exidx.text.HAL_TIMEx_HallSensor_Init) refers to stm32f1xx_hal_tim_ex.o(.text.HAL_TIMEx_HallSensor_Init) for [Anonymous Symbol]
    stm32f1xx_hal_tim_ex.o(.ARM.exidx.text.HAL_TIMEx_HallSensor_MspInit) refers to stm32f1xx_hal_tim_ex.o(.text.HAL_TIMEx_HallSensor_MspInit) for [Anonymous Symbol]
    stm32f1xx_hal_tim_ex.o(.text.HAL_TIMEx_HallSensor_DeInit) refers to stm32f1xx_hal_tim_ex.o(.text.HAL_TIMEx_HallSensor_MspDeInit) for HAL_TIMEx_HallSensor_MspDeInit
    stm32f1xx_hal_tim_ex.o(.ARM.exidx.text.HAL_TIMEx_HallSensor_DeInit) refers to stm32f1xx_hal_tim_ex.o(.text.HAL_TIMEx_HallSensor_DeInit) for [Anonymous Symbol]
    stm32f1xx_hal_tim_ex.o(.ARM.exidx.text.HAL_TIMEx_HallSensor_MspDeInit) refers to stm32f1xx_hal_tim_ex.o(.text.HAL_TIMEx_HallSensor_MspDeInit) for [Anonymous Symbol]
    stm32f1xx_hal_tim_ex.o(.text.HAL_TIMEx_HallSensor_Start) refers to stm32f1xx_hal_tim.o(.text.TIM_CCxChannelCmd) for TIM_CCxChannelCmd
    stm32f1xx_hal_tim_ex.o(.ARM.exidx.text.HAL_TIMEx_HallSensor_Start) refers to stm32f1xx_hal_tim_ex.o(.text.HAL_TIMEx_HallSensor_Start) for [Anonymous Symbol]
    stm32f1xx_hal_tim_ex.o(.text.HAL_TIMEx_HallSensor_Stop) refers to stm32f1xx_hal_tim.o(.text.TIM_CCxChannelCmd) for TIM_CCxChannelCmd
    stm32f1xx_hal_tim_ex.o(.ARM.exidx.text.HAL_TIMEx_HallSensor_Stop) refers to stm32f1xx_hal_tim_ex.o(.text.HAL_TIMEx_HallSensor_Stop) for [Anonymous Symbol]
    stm32f1xx_hal_tim_ex.o(.text.HAL_TIMEx_HallSensor_Start_IT) refers to stm32f1xx_hal_tim.o(.text.TIM_CCxChannelCmd) for TIM_CCxChannelCmd
    stm32f1xx_hal_tim_ex.o(.ARM.exidx.text.HAL_TIMEx_HallSensor_Start_IT) refers to stm32f1xx_hal_tim_ex.o(.text.HAL_TIMEx_HallSensor_Start_IT) for [Anonymous Symbol]
    stm32f1xx_hal_tim_ex.o(.text.HAL_TIMEx_HallSensor_Stop_IT) refers to stm32f1xx_hal_tim.o(.text.TIM_CCxChannelCmd) for TIM_CCxChannelCmd
    stm32f1xx_hal_tim_ex.o(.ARM.exidx.text.HAL_TIMEx_HallSensor_Stop_IT) refers to stm32f1xx_hal_tim_ex.o(.text.HAL_TIMEx_HallSensor_Stop_IT) for [Anonymous Symbol]
    stm32f1xx_hal_tim_ex.o(.text.HAL_TIMEx_HallSensor_Start_DMA) refers to stm32f1xx_hal_tim.o(.text.TIM_CCxChannelCmd) for TIM_CCxChannelCmd
    stm32f1xx_hal_tim_ex.o(.text.HAL_TIMEx_HallSensor_Start_DMA) refers to stm32f1xx_hal_dma.o(.text.HAL_DMA_Start_IT) for HAL_DMA_Start_IT
    stm32f1xx_hal_tim_ex.o(.text.HAL_TIMEx_HallSensor_Start_DMA) refers to stm32f1xx_hal_tim.o(.text.TIM_DMACaptureCplt) for TIM_DMACaptureCplt
    stm32f1xx_hal_tim_ex.o(.text.HAL_TIMEx_HallSensor_Start_DMA) refers to stm32f1xx_hal_tim.o(.text.TIM_DMACaptureHalfCplt) for TIM_DMACaptureHalfCplt
    stm32f1xx_hal_tim_ex.o(.text.HAL_TIMEx_HallSensor_Start_DMA) refers to stm32f1xx_hal_tim.o(.text.TIM_DMAError) for TIM_DMAError
    stm32f1xx_hal_tim_ex.o(.ARM.exidx.text.HAL_TIMEx_HallSensor_Start_DMA) refers to stm32f1xx_hal_tim_ex.o(.text.HAL_TIMEx_HallSensor_Start_DMA) for [Anonymous Symbol]
    stm32f1xx_hal_tim_ex.o(.text.HAL_TIMEx_HallSensor_Stop_DMA) refers to stm32f1xx_hal_tim.o(.text.TIM_CCxChannelCmd) for TIM_CCxChannelCmd
    stm32f1xx_hal_tim_ex.o(.text.HAL_TIMEx_HallSensor_Stop_DMA) refers to stm32f1xx_hal_dma.o(.text.HAL_DMA_Abort_IT) for HAL_DMA_Abort_IT
    stm32f1xx_hal_tim_ex.o(.ARM.exidx.text.HAL_TIMEx_HallSensor_Stop_DMA) refers to stm32f1xx_hal_tim_ex.o(.text.HAL_TIMEx_HallSensor_Stop_DMA) for [Anonymous Symbol]
    stm32f1xx_hal_tim_ex.o(.text.HAL_TIMEx_OCN_Start) refers to stm32f1xx_hal_tim_ex.o(.text.TIM_CCxNChannelCmd) for TIM_CCxNChannelCmd
    stm32f1xx_hal_tim_ex.o(.ARM.exidx.text.HAL_TIMEx_OCN_Start) refers to stm32f1xx_hal_tim_ex.o(.text.HAL_TIMEx_OCN_Start) for [Anonymous Symbol]
    stm32f1xx_hal_tim_ex.o(.ARM.exidx.text.TIM_CCxNChannelCmd) refers to stm32f1xx_hal_tim_ex.o(.text.TIM_CCxNChannelCmd) for [Anonymous Symbol]
    stm32f1xx_hal_tim_ex.o(.text.HAL_TIMEx_OCN_Stop) refers to stm32f1xx_hal_tim_ex.o(.text.TIM_CCxNChannelCmd) for TIM_CCxNChannelCmd
    stm32f1xx_hal_tim_ex.o(.ARM.exidx.text.HAL_TIMEx_OCN_Stop) refers to stm32f1xx_hal_tim_ex.o(.text.HAL_TIMEx_OCN_Stop) for [Anonymous Symbol]
    stm32f1xx_hal_tim_ex.o(.text.HAL_TIMEx_OCN_Start_IT) refers to stm32f1xx_hal_tim_ex.o(.text.TIM_CCxNChannelCmd) for TIM_CCxNChannelCmd
    stm32f1xx_hal_tim_ex.o(.ARM.exidx.text.HAL_TIMEx_OCN_Start_IT) refers to stm32f1xx_hal_tim_ex.o(.text.HAL_TIMEx_OCN_Start_IT) for [Anonymous Symbol]
    stm32f1xx_hal_tim_ex.o(.text.HAL_TIMEx_OCN_Stop_IT) refers to stm32f1xx_hal_tim_ex.o(.text.TIM_CCxNChannelCmd) for TIM_CCxNChannelCmd
    stm32f1xx_hal_tim_ex.o(.ARM.exidx.text.HAL_TIMEx_OCN_Stop_IT) refers to stm32f1xx_hal_tim_ex.o(.text.HAL_TIMEx_OCN_Stop_IT) for [Anonymous Symbol]
    stm32f1xx_hal_tim_ex.o(.text.HAL_TIMEx_OCN_Start_DMA) refers to stm32f1xx_hal_dma.o(.text.HAL_DMA_Start_IT) for HAL_DMA_Start_IT
    stm32f1xx_hal_tim_ex.o(.text.HAL_TIMEx_OCN_Start_DMA) refers to stm32f1xx_hal_tim_ex.o(.text.TIM_CCxNChannelCmd) for TIM_CCxNChannelCmd
    stm32f1xx_hal_tim_ex.o(.text.HAL_TIMEx_OCN_Start_DMA) refers to stm32f1xx_hal_tim_ex.o(.text.TIM_DMADelayPulseNCplt) for TIM_DMADelayPulseNCplt
    stm32f1xx_hal_tim_ex.o(.text.HAL_TIMEx_OCN_Start_DMA) refers to stm32f1xx_hal_tim.o(.text.TIM_DMADelayPulseHalfCplt) for TIM_DMADelayPulseHalfCplt
    stm32f1xx_hal_tim_ex.o(.text.HAL_TIMEx_OCN_Start_DMA) refers to stm32f1xx_hal_tim_ex.o(.text.TIM_DMAErrorCCxN) for TIM_DMAErrorCCxN
    stm32f1xx_hal_tim_ex.o(.ARM.exidx.text.HAL_TIMEx_OCN_Start_DMA) refers to stm32f1xx_hal_tim_ex.o(.text.HAL_TIMEx_OCN_Start_DMA) for [Anonymous Symbol]
    stm32f1xx_hal_tim_ex.o(.text.TIM_DMADelayPulseNCplt) refers to stm32f1xx_hal_tim.o(.text.HAL_TIM_PWM_PulseFinishedCallback) for HAL_TIM_PWM_PulseFinishedCallback
    stm32f1xx_hal_tim_ex.o(.ARM.exidx.text.TIM_DMADelayPulseNCplt) refers to stm32f1xx_hal_tim_ex.o(.text.TIM_DMADelayPulseNCplt) for [Anonymous Symbol]
    stm32f1xx_hal_tim_ex.o(.text.TIM_DMAErrorCCxN) refers to stm32f1xx_hal_tim.o(.text.HAL_TIM_ErrorCallback) for HAL_TIM_ErrorCallback
    stm32f1xx_hal_tim_ex.o(.ARM.exidx.text.TIM_DMAErrorCCxN) refers to stm32f1xx_hal_tim_ex.o(.text.TIM_DMAErrorCCxN) for [Anonymous Symbol]
    stm32f1xx_hal_tim_ex.o(.text.HAL_TIMEx_OCN_Stop_DMA) refers to stm32f1xx_hal_dma.o(.text.HAL_DMA_Abort_IT) for HAL_DMA_Abort_IT
    stm32f1xx_hal_tim_ex.o(.text.HAL_TIMEx_OCN_Stop_DMA) refers to stm32f1xx_hal_tim_ex.o(.text.TIM_CCxNChannelCmd) for TIM_CCxNChannelCmd
    stm32f1xx_hal_tim_ex.o(.ARM.exidx.text.HAL_TIMEx_OCN_Stop_DMA) refers to stm32f1xx_hal_tim_ex.o(.text.HAL_TIMEx_OCN_Stop_DMA) for [Anonymous Symbol]
    stm32f1xx_hal_tim_ex.o(.text.HAL_TIMEx_PWMN_Start) refers to stm32f1xx_hal_tim_ex.o(.text.TIM_CCxNChannelCmd) for TIM_CCxNChannelCmd
    stm32f1xx_hal_tim_ex.o(.ARM.exidx.text.HAL_TIMEx_PWMN_Start) refers to stm32f1xx_hal_tim_ex.o(.text.HAL_TIMEx_PWMN_Start) for [Anonymous Symbol]
    stm32f1xx_hal_tim_ex.o(.text.HAL_TIMEx_PWMN_Stop) refers to stm32f1xx_hal_tim_ex.o(.text.TIM_CCxNChannelCmd) for TIM_CCxNChannelCmd
    stm32f1xx_hal_tim_ex.o(.ARM.exidx.text.HAL_TIMEx_PWMN_Stop) refers to stm32f1xx_hal_tim_ex.o(.text.HAL_TIMEx_PWMN_Stop) for [Anonymous Symbol]
    stm32f1xx_hal_tim_ex.o(.text.HAL_TIMEx_PWMN_Start_IT) refers to stm32f1xx_hal_tim_ex.o(.text.TIM_CCxNChannelCmd) for TIM_CCxNChannelCmd
    stm32f1xx_hal_tim_ex.o(.ARM.exidx.text.HAL_TIMEx_PWMN_Start_IT) refers to stm32f1xx_hal_tim_ex.o(.text.HAL_TIMEx_PWMN_Start_IT) for [Anonymous Symbol]
    stm32f1xx_hal_tim_ex.o(.text.HAL_TIMEx_PWMN_Stop_IT) refers to stm32f1xx_hal_tim_ex.o(.text.TIM_CCxNChannelCmd) for TIM_CCxNChannelCmd
    stm32f1xx_hal_tim_ex.o(.ARM.exidx.text.HAL_TIMEx_PWMN_Stop_IT) refers to stm32f1xx_hal_tim_ex.o(.text.HAL_TIMEx_PWMN_Stop_IT) for [Anonymous Symbol]
    stm32f1xx_hal_tim_ex.o(.text.HAL_TIMEx_PWMN_Start_DMA) refers to stm32f1xx_hal_dma.o(.text.HAL_DMA_Start_IT) for HAL_DMA_Start_IT
    stm32f1xx_hal_tim_ex.o(.text.HAL_TIMEx_PWMN_Start_DMA) refers to stm32f1xx_hal_tim_ex.o(.text.TIM_CCxNChannelCmd) for TIM_CCxNChannelCmd
    stm32f1xx_hal_tim_ex.o(.text.HAL_TIMEx_PWMN_Start_DMA) refers to stm32f1xx_hal_tim_ex.o(.text.TIM_DMADelayPulseNCplt) for TIM_DMADelayPulseNCplt
    stm32f1xx_hal_tim_ex.o(.text.HAL_TIMEx_PWMN_Start_DMA) refers to stm32f1xx_hal_tim.o(.text.TIM_DMADelayPulseHalfCplt) for TIM_DMADelayPulseHalfCplt
    stm32f1xx_hal_tim_ex.o(.text.HAL_TIMEx_PWMN_Start_DMA) refers to stm32f1xx_hal_tim_ex.o(.text.TIM_DMAErrorCCxN) for TIM_DMAErrorCCxN
    stm32f1xx_hal_tim_ex.o(.ARM.exidx.text.HAL_TIMEx_PWMN_Start_DMA) refers to stm32f1xx_hal_tim_ex.o(.text.HAL_TIMEx_PWMN_Start_DMA) for [Anonymous Symbol]
    stm32f1xx_hal_tim_ex.o(.text.HAL_TIMEx_PWMN_Stop_DMA) refers to stm32f1xx_hal_dma.o(.text.HAL_DMA_Abort_IT) for HAL_DMA_Abort_IT
    stm32f1xx_hal_tim_ex.o(.text.HAL_TIMEx_PWMN_Stop_DMA) refers to stm32f1xx_hal_tim_ex.o(.text.TIM_CCxNChannelCmd) for TIM_CCxNChannelCmd
    stm32f1xx_hal_tim_ex.o(.ARM.exidx.text.HAL_TIMEx_PWMN_Stop_DMA) refers to stm32f1xx_hal_tim_ex.o(.text.HAL_TIMEx_PWMN_Stop_DMA) for [Anonymous Symbol]
    stm32f1xx_hal_tim_ex.o(.text.HAL_TIMEx_OnePulseN_Start) refers to stm32f1xx_hal_tim_ex.o(.text.TIM_CCxNChannelCmd) for TIM_CCxNChannelCmd
    stm32f1xx_hal_tim_ex.o(.text.HAL_TIMEx_OnePulseN_Start) refers to stm32f1xx_hal_tim.o(.text.TIM_CCxChannelCmd) for TIM_CCxChannelCmd
    stm32f1xx_hal_tim_ex.o(.ARM.exidx.text.HAL_TIMEx_OnePulseN_Start) refers to stm32f1xx_hal_tim_ex.o(.text.HAL_TIMEx_OnePulseN_Start) for [Anonymous Symbol]
    stm32f1xx_hal_tim_ex.o(.text.HAL_TIMEx_OnePulseN_Stop) refers to stm32f1xx_hal_tim_ex.o(.text.TIM_CCxNChannelCmd) for TIM_CCxNChannelCmd
    stm32f1xx_hal_tim_ex.o(.text.HAL_TIMEx_OnePulseN_Stop) refers to stm32f1xx_hal_tim.o(.text.TIM_CCxChannelCmd) for TIM_CCxChannelCmd
    stm32f1xx_hal_tim_ex.o(.ARM.exidx.text.HAL_TIMEx_OnePulseN_Stop) refers to stm32f1xx_hal_tim_ex.o(.text.HAL_TIMEx_OnePulseN_Stop) for [Anonymous Symbol]
    stm32f1xx_hal_tim_ex.o(.text.HAL_TIMEx_OnePulseN_Start_IT) refers to stm32f1xx_hal_tim_ex.o(.text.TIM_CCxNChannelCmd) for TIM_CCxNChannelCmd
    stm32f1xx_hal_tim_ex.o(.text.HAL_TIMEx_OnePulseN_Start_IT) refers to stm32f1xx_hal_tim.o(.text.TIM_CCxChannelCmd) for TIM_CCxChannelCmd
    stm32f1xx_hal_tim_ex.o(.ARM.exidx.text.HAL_TIMEx_OnePulseN_Start_IT) refers to stm32f1xx_hal_tim_ex.o(.text.HAL_TIMEx_OnePulseN_Start_IT) for [Anonymous Symbol]
    stm32f1xx_hal_tim_ex.o(.text.HAL_TIMEx_OnePulseN_Stop_IT) refers to stm32f1xx_hal_tim_ex.o(.text.TIM_CCxNChannelCmd) for TIM_CCxNChannelCmd
    stm32f1xx_hal_tim_ex.o(.text.HAL_TIMEx_OnePulseN_Stop_IT) refers to stm32f1xx_hal_tim.o(.text.TIM_CCxChannelCmd) for TIM_CCxChannelCmd
    stm32f1xx_hal_tim_ex.o(.ARM.exidx.text.HAL_TIMEx_OnePulseN_Stop_IT) refers to stm32f1xx_hal_tim_ex.o(.text.HAL_TIMEx_OnePulseN_Stop_IT) for [Anonymous Symbol]
    stm32f1xx_hal_tim_ex.o(.ARM.exidx.text.HAL_TIMEx_ConfigCommutEvent) refers to stm32f1xx_hal_tim_ex.o(.text.HAL_TIMEx_ConfigCommutEvent) for [Anonymous Symbol]
    stm32f1xx_hal_tim_ex.o(.ARM.exidx.text.HAL_TIMEx_ConfigCommutEvent_IT) refers to stm32f1xx_hal_tim_ex.o(.text.HAL_TIMEx_ConfigCommutEvent_IT) for [Anonymous Symbol]
    stm32f1xx_hal_tim_ex.o(.text.HAL_TIMEx_ConfigCommutEvent_DMA) refers to stm32f1xx_hal_tim_ex.o(.text.TIMEx_DMACommutationCplt) for TIMEx_DMACommutationCplt
    stm32f1xx_hal_tim_ex.o(.text.HAL_TIMEx_ConfigCommutEvent_DMA) refers to stm32f1xx_hal_tim_ex.o(.text.TIMEx_DMACommutationHalfCplt) for TIMEx_DMACommutationHalfCplt
    stm32f1xx_hal_tim_ex.o(.text.HAL_TIMEx_ConfigCommutEvent_DMA) refers to stm32f1xx_hal_tim.o(.text.TIM_DMAError) for TIM_DMAError
    stm32f1xx_hal_tim_ex.o(.ARM.exidx.text.HAL_TIMEx_ConfigCommutEvent_DMA) refers to stm32f1xx_hal_tim_ex.o(.text.HAL_TIMEx_ConfigCommutEvent_DMA) for [Anonymous Symbol]
    stm32f1xx_hal_tim_ex.o(.text.TIMEx_DMACommutationCplt) refers to stm32f1xx_hal_tim_ex.o(.text.HAL_TIMEx_CommutCallback) for HAL_TIMEx_CommutCallback
    stm32f1xx_hal_tim_ex.o(.ARM.exidx.text.TIMEx_DMACommutationCplt) refers to stm32f1xx_hal_tim_ex.o(.text.TIMEx_DMACommutationCplt) for [Anonymous Symbol]
    stm32f1xx_hal_tim_ex.o(.text.TIMEx_DMACommutationHalfCplt) refers to stm32f1xx_hal_tim_ex.o(.text.HAL_TIMEx_CommutHalfCpltCallback) for HAL_TIMEx_CommutHalfCpltCallback
    stm32f1xx_hal_tim_ex.o(.ARM.exidx.text.TIMEx_DMACommutationHalfCplt) refers to stm32f1xx_hal_tim_ex.o(.text.TIMEx_DMACommutationHalfCplt) for [Anonymous Symbol]
    stm32f1xx_hal_tim_ex.o(.ARM.exidx.text.HAL_TIMEx_MasterConfigSynchronization) refers to stm32f1xx_hal_tim_ex.o(.text.HAL_TIMEx_MasterConfigSynchronization) for [Anonymous Symbol]
    stm32f1xx_hal_tim_ex.o(.ARM.exidx.text.HAL_TIMEx_ConfigBreakDeadTime) refers to stm32f1xx_hal_tim_ex.o(.text.HAL_TIMEx_ConfigBreakDeadTime) for [Anonymous Symbol]
    stm32f1xx_hal_tim_ex.o(.ARM.exidx.text.HAL_TIMEx_RemapConfig) refers to stm32f1xx_hal_tim_ex.o(.text.HAL_TIMEx_RemapConfig) for [Anonymous Symbol]
    stm32f1xx_hal_tim_ex.o(.ARM.exidx.text.HAL_TIMEx_CommutCallback) refers to stm32f1xx_hal_tim_ex.o(.text.HAL_TIMEx_CommutCallback) for [Anonymous Symbol]
    stm32f1xx_hal_tim_ex.o(.ARM.exidx.text.HAL_TIMEx_CommutHalfCpltCallback) refers to stm32f1xx_hal_tim_ex.o(.text.HAL_TIMEx_CommutHalfCpltCallback) for [Anonymous Symbol]
    stm32f1xx_hal_tim_ex.o(.ARM.exidx.text.HAL_TIMEx_BreakCallback) refers to stm32f1xx_hal_tim_ex.o(.text.HAL_TIMEx_BreakCallback) for [Anonymous Symbol]
    stm32f1xx_hal_tim_ex.o(.ARM.exidx.text.HAL_TIMEx_HallSensor_GetState) refers to stm32f1xx_hal_tim_ex.o(.text.HAL_TIMEx_HallSensor_GetState) for [Anonymous Symbol]
    stm32f1xx_hal_tim_ex.o(.ARM.exidx.text.HAL_TIMEx_GetChannelNState) refers to stm32f1xx_hal_tim_ex.o(.text.HAL_TIMEx_GetChannelNState) for [Anonymous Symbol]
    stm32f1xx_hal_uart.o(.text.HAL_UART_Init) refers to stm32f1xx_hal_msp.o(.text.HAL_UART_MspInit) for HAL_UART_MspInit
    stm32f1xx_hal_uart.o(.text.HAL_UART_Init) refers to stm32f1xx_hal_uart.o(.text.UART_SetConfig) for UART_SetConfig
    stm32f1xx_hal_uart.o(.ARM.exidx.text.HAL_UART_Init) refers to stm32f1xx_hal_uart.o(.text.HAL_UART_Init) for [Anonymous Symbol]
    stm32f1xx_hal_uart.o(.ARM.exidx.text.HAL_UART_MspInit) refers to stm32f1xx_hal_uart.o(.text.HAL_UART_MspInit) for [Anonymous Symbol]
    stm32f1xx_hal_uart.o(.text.UART_SetConfig) refers to stm32f1xx_hal_rcc.o(.text.HAL_RCC_GetPCLK1Freq) for HAL_RCC_GetPCLK1Freq
    stm32f1xx_hal_uart.o(.text.UART_SetConfig) refers to stm32f1xx_hal_rcc.o(.text.HAL_RCC_GetPCLK2Freq) for HAL_RCC_GetPCLK2Freq
    stm32f1xx_hal_uart.o(.ARM.exidx.text.UART_SetConfig) refers to stm32f1xx_hal_uart.o(.text.UART_SetConfig) for [Anonymous Symbol]
    stm32f1xx_hal_uart.o(.text.HAL_HalfDuplex_Init) refers to stm32f1xx_hal_msp.o(.text.HAL_UART_MspInit) for HAL_UART_MspInit
    stm32f1xx_hal_uart.o(.text.HAL_HalfDuplex_Init) refers to stm32f1xx_hal_uart.o(.text.UART_SetConfig) for UART_SetConfig
    stm32f1xx_hal_uart.o(.ARM.exidx.text.HAL_HalfDuplex_Init) refers to stm32f1xx_hal_uart.o(.text.HAL_HalfDuplex_Init) for [Anonymous Symbol]
    stm32f1xx_hal_uart.o(.text.HAL_LIN_Init) refers to stm32f1xx_hal_msp.o(.text.HAL_UART_MspInit) for HAL_UART_MspInit
    stm32f1xx_hal_uart.o(.text.HAL_LIN_Init) refers to stm32f1xx_hal_uart.o(.text.UART_SetConfig) for UART_SetConfig
    stm32f1xx_hal_uart.o(.ARM.exidx.text.HAL_LIN_Init) refers to stm32f1xx_hal_uart.o(.text.HAL_LIN_Init) for [Anonymous Symbol]
    stm32f1xx_hal_uart.o(.text.HAL_MultiProcessor_Init) refers to stm32f1xx_hal_msp.o(.text.HAL_UART_MspInit) for HAL_UART_MspInit
    stm32f1xx_hal_uart.o(.text.HAL_MultiProcessor_Init) refers to stm32f1xx_hal_uart.o(.text.UART_SetConfig) for UART_SetConfig
    stm32f1xx_hal_uart.o(.ARM.exidx.text.HAL_MultiProcessor_Init) refers to stm32f1xx_hal_uart.o(.text.HAL_MultiProcessor_Init) for [Anonymous Symbol]
    stm32f1xx_hal_uart.o(.text.HAL_UART_DeInit) refers to stm32f1xx_hal_msp.o(.text.HAL_UART_MspDeInit) for HAL_UART_MspDeInit
    stm32f1xx_hal_uart.o(.ARM.exidx.text.HAL_UART_DeInit) refers to stm32f1xx_hal_uart.o(.text.HAL_UART_DeInit) for [Anonymous Symbol]
    stm32f1xx_hal_uart.o(.ARM.exidx.text.HAL_UART_MspDeInit) refers to stm32f1xx_hal_uart.o(.text.HAL_UART_MspDeInit) for [Anonymous Symbol]
    stm32f1xx_hal_uart.o(.text.HAL_UART_Transmit) refers to stm32f1xx_hal.o(.text.HAL_GetTick) for HAL_GetTick
    stm32f1xx_hal_uart.o(.text.HAL_UART_Transmit) refers to stm32f1xx_hal_uart.o(.text.UART_WaitOnFlagUntilTimeout) for UART_WaitOnFlagUntilTimeout
    stm32f1xx_hal_uart.o(.ARM.exidx.text.HAL_UART_Transmit) refers to stm32f1xx_hal_uart.o(.text.HAL_UART_Transmit) for [Anonymous Symbol]
    stm32f1xx_hal_uart.o(.text.UART_WaitOnFlagUntilTimeout) refers to stm32f1xx_hal.o(.text.HAL_GetTick) for HAL_GetTick
    stm32f1xx_hal_uart.o(.ARM.exidx.text.UART_WaitOnFlagUntilTimeout) refers to stm32f1xx_hal_uart.o(.text.UART_WaitOnFlagUntilTimeout) for [Anonymous Symbol]
    stm32f1xx_hal_uart.o(.text.HAL_UART_Receive) refers to stm32f1xx_hal.o(.text.HAL_GetTick) for HAL_GetTick
    stm32f1xx_hal_uart.o(.text.HAL_UART_Receive) refers to stm32f1xx_hal_uart.o(.text.UART_WaitOnFlagUntilTimeout) for UART_WaitOnFlagUntilTimeout
    stm32f1xx_hal_uart.o(.ARM.exidx.text.HAL_UART_Receive) refers to stm32f1xx_hal_uart.o(.text.HAL_UART_Receive) for [Anonymous Symbol]
    stm32f1xx_hal_uart.o(.ARM.exidx.text.HAL_UART_Transmit_IT) refers to stm32f1xx_hal_uart.o(.text.HAL_UART_Transmit_IT) for [Anonymous Symbol]
    stm32f1xx_hal_uart.o(.text.HAL_UART_Receive_IT) refers to stm32f1xx_hal_uart.o(.text.UART_Start_Receive_IT) for UART_Start_Receive_IT
    stm32f1xx_hal_uart.o(.ARM.exidx.text.HAL_UART_Receive_IT) refers to stm32f1xx_hal_uart.o(.text.HAL_UART_Receive_IT) for [Anonymous Symbol]
    stm32f1xx_hal_uart.o(.ARM.exidx.text.UART_Start_Receive_IT) refers to stm32f1xx_hal_uart.o(.text.UART_Start_Receive_IT) for [Anonymous Symbol]
    stm32f1xx_hal_uart.o(.text.HAL_UART_Transmit_DMA) refers to stm32f1xx_hal_dma.o(.text.HAL_DMA_Start_IT) for HAL_DMA_Start_IT
    stm32f1xx_hal_uart.o(.text.HAL_UART_Transmit_DMA) refers to stm32f1xx_hal_uart.o(.text.UART_DMATxHalfCplt) for UART_DMATxHalfCplt
    stm32f1xx_hal_uart.o(.text.HAL_UART_Transmit_DMA) refers to stm32f1xx_hal_uart.o(.text.UART_DMATransmitCplt) for UART_DMATransmitCplt
    stm32f1xx_hal_uart.o(.text.HAL_UART_Transmit_DMA) refers to stm32f1xx_hal_uart.o(.text.UART_DMAError) for UART_DMAError
    stm32f1xx_hal_uart.o(.ARM.exidx.text.HAL_UART_Transmit_DMA) refers to stm32f1xx_hal_uart.o(.text.HAL_UART_Transmit_DMA) for [Anonymous Symbol]
    stm32f1xx_hal_uart.o(.text.UART_DMATransmitCplt) refers to stm32f1xx_hal_uart.o(.text.HAL_UART_TxCpltCallback) for HAL_UART_TxCpltCallback
    stm32f1xx_hal_uart.o(.ARM.exidx.text.UART_DMATransmitCplt) refers to stm32f1xx_hal_uart.o(.text.UART_DMATransmitCplt) for [Anonymous Symbol]
    stm32f1xx_hal_uart.o(.text.UART_DMATxHalfCplt) refers to stm32f1xx_hal_uart.o(.text.HAL_UART_TxHalfCpltCallback) for HAL_UART_TxHalfCpltCallback
    stm32f1xx_hal_uart.o(.ARM.exidx.text.UART_DMATxHalfCplt) refers to stm32f1xx_hal_uart.o(.text.UART_DMATxHalfCplt) for [Anonymous Symbol]
    stm32f1xx_hal_uart.o(.text.UART_DMAError) refers to stm32f1xx_hal_uart.o(.text.UART_EndTxTransfer) for UART_EndTxTransfer
    stm32f1xx_hal_uart.o(.text.UART_DMAError) refers to stm32f1xx_hal_uart.o(.text.UART_EndRxTransfer) for UART_EndRxTransfer
    stm32f1xx_hal_uart.o(.text.UART_DMAError) refers to stm32f1xx_hal_uart.o(.text.HAL_UART_ErrorCallback) for HAL_UART_ErrorCallback
    stm32f1xx_hal_uart.o(.ARM.exidx.text.UART_DMAError) refers to stm32f1xx_hal_uart.o(.text.UART_DMAError) for [Anonymous Symbol]
    stm32f1xx_hal_uart.o(.text.HAL_UART_Receive_DMA) refers to stm32f1xx_hal_uart.o(.text.UART_Start_Receive_DMA) for UART_Start_Receive_DMA
    stm32f1xx_hal_uart.o(.ARM.exidx.text.HAL_UART_Receive_DMA) refers to stm32f1xx_hal_uart.o(.text.HAL_UART_Receive_DMA) for [Anonymous Symbol]
    stm32f1xx_hal_uart.o(.text.UART_Start_Receive_DMA) refers to stm32f1xx_hal_dma.o(.text.HAL_DMA_Start_IT) for HAL_DMA_Start_IT
    stm32f1xx_hal_uart.o(.text.UART_Start_Receive_DMA) refers to stm32f1xx_hal_uart.o(.text.UART_DMARxHalfCplt) for UART_DMARxHalfCplt
    stm32f1xx_hal_uart.o(.text.UART_Start_Receive_DMA) refers to stm32f1xx_hal_uart.o(.text.UART_DMAReceiveCplt) for UART_DMAReceiveCplt
    stm32f1xx_hal_uart.o(.text.UART_Start_Receive_DMA) refers to stm32f1xx_hal_uart.o(.text.UART_DMAError) for UART_DMAError
    stm32f1xx_hal_uart.o(.ARM.exidx.text.UART_Start_Receive_DMA) refers to stm32f1xx_hal_uart.o(.text.UART_Start_Receive_DMA) for [Anonymous Symbol]
    stm32f1xx_hal_uart.o(.ARM.exidx.text.HAL_UART_DMAPause) refers to stm32f1xx_hal_uart.o(.text.HAL_UART_DMAPause) for [Anonymous Symbol]
    stm32f1xx_hal_uart.o(.ARM.exidx.text.HAL_UART_DMAResume) refers to stm32f1xx_hal_uart.o(.text.HAL_UART_DMAResume) for [Anonymous Symbol]
    stm32f1xx_hal_uart.o(.text.HAL_UART_DMAStop) refers to stm32f1xx_hal_dma.o(.text.HAL_DMA_Abort) for HAL_DMA_Abort
    stm32f1xx_hal_uart.o(.text.HAL_UART_DMAStop) refers to stm32f1xx_hal_uart.o(.text.UART_EndTxTransfer) for UART_EndTxTransfer
    stm32f1xx_hal_uart.o(.text.HAL_UART_DMAStop) refers to stm32f1xx_hal_uart.o(.text.UART_EndRxTransfer) for UART_EndRxTransfer
    stm32f1xx_hal_uart.o(.ARM.exidx.text.HAL_UART_DMAStop) refers to stm32f1xx_hal_uart.o(.text.HAL_UART_DMAStop) for [Anonymous Symbol]
    stm32f1xx_hal_uart.o(.ARM.exidx.text.UART_EndTxTransfer) refers to stm32f1xx_hal_uart.o(.text.UART_EndTxTransfer) for [Anonymous Symbol]
    stm32f1xx_hal_uart.o(.ARM.exidx.text.UART_EndRxTransfer) refers to stm32f1xx_hal_uart.o(.text.UART_EndRxTransfer) for [Anonymous Symbol]
    stm32f1xx_hal_uart.o(.text.HAL_UARTEx_ReceiveToIdle) refers to stm32f1xx_hal.o(.text.HAL_GetTick) for HAL_GetTick
    stm32f1xx_hal_uart.o(.ARM.exidx.text.HAL_UARTEx_ReceiveToIdle) refers to stm32f1xx_hal_uart.o(.text.HAL_UARTEx_ReceiveToIdle) for [Anonymous Symbol]
    stm32f1xx_hal_uart.o(.text.HAL_UARTEx_ReceiveToIdle_IT) refers to stm32f1xx_hal_uart.o(.text.UART_Start_Receive_IT) for UART_Start_Receive_IT
    stm32f1xx_hal_uart.o(.ARM.exidx.text.HAL_UARTEx_ReceiveToIdle_IT) refers to stm32f1xx_hal_uart.o(.text.HAL_UARTEx_ReceiveToIdle_IT) for [Anonymous Symbol]
    stm32f1xx_hal_uart.o(.text.HAL_UARTEx_ReceiveToIdle_DMA) refers to stm32f1xx_hal_uart.o(.text.UART_Start_Receive_DMA) for UART_Start_Receive_DMA
    stm32f1xx_hal_uart.o(.ARM.exidx.text.HAL_UARTEx_ReceiveToIdle_DMA) refers to stm32f1xx_hal_uart.o(.text.HAL_UARTEx_ReceiveToIdle_DMA) for [Anonymous Symbol]
    stm32f1xx_hal_uart.o(.ARM.exidx.text.HAL_UARTEx_GetRxEventType) refers to stm32f1xx_hal_uart.o(.text.HAL_UARTEx_GetRxEventType) for [Anonymous Symbol]
    stm32f1xx_hal_uart.o(.text.HAL_UART_Abort) refers to stm32f1xx_hal_dma.o(.text.HAL_DMA_Abort) for HAL_DMA_Abort
    stm32f1xx_hal_uart.o(.text.HAL_UART_Abort) refers to stm32f1xx_hal_dma.o(.text.HAL_DMA_GetError) for HAL_DMA_GetError
    stm32f1xx_hal_uart.o(.ARM.exidx.text.HAL_UART_Abort) refers to stm32f1xx_hal_uart.o(.text.HAL_UART_Abort) for [Anonymous Symbol]
    stm32f1xx_hal_uart.o(.text.HAL_UART_AbortTransmit) refers to stm32f1xx_hal_dma.o(.text.HAL_DMA_Abort) for HAL_DMA_Abort
    stm32f1xx_hal_uart.o(.text.HAL_UART_AbortTransmit) refers to stm32f1xx_hal_dma.o(.text.HAL_DMA_GetError) for HAL_DMA_GetError
    stm32f1xx_hal_uart.o(.ARM.exidx.text.HAL_UART_AbortTransmit) refers to stm32f1xx_hal_uart.o(.text.HAL_UART_AbortTransmit) for [Anonymous Symbol]
    stm32f1xx_hal_uart.o(.text.HAL_UART_AbortReceive) refers to stm32f1xx_hal_dma.o(.text.HAL_DMA_Abort) for HAL_DMA_Abort
    stm32f1xx_hal_uart.o(.text.HAL_UART_AbortReceive) refers to stm32f1xx_hal_dma.o(.text.HAL_DMA_GetError) for HAL_DMA_GetError
    stm32f1xx_hal_uart.o(.ARM.exidx.text.HAL_UART_AbortReceive) refers to stm32f1xx_hal_uart.o(.text.HAL_UART_AbortReceive) for [Anonymous Symbol]
    stm32f1xx_hal_uart.o(.text.HAL_UART_Abort_IT) refers to stm32f1xx_hal_dma.o(.text.HAL_DMA_Abort_IT) for HAL_DMA_Abort_IT
    stm32f1xx_hal_uart.o(.text.HAL_UART_Abort_IT) refers to stm32f1xx_hal_uart.o(.text.HAL_UART_AbortCpltCallback) for HAL_UART_AbortCpltCallback
    stm32f1xx_hal_uart.o(.text.HAL_UART_Abort_IT) refers to stm32f1xx_hal_uart.o(.text.UART_DMATxAbortCallback) for UART_DMATxAbortCallback
    stm32f1xx_hal_uart.o(.text.HAL_UART_Abort_IT) refers to stm32f1xx_hal_uart.o(.text.UART_DMARxAbortCallback) for UART_DMARxAbortCallback
    stm32f1xx_hal_uart.o(.ARM.exidx.text.HAL_UART_Abort_IT) refers to stm32f1xx_hal_uart.o(.text.HAL_UART_Abort_IT) for [Anonymous Symbol]
    stm32f1xx_hal_uart.o(.text.UART_DMATxAbortCallback) refers to stm32f1xx_hal_uart.o(.text.HAL_UART_AbortCpltCallback) for HAL_UART_AbortCpltCallback
    stm32f1xx_hal_uart.o(.ARM.exidx.text.UART_DMATxAbortCallback) refers to stm32f1xx_hal_uart.o(.text.UART_DMATxAbortCallback) for [Anonymous Symbol]
    stm32f1xx_hal_uart.o(.text.UART_DMARxAbortCallback) refers to stm32f1xx_hal_uart.o(.text.HAL_UART_AbortCpltCallback) for HAL_UART_AbortCpltCallback
    stm32f1xx_hal_uart.o(.ARM.exidx.text.UART_DMARxAbortCallback) refers to stm32f1xx_hal_uart.o(.text.UART_DMARxAbortCallback) for [Anonymous Symbol]
    stm32f1xx_hal_uart.o(.ARM.exidx.text.HAL_UART_AbortCpltCallback) refers to stm32f1xx_hal_uart.o(.text.HAL_UART_AbortCpltCallback) for [Anonymous Symbol]
    stm32f1xx_hal_uart.o(.text.HAL_UART_AbortTransmit_IT) refers to stm32f1xx_hal_dma.o(.text.HAL_DMA_Abort_IT) for HAL_DMA_Abort_IT
    stm32f1xx_hal_uart.o(.text.HAL_UART_AbortTransmit_IT) refers to stm32f1xx_hal_uart.o(.text.HAL_UART_AbortTransmitCpltCallback) for HAL_UART_AbortTransmitCpltCallback
    stm32f1xx_hal_uart.o(.text.HAL_UART_AbortTransmit_IT) refers to stm32f1xx_hal_uart.o(.text.UART_DMATxOnlyAbortCallback) for UART_DMATxOnlyAbortCallback
    stm32f1xx_hal_uart.o(.ARM.exidx.text.HAL_UART_AbortTransmit_IT) refers to stm32f1xx_hal_uart.o(.text.HAL_UART_AbortTransmit_IT) for [Anonymous Symbol]
    stm32f1xx_hal_uart.o(.text.UART_DMATxOnlyAbortCallback) refers to stm32f1xx_hal_uart.o(.text.HAL_UART_AbortTransmitCpltCallback) for HAL_UART_AbortTransmitCpltCallback
    stm32f1xx_hal_uart.o(.ARM.exidx.text.UART_DMATxOnlyAbortCallback) refers to stm32f1xx_hal_uart.o(.text.UART_DMATxOnlyAbortCallback) for [Anonymous Symbol]
    stm32f1xx_hal_uart.o(.ARM.exidx.text.HAL_UART_AbortTransmitCpltCallback) refers to stm32f1xx_hal_uart.o(.text.HAL_UART_AbortTransmitCpltCallback) for [Anonymous Symbol]
    stm32f1xx_hal_uart.o(.text.HAL_UART_AbortReceive_IT) refers to stm32f1xx_hal_dma.o(.text.HAL_DMA_Abort_IT) for HAL_DMA_Abort_IT
    stm32f1xx_hal_uart.o(.text.HAL_UART_AbortReceive_IT) refers to stm32f1xx_hal_uart.o(.text.HAL_UART_AbortReceiveCpltCallback) for HAL_UART_AbortReceiveCpltCallback
    stm32f1xx_hal_uart.o(.text.HAL_UART_AbortReceive_IT) refers to stm32f1xx_hal_uart.o(.text.UART_DMARxOnlyAbortCallback) for UART_DMARxOnlyAbortCallback
    stm32f1xx_hal_uart.o(.ARM.exidx.text.HAL_UART_AbortReceive_IT) refers to stm32f1xx_hal_uart.o(.text.HAL_UART_AbortReceive_IT) for [Anonymous Symbol]
    stm32f1xx_hal_uart.o(.text.UART_DMARxOnlyAbortCallback) refers to stm32f1xx_hal_uart.o(.text.HAL_UART_AbortReceiveCpltCallback) for HAL_UART_AbortReceiveCpltCallback
    stm32f1xx_hal_uart.o(.ARM.exidx.text.UART_DMARxOnlyAbortCallback) refers to stm32f1xx_hal_uart.o(.text.UART_DMARxOnlyAbortCallback) for [Anonymous Symbol]
    stm32f1xx_hal_uart.o(.ARM.exidx.text.HAL_UART_AbortReceiveCpltCallback) refers to stm32f1xx_hal_uart.o(.text.HAL_UART_AbortReceiveCpltCallback) for [Anonymous Symbol]
    stm32f1xx_hal_uart.o(.text.HAL_UART_IRQHandler) refers to stm32f1xx_hal_uart.o(.text.UART_Receive_IT) for UART_Receive_IT
    stm32f1xx_hal_uart.o(.text.HAL_UART_IRQHandler) refers to stm32f1xx_hal_uart.o(.text.UART_EndRxTransfer) for UART_EndRxTransfer
    stm32f1xx_hal_uart.o(.text.HAL_UART_IRQHandler) refers to stm32f1xx_hal_dma.o(.text.HAL_DMA_Abort_IT) for HAL_DMA_Abort_IT
    stm32f1xx_hal_uart.o(.text.HAL_UART_IRQHandler) refers to stm32f1xx_hal_uart.o(.text.HAL_UART_TxCpltCallback) for HAL_UART_TxCpltCallback
    stm32f1xx_hal_uart.o(.text.HAL_UART_IRQHandler) refers to stm32f1xx_hal_dma.o(.text.HAL_DMA_Abort) for HAL_DMA_Abort
    stm32f1xx_hal_uart.o(.text.HAL_UART_IRQHandler) refers to stm32f1xx_hal_uart.o(.text.HAL_UARTEx_RxEventCallback) for HAL_UARTEx_RxEventCallback
    stm32f1xx_hal_uart.o(.text.HAL_UART_IRQHandler) refers to stm32f1xx_hal_uart.o(.text.HAL_UART_ErrorCallback) for HAL_UART_ErrorCallback
    stm32f1xx_hal_uart.o(.text.HAL_UART_IRQHandler) refers to stm32f1xx_hal_uart.o(.text.UART_DMAAbortOnError) for UART_DMAAbortOnError
    stm32f1xx_hal_uart.o(.ARM.exidx.text.HAL_UART_IRQHandler) refers to stm32f1xx_hal_uart.o(.text.HAL_UART_IRQHandler) for [Anonymous Symbol]
    stm32f1xx_hal_uart.o(.text.UART_Receive_IT) refers to as608.o(.text.HAL_UART_RxCpltCallback) for HAL_UART_RxCpltCallback
    stm32f1xx_hal_uart.o(.text.UART_Receive_IT) refers to main.o(.text.HAL_UART_RxCpltCallback) for HAL_UART_RxCpltCallback
    stm32f1xx_hal_uart.o(.text.UART_Receive_IT) refers to stm32f1xx_hal_uart.o(.text.HAL_UARTEx_RxEventCallback) for HAL_UARTEx_RxEventCallback
    stm32f1xx_hal_uart.o(.ARM.exidx.text.UART_Receive_IT) refers to stm32f1xx_hal_uart.o(.text.UART_Receive_IT) for [Anonymous Symbol]
    stm32f1xx_hal_uart.o(.text.UART_DMAAbortOnError) refers to stm32f1xx_hal_uart.o(.text.HAL_UART_ErrorCallback) for HAL_UART_ErrorCallback
    stm32f1xx_hal_uart.o(.ARM.exidx.text.UART_DMAAbortOnError) refers to stm32f1xx_hal_uart.o(.text.UART_DMAAbortOnError) for [Anonymous Symbol]
    stm32f1xx_hal_uart.o(.ARM.exidx.text.HAL_UART_ErrorCallback) refers to stm32f1xx_hal_uart.o(.text.HAL_UART_ErrorCallback) for [Anonymous Symbol]
    stm32f1xx_hal_uart.o(.ARM.exidx.text.HAL_UARTEx_RxEventCallback) refers to stm32f1xx_hal_uart.o(.text.HAL_UARTEx_RxEventCallback) for [Anonymous Symbol]
    stm32f1xx_hal_uart.o(.ARM.exidx.text.HAL_UART_TxCpltCallback) refers to stm32f1xx_hal_uart.o(.text.HAL_UART_TxCpltCallback) for [Anonymous Symbol]
    stm32f1xx_hal_uart.o(.ARM.exidx.text.HAL_UART_TxHalfCpltCallback) refers to stm32f1xx_hal_uart.o(.text.HAL_UART_TxHalfCpltCallback) for [Anonymous Symbol]
    stm32f1xx_hal_uart.o(.ARM.exidx.text.HAL_UART_RxCpltCallback) refers to stm32f1xx_hal_uart.o(.text.HAL_UART_RxCpltCallback) for [Anonymous Symbol]
    stm32f1xx_hal_uart.o(.ARM.exidx.text.HAL_UART_RxHalfCpltCallback) refers to stm32f1xx_hal_uart.o(.text.HAL_UART_RxHalfCpltCallback) for [Anonymous Symbol]
    stm32f1xx_hal_uart.o(.ARM.exidx.text.HAL_LIN_SendBreak) refers to stm32f1xx_hal_uart.o(.text.HAL_LIN_SendBreak) for [Anonymous Symbol]
    stm32f1xx_hal_uart.o(.ARM.exidx.text.HAL_MultiProcessor_EnterMuteMode) refers to stm32f1xx_hal_uart.o(.text.HAL_MultiProcessor_EnterMuteMode) for [Anonymous Symbol]
    stm32f1xx_hal_uart.o(.ARM.exidx.text.HAL_MultiProcessor_ExitMuteMode) refers to stm32f1xx_hal_uart.o(.text.HAL_MultiProcessor_ExitMuteMode) for [Anonymous Symbol]
    stm32f1xx_hal_uart.o(.ARM.exidx.text.HAL_HalfDuplex_EnableTransmitter) refers to stm32f1xx_hal_uart.o(.text.HAL_HalfDuplex_EnableTransmitter) for [Anonymous Symbol]
    stm32f1xx_hal_uart.o(.ARM.exidx.text.HAL_HalfDuplex_EnableReceiver) refers to stm32f1xx_hal_uart.o(.text.HAL_HalfDuplex_EnableReceiver) for [Anonymous Symbol]
    stm32f1xx_hal_uart.o(.ARM.exidx.text.HAL_UART_GetState) refers to stm32f1xx_hal_uart.o(.text.HAL_UART_GetState) for [Anonymous Symbol]
    stm32f1xx_hal_uart.o(.ARM.exidx.text.HAL_UART_GetError) refers to stm32f1xx_hal_uart.o(.text.HAL_UART_GetError) for [Anonymous Symbol]
    stm32f1xx_hal_uart.o(.text.UART_DMAReceiveCplt) refers to as608.o(.text.HAL_UART_RxCpltCallback) for HAL_UART_RxCpltCallback
    stm32f1xx_hal_uart.o(.text.UART_DMAReceiveCplt) refers to main.o(.text.HAL_UART_RxCpltCallback) for HAL_UART_RxCpltCallback
    stm32f1xx_hal_uart.o(.text.UART_DMAReceiveCplt) refers to stm32f1xx_hal_uart.o(.text.HAL_UARTEx_RxEventCallback) for HAL_UARTEx_RxEventCallback
    stm32f1xx_hal_uart.o(.ARM.exidx.text.UART_DMAReceiveCplt) refers to stm32f1xx_hal_uart.o(.text.UART_DMAReceiveCplt) for [Anonymous Symbol]
    stm32f1xx_hal_uart.o(.text.UART_DMARxHalfCplt) refers to stm32f1xx_hal_uart.o(.text.HAL_UART_RxHalfCpltCallback) for HAL_UART_RxHalfCpltCallback
    stm32f1xx_hal_uart.o(.text.UART_DMARxHalfCplt) refers to stm32f1xx_hal_uart.o(.text.HAL_UARTEx_RxEventCallback) for HAL_UARTEx_RxEventCallback
    stm32f1xx_hal_uart.o(.ARM.exidx.text.UART_DMARxHalfCplt) refers to stm32f1xx_hal_uart.o(.text.UART_DMARxHalfCplt) for [Anonymous Symbol]
    system_stm32f1xx.o(.ARM.exidx.text.SystemInit) refers to system_stm32f1xx.o(.text.SystemInit) for [Anonymous Symbol]
    system_stm32f1xx.o(.text.SystemCoreClockUpdate) refers to system_stm32f1xx.o(.data.SystemCoreClock) for SystemCoreClock
    system_stm32f1xx.o(.text.SystemCoreClockUpdate) refers to system_stm32f1xx.o(.rodata.AHBPrescTable) for AHBPrescTable
    system_stm32f1xx.o(.ARM.exidx.text.SystemCoreClockUpdate) refers to system_stm32f1xx.o(.text.SystemCoreClockUpdate) for [Anonymous Symbol]
    __2sprintf.o(.text) refers to _printf_char_common.o(.text) for _printf_char_common
    __2sprintf.o(.text) refers to _sputc.o(.text) for _sputc
    noretval__2sprintf.o(.text) refers to _printf_char_common.o(.text) for _printf_char_common
    noretval__2sprintf.o(.text) refers to _sputc.o(.text) for _sputc
    __printf.o(.text) refers to _printf_percent.o(.ARM.Collect$$_printf_percent$$00000000) for _printf_percent
    _printf_str.o(.text) refers (Special) to _printf_char.o(.text) for _printf_cs_common
    _printf_str.o(.text) refers (Weak) to _printf_pad.o(.text) for _printf_pre_padding
    _printf_str.o(.text) refers (Weak) to _printf_pad.o(.text) for _printf_post_padding
    _printf_dec.o(.text) refers to _printf_intcommon.o(.text) for _printf_int_common
    _printf_hex_ll.o(.text) refers to _printf_intcommon.o(.text) for _printf_int_common
    _printf_hex_ll.o(.text) refers to _printf_hex_ll.o(.constdata) for .constdata
    _printf_hex_int.o(.text) refers to _printf_intcommon.o(.text) for _printf_int_common
    _printf_hex_int.o(.text) refers to _printf_hex_int.o(.constdata) for .constdata
    _printf_hex_int_ll.o(.text) refers to _printf_intcommon.o(.text) for _printf_int_common
    _printf_hex_int_ll.o(.text) refers to _printf_hex_int_ll.o(.constdata) for .constdata
    _printf_hex_ptr.o(.text) refers to _printf_intcommon.o(.text) for _printf_int_common
    _printf_hex_ptr.o(.text) refers to _printf_hex_ptr.o(.constdata) for .constdata
    _printf_hex_int_ptr.o(.text) refers to _printf_intcommon.o(.text) for _printf_int_common
    _printf_hex_int_ptr.o(.text) refers to _printf_hex_int_ptr.o(.constdata) for .constdata
    _printf_hex_ll_ptr.o(.text) refers to _printf_intcommon.o(.text) for _printf_int_common
    _printf_hex_ll_ptr.o(.text) refers to _printf_hex_ll_ptr.o(.constdata) for .constdata
    _printf_hex_int_ll_ptr.o(.text) refers to _printf_intcommon.o(.text) for _printf_int_common
    _printf_hex_int_ll_ptr.o(.text) refers to _printf_hex_int_ll_ptr.o(.constdata) for .constdata
    __printf_flags.o(.text) refers to _printf_percent.o(.ARM.Collect$$_printf_percent$$00000000) for _printf_percent
    __printf_flags.o(.text) refers to __printf_flags.o(.constdata) for .constdata
    __printf_ss.o(.text) refers to _printf_percent.o(.ARM.Collect$$_printf_percent$$00000000) for _printf_percent
    __printf_flags_ss.o(.text) refers to _printf_percent.o(.ARM.Collect$$_printf_percent$$00000000) for _printf_percent
    __printf_flags_ss.o(.text) refers to __printf_flags_ss.o(.constdata) for .constdata
    __printf_wp.o(.text) refers to __printf_wp.o(i._is_digit) for _is_digit
    __printf_wp.o(.text) refers to _printf_percent.o(.ARM.Collect$$_printf_percent$$00000000) for _printf_percent
    __printf_flags_wp.o(.text) refers to __printf_wp.o(i._is_digit) for _is_digit
    __printf_flags_wp.o(.text) refers to _printf_percent.o(.ARM.Collect$$_printf_percent$$00000000) for _printf_percent
    __printf_flags_wp.o(.text) refers to __printf_flags_wp.o(.constdata) for .constdata
    __printf_ss_wp.o(.text) refers to __printf_wp.o(i._is_digit) for _is_digit
    __printf_ss_wp.o(.text) refers to _printf_percent.o(.ARM.Collect$$_printf_percent$$00000000) for _printf_percent
    __printf_flags_ss_wp.o(.text) refers to __printf_wp.o(i._is_digit) for _is_digit
    __printf_flags_ss_wp.o(.text) refers to _printf_percent.o(.ARM.Collect$$_printf_percent$$00000000) for _printf_percent
    __printf_flags_ss_wp.o(.text) refers to __printf_flags_ss_wp.o(.constdata) for .constdata
    _printf_s.o(.ARM.Collect$$_printf_percent$$00000014) refers (Weak) to _printf_char.o(.text) for _printf_string
    _printf_x.o(.ARM.Collect$$_printf_percent$$0000000C) refers (Weak) to _printf_hex_int.o(.text) for _printf_int_hex
    _printf_d.o(.ARM.Collect$$_printf_percent$$00000009) refers (Weak) to _printf_dec.o(.text) for _printf_int_dec
    _printf_percent.o(.ARM.Collect$$_printf_percent$$00000000) refers (Special) to _printf_percent_end.o(.ARM.Collect$$_printf_percent$$00000017) for _printf_percent_end
    rt_memcpy_v6.o(.text) refers to rt_memcpy_w.o(.text) for __aeabi_memcpy4
    aeabi_memset.o(.text) refers to rt_memclr.o(.text) for _memset
    aeabi_memset4.o(.text) refers to rt_memclr_w.o(.text) for _memset_w
    __main.o(!!!main) refers to __rtentry.o(.ARM.Collect$$rtentry$$00000000) for __rt_entry
    __rtentry.o(.ARM.Collect$$rtentry$$00000000) refers (Special) to __rtentry2.o(.ARM.Collect$$rtentry$$0000000A) for __rt_entry_li
    __rtentry.o(.ARM.Collect$$rtentry$$00000000) refers (Special) to __rtentry2.o(.ARM.Collect$$rtentry$$0000000D) for __rt_entry_main
    __rtentry.o(.ARM.Collect$$rtentry$$00000000) refers (Special) to __rtentry2.o(.ARM.Collect$$rtentry$$0000000C) for __rt_entry_postli_1
    __rtentry.o(.ARM.Collect$$rtentry$$00000000) refers (Special) to __rtentry2.o(.ARM.Collect$$rtentry$$00000009) for __rt_entry_postsh_1
    __rtentry.o(.ARM.Collect$$rtentry$$00000000) refers (Special) to __rtentry2.o(.ARM.Collect$$rtentry$$00000002) for __rt_entry_presh_1
    __rtentry.o(.ARM.Collect$$rtentry$$00000000) refers (Special) to __rtentry4.o(.ARM.Collect$$rtentry$$00000004) for __rt_entry_sh
    _printf_intcommon.o(.text) refers (Weak) to _printf_pad.o(.text) for _printf_pre_padding
    _printf_intcommon.o(.text) refers (Weak) to _printf_pad.o(.text) for _printf_pre_padding
    _printf_intcommon.o(.text) refers (Weak) to _printf_pad.o(.text) for _printf_post_padding
    _printf_char_common.o(.text) refers to __printf_flags_wp.o(.text) for __printf
    _printf_char.o(.text) refers (Weak) to _printf_str.o(.text) for _printf_str
    rt_memclr.o(.text) refers to rt_memclr_w.o(.text) for _memset_w
    __rtentry2.o(.ARM.Collect$$rtentry$$00000008) refers to boardinit2.o(.text) for _platform_post_stackheap_init
    __rtentry2.o(.ARM.Collect$$rtentry$$0000000A) refers to libinit.o(.ARM.Collect$$libinit$$00000000) for __rt_lib_init
    __rtentry2.o(.ARM.Collect$$rtentry$$0000000B) refers to boardinit3.o(.text) for _platform_post_lib_init
    __rtentry2.o(.ARM.Collect$$rtentry$$0000000D) refers to main.o(.text.main) for main
    __rtentry2.o(.ARM.Collect$$rtentry$$0000000D) refers to exit.o(.text) for exit
    __rtentry2.o(.ARM.exidx) refers to __rtentry2.o(.ARM.Collect$$rtentry$$00000001) for .ARM.Collect$$rtentry$$00000001
    __rtentry2.o(.ARM.exidx) refers to __rtentry2.o(.ARM.Collect$$rtentry$$00000008) for .ARM.Collect$$rtentry$$00000008
    __rtentry2.o(.ARM.exidx) refers to __rtentry2.o(.ARM.Collect$$rtentry$$0000000A) for .ARM.Collect$$rtentry$$0000000A
    __rtentry2.o(.ARM.exidx) refers to __rtentry2.o(.ARM.Collect$$rtentry$$0000000B) for .ARM.Collect$$rtentry$$0000000B
    __rtentry2.o(.ARM.exidx) refers to __rtentry2.o(.ARM.Collect$$rtentry$$0000000D) for .ARM.Collect$$rtentry$$0000000D
    __rtentry4.o(.ARM.Collect$$rtentry$$00000004) refers to sys_stackheap_outer.o(.text) for __user_setup_stackheap
    __rtentry4.o(.ARM.exidx) refers to __rtentry4.o(.ARM.Collect$$rtentry$$00000004) for .ARM.Collect$$rtentry$$00000004
    sys_stackheap_outer.o(.text) refers to libspace.o(.text) for __user_perproc_libspace
    sys_stackheap_outer.o(.text) refers to startup_stm32f103xb.o(.text) for __user_initial_stackheap
    exit.o(.text) refers to rtexit.o(.ARM.Collect$$rtexit$$00000000) for __rt_exit
    libinit.o(.ARM.Collect$$libinit$$00000000) refers (Special) to libinit2.o(.ARM.Collect$$libinit$$0000002E) for __rt_lib_init_alloca_1
    libinit.o(.ARM.Collect$$libinit$$00000000) refers (Special) to libinit2.o(.ARM.Collect$$libinit$$0000002C) for __rt_lib_init_argv_1
    libinit.o(.ARM.Collect$$libinit$$00000000) refers (Special) to libinit2.o(.ARM.Collect$$libinit$$0000001B) for __rt_lib_init_atexit_1
    libinit.o(.ARM.Collect$$libinit$$00000000) refers (Special) to libinit2.o(.ARM.Collect$$libinit$$00000021) for __rt_lib_init_clock_1
    libinit.o(.ARM.Collect$$libinit$$00000000) refers (Special) to libinit2.o(.ARM.Collect$$libinit$$00000032) for __rt_lib_init_cpp_1
    libinit.o(.ARM.Collect$$libinit$$00000000) refers (Special) to libinit2.o(.ARM.Collect$$libinit$$00000030) for __rt_lib_init_exceptions_1
    libinit.o(.ARM.Collect$$libinit$$00000000) refers (Special) to libinit2.o(.ARM.Collect$$libinit$$00000002) for __rt_lib_init_fp_1
    libinit.o(.ARM.Collect$$libinit$$00000000) refers (Special) to libinit2.o(.ARM.Collect$$libinit$$0000001F) for __rt_lib_init_fp_trap_1
    libinit.o(.ARM.Collect$$libinit$$00000000) refers (Special) to libinit2.o(.ARM.Collect$$libinit$$00000023) for __rt_lib_init_getenv_1
    libinit.o(.ARM.Collect$$libinit$$00000000) refers (Special) to libinit2.o(.ARM.Collect$$libinit$$0000000A) for __rt_lib_init_heap_1
    libinit.o(.ARM.Collect$$libinit$$00000000) refers (Special) to libinit2.o(.ARM.Collect$$libinit$$00000011) for __rt_lib_init_lc_collate_1
    libinit.o(.ARM.Collect$$libinit$$00000000) refers (Special) to libinit2.o(.ARM.Collect$$libinit$$00000013) for __rt_lib_init_lc_ctype_1
    libinit.o(.ARM.Collect$$libinit$$00000000) refers (Special) to libinit2.o(.ARM.Collect$$libinit$$00000015) for __rt_lib_init_lc_monetary_1
    libinit.o(.ARM.Collect$$libinit$$00000000) refers (Special) to libinit2.o(.ARM.Collect$$libinit$$00000017) for __rt_lib_init_lc_numeric_1
    libinit.o(.ARM.Collect$$libinit$$00000000) refers (Special) to libinit2.o(.ARM.Collect$$libinit$$00000019) for __rt_lib_init_lc_time_1
    libinit.o(.ARM.Collect$$libinit$$00000000) refers (Special) to libinit2.o(.ARM.Collect$$libinit$$00000004) for __rt_lib_init_preinit_1
    libinit.o(.ARM.Collect$$libinit$$00000000) refers (Special) to libinit2.o(.ARM.Collect$$libinit$$0000000E) for __rt_lib_init_rand_1
    libinit.o(.ARM.Collect$$libinit$$00000000) refers (Special) to libinit2.o(.ARM.Collect$$libinit$$00000033) for __rt_lib_init_return
    libinit.o(.ARM.Collect$$libinit$$00000000) refers (Special) to libinit2.o(.ARM.Collect$$libinit$$0000001D) for __rt_lib_init_signal_1
    libinit.o(.ARM.Collect$$libinit$$00000000) refers (Special) to libinit2.o(.ARM.Collect$$libinit$$00000025) for __rt_lib_init_stdio_1
    libinit.o(.ARM.Collect$$libinit$$00000000) refers (Special) to libinit2.o(.ARM.Collect$$libinit$$0000000C) for __rt_lib_init_user_alloc_1
    libspace.o(.text) refers to libspace.o(.bss) for __libspace_start
    rtexit.o(.ARM.Collect$$rtexit$$00000000) refers (Special) to rtexit2.o(.ARM.Collect$$rtexit$$00000004) for __rt_exit_exit
    rtexit.o(.ARM.Collect$$rtexit$$00000000) refers (Special) to rtexit2.o(.ARM.Collect$$rtexit$$00000003) for __rt_exit_ls
    rtexit.o(.ARM.Collect$$rtexit$$00000000) refers (Special) to rtexit2.o(.ARM.Collect$$rtexit$$00000002) for __rt_exit_prels_1
    rtexit.o(.ARM.exidx) refers (Special) to rtexit2.o(.ARM.Collect$$rtexit$$00000004) for __rt_exit_exit
    rtexit.o(.ARM.exidx) refers (Special) to rtexit2.o(.ARM.Collect$$rtexit$$00000003) for __rt_exit_ls
    rtexit.o(.ARM.exidx) refers (Special) to rtexit2.o(.ARM.Collect$$rtexit$$00000002) for __rt_exit_prels_1
    rtexit.o(.ARM.exidx) refers to rtexit.o(.ARM.Collect$$rtexit$$00000000) for .ARM.Collect$$rtexit$$00000000
    libinit2.o(.ARM.Collect$$libinit$$00000010) refers to libinit2.o(.ARM.Collect$$libinit$$0000000F) for .ARM.Collect$$libinit$$0000000F
    libinit2.o(.ARM.Collect$$libinit$$00000012) refers to libinit2.o(.ARM.Collect$$libinit$$0000000F) for .ARM.Collect$$libinit$$0000000F
    libinit2.o(.ARM.Collect$$libinit$$00000014) refers to libinit2.o(.ARM.Collect$$libinit$$0000000F) for .ARM.Collect$$libinit$$0000000F
    libinit2.o(.ARM.Collect$$libinit$$00000016) refers to libinit2.o(.ARM.Collect$$libinit$$0000000F) for .ARM.Collect$$libinit$$0000000F
    libinit2.o(.ARM.Collect$$libinit$$00000018) refers to libinit2.o(.ARM.Collect$$libinit$$0000000F) for .ARM.Collect$$libinit$$0000000F
    libinit2.o(.ARM.Collect$$libinit$$00000026) refers to argv_veneer.o(.emb_text) for __ARM_argv_veneer
    libinit2.o(.ARM.Collect$$libinit$$00000027) refers to argv_veneer.o(.emb_text) for __ARM_argv_veneer
    rtexit2.o(.ARM.Collect$$rtexit$$00000003) refers to libshutdown.o(.ARM.Collect$$libshutdown$$00000000) for __rt_lib_shutdown
    rtexit2.o(.ARM.Collect$$rtexit$$00000004) refers to sys_exit.o(.text) for _sys_exit
    rtexit2.o(.ARM.exidx) refers to rtexit2.o(.ARM.Collect$$rtexit$$00000001) for .ARM.Collect$$rtexit$$00000001
    rtexit2.o(.ARM.exidx) refers to rtexit2.o(.ARM.Collect$$rtexit$$00000003) for .ARM.Collect$$rtexit$$00000003
    rtexit2.o(.ARM.exidx) refers to rtexit2.o(.ARM.Collect$$rtexit$$00000004) for .ARM.Collect$$rtexit$$00000004
    argv_veneer.o(.emb_text) refers to no_argv.o(.text) for __ARM_get_argv
    sys_exit.o(.text) refers (Special) to use_no_semi.o(.text) for __I$use$semihosting
    sys_exit.o(.text) refers (Special) to indicate_semi.o(.text) for __semihosting_library_function
    sys_exit_hlt.o(.text) refers (Special) to use_no_semi.o(.text) for __I$use$semihosting
    sys_exit_hlt.o(.text) refers (Special) to indicate_semi.o(.text) for __semihosting_library_function
    _get_argv_nomalloc.o(.text) refers (Special) to hrguard.o(.text) for __heap_region$guard
    _get_argv_nomalloc.o(.text) refers to defsig_rtmem_outer.o(.text) for __rt_SIGRTMEM
    _get_argv_nomalloc.o(.text) refers to sys_command.o(.text) for _sys_command_string
    libshutdown.o(.ARM.Collect$$libshutdown$$00000000) refers (Special) to libshutdown2.o(.ARM.Collect$$libshutdown$$00000002) for __rt_lib_shutdown_cpp_1
    libshutdown.o(.ARM.Collect$$libshutdown$$00000000) refers (Special) to libshutdown2.o(.ARM.Collect$$libshutdown$$00000007) for __rt_lib_shutdown_fp_trap_1
    libshutdown.o(.ARM.Collect$$libshutdown$$00000000) refers (Special) to libshutdown2.o(.ARM.Collect$$libshutdown$$0000000F) for __rt_lib_shutdown_heap_1
    libshutdown.o(.ARM.Collect$$libshutdown$$00000000) refers (Special) to libshutdown2.o(.ARM.Collect$$libshutdown$$00000010) for __rt_lib_shutdown_return
    libshutdown.o(.ARM.Collect$$libshutdown$$00000000) refers (Special) to libshutdown2.o(.ARM.Collect$$libshutdown$$0000000A) for __rt_lib_shutdown_signal_1
    libshutdown.o(.ARM.Collect$$libshutdown$$00000000) refers (Special) to libshutdown2.o(.ARM.Collect$$libshutdown$$00000004) for __rt_lib_shutdown_stdio_1
    libshutdown.o(.ARM.Collect$$libshutdown$$00000000) refers (Special) to libshutdown2.o(.ARM.Collect$$libshutdown$$0000000C) for __rt_lib_shutdown_user_alloc_1
    sys_command.o(.text) refers (Special) to use_no_semi.o(.text) for __I$use$semihosting
    sys_command.o(.text) refers (Special) to indicate_semi.o(.text) for __semihosting_library_function
    sys_command_hlt.o(.text) refers (Special) to use_no_semi.o(.text) for __I$use$semihosting
    sys_command_hlt.o(.text) refers (Special) to indicate_semi.o(.text) for __semihosting_library_function
    defsig_rtmem_outer.o(.text) refers to defsig_rtmem_inner.o(.text) for __rt_SIGRTMEM_inner
    defsig_rtmem_outer.o(.text) refers to defsig_exit.o(.text) for __sig_exit
    defsig_rtmem_formal.o(.text) refers to rt_raise.o(.text) for __rt_raise
    rt_raise.o(.text) refers to __raise.o(.text) for __raise
    rt_raise.o(.text) refers to sys_exit.o(.text) for _sys_exit
    defsig_exit.o(.text) refers to sys_exit.o(.text) for _sys_exit
    defsig_rtmem_inner.o(.text) refers to defsig_general.o(.text) for __default_signal_display
    __raise.o(.text) refers to defsig.o(CL$$defsig) for __default_signal_handler
    defsig_general.o(.text) refers to sys_wrch.o(.text) for _ttywrch
    sys_wrch.o(.text) refers (Special) to use_no_semi.o(.text) for __I$use$semihosting
    sys_wrch.o(.text) refers (Special) to indicate_semi.o(.text) for __semihosting_library_function
    sys_wrch_hlt.o(.text) refers (Special) to use_no_semi.o(.text) for __I$use$semihosting
    sys_wrch_hlt.o(.text) refers (Special) to indicate_semi.o(.text) for __semihosting_library_function
    defsig.o(CL$$defsig) refers to defsig_rtmem_inner.o(.text) for __rt_SIGRTMEM_inner
    defsig_abrt_inner.o(.text) refers to defsig_general.o(.text) for __default_signal_display
    defsig_fpe_inner.o(.text) refers to defsig_general.o(.text) for __default_signal_display
    defsig_rtred_inner.o(.text) refers to defsig_general.o(.text) for __default_signal_display
    defsig_stak_inner.o(.text) refers to defsig_general.o(.text) for __default_signal_display
    defsig_pvfn_inner.o(.text) refers to defsig_general.o(.text) for __default_signal_display
    defsig_cppl_inner.o(.text) refers to defsig_general.o(.text) for __default_signal_display
    defsig_segv_inner.o(.text) refers to defsig_general.o(.text) for __default_signal_display
    defsig_other.o(.text) refers to defsig_general.o(.text) for __default_signal_display

