Component: ARM Compiler 6.10.1 Tool: armlink [5d142800]

==============================================================================

Section Cross References

    startup_stm32f103xb.o(STACK) refers (Special) to heapauxi.o(.text) for __use_two_region_memory
    startup_stm32f103xb.o(HEAP) refers (Special) to heapauxi.o(.text) for __use_two_region_memory
    startup_stm32f103xb.o(RESET) refers (Special) to heapauxi.o(.text) for __use_two_region_memory
    startup_stm32f103xb.o(RESET) refers to startup_stm32f103xb.o(STACK) for __initial_sp
    startup_stm32f103xb.o(RESET) refers to startup_stm32f103xb.o(.text) for Reset_Handler
    startup_stm32f103xb.o(RESET) refers to stm32f1xx_it.o(.text.NMI_Handler) for NMI_Handler
    startup_stm32f103xb.o(RESET) refers to stm32f1xx_it.o(.text.HardFault_Handler) for HardFault_Handler
    startup_stm32f103xb.o(RESET) refers to stm32f1xx_it.o(.text.MemManage_Handler) for MemManage_Handler
    startup_stm32f103xb.o(RESET) refers to stm32f1xx_it.o(.text.BusFault_Handler) for BusFault_Handler
    startup_stm32f103xb.o(RESET) refers to stm32f1xx_it.o(.text.UsageFault_Handler) for UsageFault_Handler
    startup_stm32f103xb.o(RESET) refers to stm32f1xx_it.o(.text.SVC_Handler) for SVC_Handler
    startup_stm32f103xb.o(RESET) refers to stm32f1xx_it.o(.text.DebugMon_Handler) for DebugMon_Handler
    startup_stm32f103xb.o(RESET) refers to stm32f1xx_it.o(.text.PendSV_Handler) for PendSV_Handler
    startup_stm32f103xb.o(RESET) refers to stm32f1xx_it.o(.text.SysTick_Handler) for SysTick_Handler
    startup_stm32f103xb.o(RESET) refers to stm32f1xx_it.o(.text.EXTI0_IRQHandler) for EXTI0_IRQHandler
    startup_stm32f103xb.o(.text) refers (Special) to heapauxi.o(.text) for __use_two_region_memory
    startup_stm32f103xb.o(.text) refers to system_stm32f1xx.o(.text.SystemInit) for SystemInit
    startup_stm32f103xb.o(.text) refers to __main.o(!!!main) for __main
    startup_stm32f103xb.o(.text) refers to startup_stm32f103xb.o(HEAP) for Heap_Mem
    startup_stm32f103xb.o(.text) refers to startup_stm32f103xb.o(STACK) for Stack_Mem
    fonts.o(.text.FONTS_GetStringSize) refers to strlen.o(.text) for strlen
    fonts.o(.ARM.exidx.text.FONTS_GetStringSize) refers to fonts.o(.text.FONTS_GetStringSize) for [Anonymous Symbol]
    fonts.o(.data.Font_7x10) refers to fonts.o(.rodata.Font7x10) for Font7x10
    fonts.o(.data.Font_11x18) refers to fonts.o(.rodata.Font11x18) for Font11x18
    fonts.o(.data.Font_16x26) refers to fonts.o(.rodata.Font16x26) for Font16x26
    ssd1306.o(.text.SSD1306_DrawBitmap) refers to ssd1306.o(.text.SSD1306_DrawPixel) for SSD1306_DrawPixel
    ssd1306.o(.ARM.exidx.text.SSD1306_DrawBitmap) refers to ssd1306.o(.text.SSD1306_DrawBitmap) for [Anonymous Symbol]
    ssd1306.o(.text.SSD1306_DrawPixel) refers to ssd1306.o(.bss.SSD1306_Buffer) for [Anonymous Symbol]
    ssd1306.o(.ARM.exidx.text.SSD1306_DrawPixel) refers to ssd1306.o(.text.SSD1306_DrawPixel) for [Anonymous Symbol]
    ssd1306.o(.text.SSD1306_Init) refers to stm32f1xx_hal_i2c.o(.text.HAL_I2C_IsDeviceReady) for HAL_I2C_IsDeviceReady
    ssd1306.o(.text.SSD1306_Init) refers to rt_memclr_w.o(.text) for __aeabi_memclr4
    ssd1306.o(.text.SSD1306_Init) refers to ssd1306.o(.text.SSD1306_UpdateScreen) for SSD1306_UpdateScreen
    ssd1306.o(.text.SSD1306_Init) refers to main.o(.bss..L_MergedGlobals.37) for hi2c1
    ssd1306.o(.text.SSD1306_Init) refers to ssd1306.o(.text.ssd1306_I2C_Write) for ssd1306_I2C_Write
    ssd1306.o(.text.SSD1306_Init) refers to ssd1306.o(.bss.SSD1306_Buffer) for [Anonymous Symbol]
    ssd1306.o(.text.SSD1306_Init) refers to ssd1306.o(.bss..L_MergedGlobals) for [Anonymous Symbol]
    ssd1306.o(.ARM.exidx.text.SSD1306_Init) refers to ssd1306.o(.text.SSD1306_Init) for [Anonymous Symbol]
    ssd1306.o(.text.ssd1306_I2C_Write) refers to stm32f1xx_hal_i2c.o(.text.HAL_I2C_Master_Transmit) for HAL_I2C_Master_Transmit
    ssd1306.o(.text.ssd1306_I2C_Write) refers to main.o(.bss..L_MergedGlobals.37) for hi2c1
    ssd1306.o(.ARM.exidx.text.ssd1306_I2C_Write) refers to ssd1306.o(.text.ssd1306_I2C_Write) for [Anonymous Symbol]
    ssd1306.o(.text.SSD1306_Fill) refers to aeabi_memset4.o(.text) for __aeabi_memset4
    ssd1306.o(.text.SSD1306_Fill) refers to ssd1306.o(.bss.SSD1306_Buffer) for [Anonymous Symbol]
    ssd1306.o(.ARM.exidx.text.SSD1306_Fill) refers to ssd1306.o(.text.SSD1306_Fill) for [Anonymous Symbol]
    ssd1306.o(.text.SSD1306_UpdateScreen) refers to ssd1306.o(.text.ssd1306_I2C_WriteMulti) for ssd1306_I2C_WriteMulti
    ssd1306.o(.text.SSD1306_UpdateScreen) refers to ssd1306.o(.bss.SSD1306_Buffer) for [Anonymous Symbol]
    ssd1306.o(.text.SSD1306_UpdateScreen) refers to ssd1306.o(.text.ssd1306_I2C_Write) for ssd1306_I2C_Write
    ssd1306.o(.ARM.exidx.text.SSD1306_UpdateScreen) refers to ssd1306.o(.text.SSD1306_UpdateScreen) for [Anonymous Symbol]
    ssd1306.o(.text.ssd1306_I2C_WriteMulti) refers to stm32f1xx_hal_i2c.o(.text.HAL_I2C_Master_Transmit) for HAL_I2C_Master_Transmit
[...]
    __arm_cp.2_1                             0x080030c8   Number         4  stm32f1xx_hal_cortex.o(.text.__NVIC_SetPriority)
    [Anonymous Symbol]                       0x080030cc   Section        0  main.o(.text.charArrayToUint32)
    [Anonymous Symbol]                       0x080030f4   Section        0  as608.o(.text.checkFingerPrintID)
    __arm_cp.16_0                            0x080031c0   Number         4  as608.o(.text.checkFingerPrintID)
    __arm_cp.16_1                            0x080031c4   Number         4  as608.o(.text.checkFingerPrintID)
    __arm_cp.16_2                            0x080031c8   Number         4  as608.o(.text.checkFingerPrintID)
    __arm_cp.16_4                            0x080031d8   Number         4  as608.o(.text.checkFingerPrintID)
    [Anonymous Symbol]                       0x080031f0   Section        0  as608.o(.text.checkInputFinger)
    __arm_cp.15_0                            0x080032bc   Number         4  as608.o(.text.checkInputFinger)
    __arm_cp.15_2                            0x080032c0   Number         4  as608.o(.text.checkInputFinger)
    __arm_cp.15_3                            0x080032c4   Number         4  as608.o(.text.checkInputFinger)
    __arm_cp.15_4                            0x080032c8   Number         4  as608.o(.text.checkInputFinger)
    __arm_cp.15_6                            0x080032cc   Number         4  as608.o(.text.checkInputFinger)
    [Anonymous Symbol]                       0x080032d0   Section        0  main.o(.text.check_password)
    [Anonymous Symbol]                       0x080032e0   Section        0  as608.o(.text.createModel)
    [Anonymous Symbol]                       0x08003300   Section        0  main.o(.text.defineUser)
    __arm_cp.23_0                            0x0800331c   Number         4  main.o(.text.defineUser)
    [Anonymous Symbol]                       0x08003320   Section        0  as608.o(.text.deleteFingerprint)
    [Anonymous Symbol]                       0x08003348   Section        0  as608.o(.text.emptyfinger_database)
    [Anonymous Symbol]                       0x08003368   Section        0  as608.o(.text.find_avaiable_idex_table)
    [Anonymous Symbol]                       0x080033b8   Section        0  as608.o(.text.fingerIDSearch)
    __arm_cp.14_0                            0x080033ec   Number         4  as608.o(.text.fingerIDSearch)
    [Anonymous Symbol]                       0x080033f0   Section        0  as608.o(.text.getFingerprintEnroll)
    __arm_cp.17_0                            0x08003610   Number         4  as608.o(.text.getFingerprintEnroll)
    __arm_cp.17_1                            0x08003614   Number         4  as608.o(.text.getFingerprintEnroll)
    __arm_cp.17_2                            0x08003618   Number         4  as608.o(.text.getFingerprintEnroll)
    __arm_cp.17_3                            0x0800361c   Number         4  as608.o(.text.getFingerprintEnroll)
    __arm_cp.17_4                            0x08003620   Number         4  as608.o(.text.getFingerprintEnroll)
    __arm_cp.17_5                            0x08003624   Number         4  as608.o(.text.getFingerprintEnroll)
    __arm_cp.17_6                            0x08003628   Number         4  as608.o(.text.getFingerprintEnroll)
    __arm_cp.17_7                            0x0800362c   Number         4  as608.o(.text.getFingerprintEnroll)
    __arm_cp.17_8                            0x08003630   Number         4  as608.o(.text.getFingerprintEnroll)
    __arm_cp.17_9                            0x08003634   Number         4  as608.o(.text.getFingerprintEnroll)
    __arm_cp.17_17                           0x080036c0   Number         4  as608.o(.text.getFingerprintEnroll)
    [Anonymous Symbol]                       0x080036d8   Section        0  as608.o(.text.getImage)
    __arm_cp.8_0                             0x080036f8   Number         4  as608.o(.text.getImage)
    [Anonymous Symbol]                       0x080036fc   Section        0  as608.o(.text.getStructuredPacket)
    __arm_cp.5_0                             0x0800371c   Number         4  as608.o(.text.getStructuredPacket)
    [Anonymous Symbol]                       0x08003720   Section        0  main.o(.text.gotoSleep)
    [Anonymous Symbol]                       0x0800375c   Section        0  main.o(.text.handleAddUser)
    [Anonymous Symbol]                       0x080037a4   Section        0  main.o(.text.handleCard)
    [Anonymous Symbol]                       0x080037bc   Section        0  main.o(.text.handleChangePasscode)
    __arm_cp.22_0                            0x08003818   Number         4  main.o(.text.handleChangePasscode)
    __arm_cp.22_2                            0x0800381c   Number         4  main.o(.text.handleChangePasscode)
    __arm_cp.22_5                            0x08003820   Number         4  main.o(.text.handleChangePasscode)
    [Anonymous Symbol]                       0x08003824   Section        0  main.o(.text.handleFingerprint)
    __arm_cp.33_5                            0x080038a8   Number         4  main.o(.text.handleFingerprint)
    [Anonymous Symbol]                       0x080038ac   Section        0  main.o(.text.handleFingerprintState)
    __arm_cp.20_0                            0x080038e0   Number         4  main.o(.text.handleFingerprintState)
    [Anonymous Symbol]                       0x080038e4   Section        0  main.o(.text.handleInitialState)
    __arm_cp.19_0                            0x080039cc   Number         4  main.o(.text.handleInitialState)
    __arm_cp.19_1                            0x080039d0   Number         4  main.o(.text.handleInitialState)
    __arm_cp.19_2                            0x080039d4   Number         4  main.o(.text.handleInitialState)
    __arm_cp.19_3                            0x080039d8   Number         4  main.o(.text.handleInitialState)
    __arm_cp.19_5                            0x080039e8   Number         4  main.o(.text.handleInitialState)
    __arm_cp.19_6                            0x080039ec   Number         4  main.o(.text.handleInitialState)
    [Anonymous Symbol]                       0x08003a38   Section        0  main.o(.text.handleMenu)
    __arm_cp.32_1                            0x08003b14   Number         4  main.o(.text.handleMenu)
    __arm_cp.32_2                            0x08003b18   Number         4  main.o(.text.handleMenu)
    __arm_cp.32_3                            0x08003b1c   Number         4  main.o(.text.handleMenu)
    __arm_cp.32_4                            0x08003b20   Number         4  main.o(.text.handleMenu)
    __arm_cp.32_5                            0x08003b24   Number         4  main.o(.text.handleMenu)
    __arm_cp.32_6                            0x08003b28   Number         4  main.o(.text.handleMenu)
    __arm_cp.32_11                           0x08003b64   Number         4  main.o(.text.handleMenu)
    [Anonymous Symbol]                       0x08003b68   Section        0  main.o(.text.handleOpenState)
    __arm_cp.21_1                            0x08003be4   Number         4  main.o(.text.handleOpenState)
    __arm_cp.21_2                            0x08003be8   Number         4  main.o(.text.handleOpenState)
    __arm_cp.21_3                            0x08003bec   Number         4  main.o(.text.handleOpenState)
    [Anonymous Symbol]                       0x08003bf0   Section        0  main.o(.text.handlePasscode)
    __arm_cp.31_0                            0x08003c08   Number         4  main.o(.text.handlePasscode)
    [Anonymous Symbol]                       0x08003c0c   Section        0  main.o(.text.handleRemoveUser)
    __arm_cp.29_1                            0x08003cf0   Number         4  main.o(.text.handleRemoveUser)
    __arm_cp.29_2                            0x08003cf4   Number         4  main.o(.text.handleRemoveUser)
    __arm_cp.29_3                            0x08003cf8   Number         4  main.o(.text.handleRemoveUser)
    __arm_cp.29_4                            0x08003cfc   Number         4  main.o(.text.handleRemoveUser)
    [Anonymous Symbol]                       0x08003d10   Section        0  as608.o(.text.image2Tz)
    __arm_cp.10_0                            0x08003d30   Number         4  as608.o(.text.image2Tz)
    [Anonymous Symbol]                       0x08003d34   Section        0  main.o(.text.inputMNV)
    [Anonymous Symbol]                       0x08003d9c   Section        0  main.o(.text.inputPasscode)
    [Anonymous Symbol]                       0x08003de0   Section        0  main.o(.text.inputPasscodeWithText)
    __arm_cp.7_1                             0x08003efc   Number         4  main.o(.text.inputPasscodeWithText)
    __arm_cp.7_2                             0x08003f00   Number         4  main.o(.text.inputPasscodeWithText)
    [Anonymous Symbol]                       0x08003f04   Section        0  main.o(.text.main)
    __arm_cp.34_0                            0x08004210   Number         4  main.o(.text.main)
    __arm_cp.34_1                            0x08004214   Number         4  main.o(.text.main)
    __arm_cp.34_2                            0x08004218   Number         4  main.o(.text.main)
    __arm_cp.34_3                            0x0800421c   Number         4  main.o(.text.main)
    __arm_cp.34_4                            0x08004220   Number         4  main.o(.text.main)
    __arm_cp.34_5                            0x08004224   Number         4  main.o(.text.main)
    __arm_cp.34_6                            0x08004228   Number         4  main.o(.text.main)
    __arm_cp.34_7                            0x0800422c   Number         4  main.o(.text.main)
    __arm_cp.34_8                            0x08004230   Number         4  main.o(.text.main)
    __arm_cp.34_9                            0x08004234   Number         4  main.o(.text.main)
    __arm_cp.34_10                           0x08004238   Number         4  main.o(.text.main)
    __arm_cp.34_11                           0x0800423c   Number         4  main.o(.text.main)
    __arm_cp.34_12                           0x08004240   Number         4  main.o(.text.main)
    __arm_cp.34_13                           0x08004244   Number         4  main.o(.text.main)
    [Anonymous Symbol]                       0x08004248   Section        0  main.o(.text.passcode)
    __arm_cp.13_0                            0x08004350   Number         4  main.o(.text.passcode)
    __arm_cp.13_1                            0x08004354   Number         4  main.o(.text.passcode)
    __arm_cp.13_2                            0x08004358   Number         4  main.o(.text.passcode)
    __arm_cp.13_3                            0x0800435c   Number         4  main.o(.text.passcode)
    __arm_cp.13_4                            0x08004360   Number         4  main.o(.text.passcode)
    __arm_cp.13_5                            0x08004364   Number         4  main.o(.text.passcode)
    __arm_cp.13_6                            0x08004368   Number         4  main.o(.text.passcode)
    __arm_cp.13_7                            0x0800436c   Number         4  main.o(.text.passcode)
    [Anonymous Symbol]                       0x0800439c   Section        0  main.o(.text.passcodeCase)
    __arm_cp.6_0                             0x080043f8   Number         4  main.o(.text.passcodeCase)
    [Anonymous Symbol]                       0x080043fc   Section        0  main.o(.text.printUSER)
    __arm_cp.27_0                            0x0800446c   Number         4  main.o(.text.printUSER)
    __arm_cp.27_2                            0x08004478   Number         4  main.o(.text.printUSER)
    __arm_cp.27_3                            0x0800447c   Number         4  main.o(.text.printUSER)
    __arm_cp.27_4                            0x08004480   Number         4  main.o(.text.printUSER)
    [Anonymous Symbol]                       0x08004498   Section        0  main.o(.text.rfid)
    __arm_cp.11_0                            0x08004584   Number         4  main.o(.text.rfid)
    __arm_cp.11_1                            0x08004588   Number         4  main.o(.text.rfid)
    __arm_cp.11_2                            0x0800458c   Number         4  main.o(.text.rfid)
    __arm_cp.11_6                            0x080045cc   Number         4  main.o(.text.rfid)
    [Anonymous Symbol]                       0x080045dc   Section        0  main.o(.text.setupDefaultPassword)
    __arm_cp.9_0                             0x08004608   Number         4  main.o(.text.setupDefaultPassword)
    __arm_cp.9_1                             0x0800460c   Number         4  main.o(.text.setupDefaultPassword)
    __arm_cp.9_2                             0x08004610   Number         4  main.o(.text.setupDefaultPassword)
    [Anonymous Symbol]                       0x08004614   Section        0  ssd1306.o(.text.ssd1306_I2C_Write)
    [Anonymous Symbol]                       0x08004634   Section        0  ssd1306.o(.text.ssd1306_I2C_WriteMulti)
    __arm_cp.6_0                             0x0800466c   Number         4  ssd1306.o(.text.ssd1306_I2C_WriteMulti)
    [Anonymous Symbol]                       0x08004670   Section        0  as608.o(.text.storeModel)
    __arm_cp.12_0                            0x08004698   Number         4  as608.o(.text.storeModel)
    [Anonymous Symbol]                       0x0800469c   Section        0  main.o(.text.uint32ToCharArray)
    [Anonymous Symbol]                       0x080046b0   Section        0  main.o(.text.wakeup)
    __arm_cp.18_0                            0x080046d0   Number         4  main.o(.text.wakeup)
    __arm_cp.18_1                            0x080046d4   Number         4  main.o(.text.wakeup)
    [Anonymous Symbol]                       0x080046d8   Section        0  as608.o(.text.writeStructuredPacket)
    __arm_cp.4_0                             0x08004738   Number         4  as608.o(.text.writeStructuredPacket)
    [Anonymous Symbol]                       0x0800473c   Section        0  as608.o(.text.write_byte)
    __arm_cp.3_0                             0x08004754   Number         4  as608.o(.text.write_byte)
    [Anonymous Symbol]                       0x08004758   Section        0  as608.o(.text.write_command)
    [Anonymous Symbol]                       0x080047a4   Section        0  as608.o(.text.write_command_at)
    __arm_cp.1_0                             0x080047f8   Number         4  as608.o(.text.write_command_at)
    __arm_cp.1_1                             0x080047fc   Number         4  as608.o(.text.write_command_at)
    i._is_digit                              0x08004800   Section        0  __printf_wp.o(i._is_digit)
    .constdata                               0x0800480e   Section       40  _printf_hex_int.o(.constdata)
    uc_hextab                                0x0800480e   Data          20  _printf_hex_int.o(.constdata)
    lc_hextab                                0x08004822   Data          20  _printf_hex_int.o(.constdata)
    .constdata                               0x08004836   Section       17  __printf_flags_wp.o(.constdata)
    maptable                                 0x08004836   Data          17  __printf_flags_wp.o(.constdata)
    [Anonymous Symbol]                       0x08005d34   Section        0  as608.o(.rodata.str1.1)
    .L.str.14                                0x08005d34   Data           2  as608.o(.rodata.str1.1)
    .L.str.7                                 0x08005d36   Data          16  as608.o(.rodata.str1.1)
    .L.str.1                                 0x08005d46   Data          26  as608.o(.rodata.str1.1)
    .L.str.13                                0x08005d60   Data          79  as608.o(.rodata.str1.1)
    .L.str.23                                0x08005daf   Data          33  as608.o(.rodata.str1.1)
    .L.str.2                                 0x08005dd0   Data          16  as608.o(.rodata.str1.1)
    .L.str.5                                 0x08005de0   Data          14  as608.o(.rodata.str1.1)
    .L.str.4                                 0x08005dee   Data          20  as608.o(.rodata.str1.1)
    .L.str.6                                 0x08005e02   Data          14  as608.o(.rodata.str1.1)
    .L.str.3                                 0x08005e10   Data          10  as608.o(.rodata.str1.1)
    .L.str.9                                 0x08005e1a   Data          36  as608.o(.rodata.str1.1)
    .L.str.8                                 0x08005e3e   Data          16  as608.o(.rodata.str1.1)
    [Anonymous Symbol]                       0x08005e4e   Section        0  main.o(.rodata.str1.1)
    .L.str.9                                 0x08005e4e   Data           7  main.o(.rodata.str1.1)
    .L.str.15                                0x08005e55   Data           8  main.o(.rodata.str1.1)
    .L.str.6                                 0x08005e5d   Data           6  main.o(.rodata.str1.1)
    .L.str.21                                0x08005e63   Data          12  main.o(.rodata.str1.1)
    .L.str.8                                 0x08005e6f   Data          17  main.o(.rodata.str1.1)
    [Anonymous Symbol]                       0x20000000   Section        0  main.o(.data..L_MergedGlobals)
    [Anonymous Symbol]                       0x20000040   Section        0  stm32f1xx_hal.o(.data..L_MergedGlobals)
    .bss                                     0x20000060   Section       96  libspace.o(.bss)
    [Anonymous Symbol]                       0x200000c0   Section        0  ssd1306.o(.bss..L_MergedGlobals)
    SSD1306.0                                0x200000c0   Data           2  ssd1306.o(.bss..L_MergedGlobals)
    SSD1306.1                                0x200000c2   Data           2  ssd1306.o(.bss..L_MergedGlobals)
    [Anonymous Symbol]                       0x200000d0   Section        0  as608.o(.bss..L_MergedGlobals.25)
    [Anonymous Symbol]                       0x20000110   Section        0  main.o(.bss..L_MergedGlobals.33)
    [Anonymous Symbol]                       0x20000160   Section        0  main.o(.bss..L_MergedGlobals.34)
    [Anonymous Symbol]                       0x200001b0   Section        0  main.o(.bss..L_MergedGlobals.35)
    [Anonymous Symbol]                       0x20000200   Section        0  main.o(.bss..L_MergedGlobals.36)
    [Anonymous Symbol]                       0x20000250   Section        0  main.o(.bss..L_MergedGlobals.37)
    [Anonymous Symbol]                       0x200002b0   Section        0  main.o(.bss..L_MergedGlobals.38)
    [Anonymous Symbol]                       0x20000308   Section        0  ssd1306.o(.bss.SSD1306_Buffer)
    SSD1306_Buffer                           0x20000308   Data        1024  ssd1306.o(.bss.SSD1306_Buffer)
    HEAP                                     0x20000728   Section      512  startup_stm32f103xb.o(HEAP)
    Heap_Mem                                 0x20000728   Data         512  startup_stm32f103xb.o(HEAP)
    STACK                                    0x20000928   Section     1024  startup_stm32f103xb.o(STACK)
    Stack_Mem                                0x20000928   Data        1024  startup_stm32f103xb.o(STACK)
    __initial_sp                             0x20000d28   Data           0  startup_stm32f103xb.o(STACK)

    Global Symbols

    Symbol Name                              Value     Ov Type        Size  Object(Section)

    BuildAttributes$$THM_ISAv4$P$D$K$B$S$PE$A:L22UL41UL21$X:L11$S22US41US21$IEEE1$IW$~IW$USESV6$~STKCKD$USESV7$~SHL$OSPACE$ROPI$EBA8$UX$STANDARDLIB$REQ8$PRES8$EABIv2 0x00000000   Number         0  anon$$obj.o ABSOLUTE
    _printf_flags                            0x00000000   Number         0  printf_stubs.o ABSOLUTE
    _printf_return_value                     0x00000000   Number         0  printf_stubs.o ABSOLUTE
    _printf_sizespec                         0x00000000   Number         0  printf_stubs.o ABSOLUTE
    _printf_widthprec                        0x00000000   Number         0  printf_stubs.o ABSOLUTE
    __ARM_exceptions_init                     - Undefined Weak Reference
    __alloca_initialize                       - Undefined Weak Reference
    __arm_preinit_                            - Undefined Weak Reference
    __cpp_initialize__aeabi_                  - Undefined Weak Reference
    __cxa_finalize                            - Undefined Weak Reference
    __rt_locale                               - Undefined Weak Reference
    __sigvec_lookup                           - Undefined Weak Reference
    _atexit_init                              - Undefined Weak Reference
    _call_atexit_fns                          - Undefined Weak Reference
    _clock_init                               - Undefined Weak Reference
    _fp_trap_init                             - Undefined Weak Reference
    _fp_trap_shutdown                         - Undefined Weak Reference
    _get_lc_collate                           - Undefined Weak Reference
    _get_lc_ctype                             - Undefined Weak Reference
    _get_lc_monetary                          - Undefined Weak Reference
    _get_lc_numeric                           - Undefined Weak Reference
    _get_lc_time                              - Undefined Weak Reference
    _getenv_init                              - Undefined Weak Reference
    _handle_redirection                       - Undefined Weak Reference
    _init_alloc                               - Undefined Weak Reference
    _init_user_alloc                          - Undefined Weak Reference
    _initio                                   - Undefined Weak Reference
    _printf_mbtowc                            - Undefined Weak Reference
    _printf_truncate_signed                   - Undefined Weak Reference
    _printf_truncate_unsigned                 - Undefined Weak Reference
    _rand_init                                - Undefined Weak Reference
    _signal_finish                            - Undefined Weak Reference
    _signal_init                              - Undefined Weak Reference
    _terminate_alloc                          - Undefined Weak Reference
    _terminate_user_alloc                     - Undefined Weak Reference
    _terminateio                              - Undefined Weak Reference
    __Vectors_Size                           0x000000ec   Number         0  startup_stm32f103xb.o ABSOLUTE
    __Vectors                                0x08000000   Data           4  startup_stm32f103xb.o(RESET)
    __Vectors_End                            0x080000ec   Data           0  startup_stm32f103xb.o(RESET)
    __main                                   0x080000ed   Thumb Code     8  __main.o(!!!main)
    __scatterload                            0x080000f5   Thumb Code     0  __scatter.o(!!!scatter)
    __scatterload_rt2                        0x080000f5   Thumb Code    44  __scatter.o(!!!scatter)
    __scatterload_rt2_thumb_only             0x080000f5   Thumb Code     0  __scatter.o(!!!scatter)
    __scatterload_null                       0x08000103   Thumb Code     0  __scatter.o(!!!scatter)
    __scatterload_copy                       0x08000129   Thumb Code    26  __scatter_copy.o(!!handler_copy)
    __scatterload_zeroinit                   0x08000145   Thumb Code    28  __scatter_zi.o(!!handler_zi)
    _printf_d                                0x08000161   Thumb Code     0  _printf_d.o(.ARM.Collect$$_printf_percent$$00000009)
    _printf_percent                          0x08000161   Thumb Code     0  _printf_percent.o(.ARM.Collect$$_printf_percent$$00000000)
    _printf_x                                0x08000167   Thumb Code     0  _printf_x.o(.ARM.Collect$$_printf_percent$$0000000C)
    _printf_s                                0x0800016d   Thumb Code     0  _printf_s.o(.ARM.Collect$$_printf_percent$$00000014)
    _printf_percent_end                      0x08000173   Thumb Code     0  _printf_percent_end.o(.ARM.Collect$$_printf_percent$$00000017)
    __rt_lib_init                            0x08000177   Thumb Code     0  libinit.o(.ARM.Collect$$libinit$$00000000)
    __rt_lib_init_alloca_1                   0x08000179   Thumb Code     0  libinit2.o(.ARM.Collect$$libinit$$0000002E)
    __rt_lib_init_argv_1                     0x08000179   Thumb Code     0  libinit2.o(.ARM.Collect$$libinit$$0000002C)
    __rt_lib_init_atexit_1                   0x08000179   Thumb Code     0  libinit2.o(.ARM.Collect$$libinit$$0000001B)
    __rt_lib_init_clock_1                    0x08000179   Thumb Code     0  libinit2.o(.ARM.Collect$$libinit$$00000021)
    __rt_lib_init_cpp_1                      0x08000179   Thumb Code     0  libinit2.o(.ARM.Collect$$libinit$$00000032)
    __rt_lib_init_exceptions_1               0x08000179   Thumb Code     0  libinit2.o(.ARM.Collect$$libinit$$00000030)
    __rt_lib_init_fp_1                       0x08000179   Thumb Code     0  libinit2.o(.ARM.Collect$$libinit$$00000002)
    __rt_lib_init_fp_trap_1                  0x08000179   Thumb Code     0  libinit2.o(.ARM.Collect$$libinit$$0000001F)
    __rt_lib_init_getenv_1                   0x08000179   Thumb Code     0  libinit2.o(.ARM.Collect$$libinit$$00000023)
    __rt_lib_init_heap_1                     0x08000179   Thumb Code     0  libinit2.o(.ARM.Collect$$libinit$$0000000A)
    __rt_lib_init_lc_collate_1               0x08000179   Thumb Code     0  libinit2.o(.ARM.Collect$$libinit$$00000011)
    __rt_lib_init_lc_ctype_1                 0x08000179   Thumb Code     0  libinit2.o(.ARM.Collect$$libinit$$00000013)
    __rt_lib_init_lc_monetary_1              0x08000179   Thumb Code     0  libinit2.o(.ARM.Collect$$libinit$$00000015)
    __rt_lib_init_lc_numeric_1               0x08000179   Thumb Code     0  libinit2.o(.ARM.Collect$$libinit$$00000017)
    __rt_lib_init_lc_time_1                  0x08000179   Thumb Code     0  libinit2.o(.ARM.Collect$$libinit$$00000019)
    __rt_lib_init_preinit_1                  0x08000179   Thumb Code     0  libinit2.o(.ARM.Collect$$libinit$$00000004)
    __rt_lib_init_rand_1                     0x08000179   Thumb Code     0  libinit2.o(.ARM.Collect$$libinit$$0000000E)
    __rt_lib_init_return                     0x08000179   Thumb Code     0  libinit2.o(.ARM.Collect$$libinit$$00000033)
    __rt_lib_init_signal_1                   0x08000179   Thumb Code     0  libinit2.o(.ARM.Collect$$libinit$$0000001D)
    __rt_lib_init_stdio_1                    0x08000179   Thumb Code     0  libinit2.o(.ARM.Collect$$libinit$$00000025)
    __rt_lib_init_user_alloc_1               0x08000179   Thumb Code     0  libinit2.o(.ARM.Collect$$libinit$$0000000C)
    __rt_lib_shutdown                        0x0800017b   Thumb Code     0  libshutdown.o(.ARM.Collect$$libshutdown$$00000000)
    __rt_lib_shutdown_cpp_1                  0x0800017d   Thumb Code     0  libshutdown2.o(.ARM.Collect$$libshutdown$$00000002)
    __rt_lib_shutdown_fp_trap_1              0x0800017d   Thumb Code     0  libshutdown2.o(.ARM.Collect$$libshutdown$$00000007)
    __rt_lib_shutdown_heap_1                 0x0800017d   Thumb Code     0  libshutdown2.o(.ARM.Collect$$libshutdown$$0000000F)
    __rt_lib_shutdown_return                 0x0800017d   Thumb Code     0  libshutdown2.o(.ARM.Collect$$libshutdown$$00000010)
    __rt_lib_shutdown_signal_1               0x0800017d   Thumb Code     0  libshutdown2.o(.ARM.Collect$$libshutdown$$0000000A)
    __rt_lib_shutdown_stdio_1                0x0800017d   Thumb Code     0  libshutdown2.o(.ARM.Collect$$libshutdown$$00000004)
    __rt_lib_shutdown_user_alloc_1           0x0800017d   Thumb Code     0  libshutdown2.o(.ARM.Collect$$libshutdown$$0000000C)
    __rt_entry                               0x0800017f   Thumb Code     0  __rtentry.o(.ARM.Collect$$rtentry$$00000000)
    __rt_entry_presh_1                       0x0800017f   Thumb Code     0  __rtentry2.o(.ARM.Collect$$rtentry$$00000002)
    __rt_entry_sh                            0x0800017f   Thumb Code     0  __rtentry4.o(.ARM.Collect$$rtentry$$00000004)
    __rt_entry_li                            0x08000185   Thumb Code     0  __rtentry2.o(.ARM.Collect$$rtentry$$0000000A)
    __rt_entry_postsh_1                      0x08000185   Thumb Code     0  __rtentry2.o(.ARM.Collect$$rtentry$$00000009)
    __rt_entry_main                          0x08000189   Thumb Code     0  __rtentry2.o(.ARM.Collect$$rtentry$$0000000D)
    __rt_entry_postli_1                      0x08000189   Thumb Code     0  __rtentry2.o(.ARM.Collect$$rtentry$$0000000C)
    __rt_exit                                0x08000191   Thumb Code     0  rtexit.o(.ARM.Collect$$rtexit$$00000000)
    __rt_exit_ls                             0x08000193   Thumb Code     0  rtexit2.o(.ARM.Collect$$rtexit$$00000003)
    __rt_exit_prels_1                        0x08000193   Thumb Code     0  rtexit2.o(.ARM.Collect$$rtexit$$00000002)
    __rt_exit_exit                           0x08000197   Thumb Code     0  rtexit2.o(.ARM.Collect$$rtexit$$00000004)
    Reset_Handler                            0x0800019d   Thumb Code     8  startup_stm32f103xb.o(.text)
    ADC1_2_IRQHandler                        0x080001b7   Thumb Code     0  startup_stm32f103xb.o(.text)
    CAN1_RX1_IRQHandler                      0x080001b7   Thumb Code     0  startup_stm32f103xb.o(.text)
    CAN1_SCE_IRQHandler                      0x080001b7   Thumb Code     0  startup_stm32f103xb.o(.text)
    DMA1_Channel1_IRQHandler                 0x080001b7   Thumb Code     0  startup_stm32f103xb.o(.text)
    DMA1_Channel2_IRQHandler                 0x080001b7   Thumb Code     0  startup_stm32f103xb.o(.text)
    DMA1_Channel3_IRQHandler                 0x080001b7   Thumb Code     0  startup_stm32f103xb.o(.text)
    DMA1_Channel4_IRQHandler                 0x080001b7   Thumb Code     0  startup_stm32f103xb.o(.text)
    DMA1_Channel5_IRQHandler                 0x080001b7   Thumb Code     0  startup_stm32f103xb.o(.text)
    DMA1_Channel6_IRQHandler                 0x080001b7   Thumb Code     0  startup_stm32f103xb.o(.text)
    DMA1_Channel7_IRQHandler                 0x080001b7   Thumb Code     0  startup_stm32f103xb.o(.text)
    EXTI15_10_IRQHandler                     0x080001b7   Thumb Code     0  startup_stm32f103xb.o(.text)
    EXTI1_IRQHandler                         0x080001b7   Thumb Code     0  startup_stm32f103xb.o(.text)
    EXTI2_IRQHandler                         0x080001b7   Thumb Code     0  startup_stm32f103xb.o(.text)
    EXTI3_IRQHandler                         0x080001b7   Thumb Code     0  startup_stm32f103xb.o(.text)
    EXTI4_IRQHandler                         0x080001b7   Thumb Code     0  startup_stm32f103xb.o(.text)
    EXTI9_5_IRQHandler                       0x080001b7   Thumb Code     0  startup_stm32f103xb.o(.text)
    FLASH_IRQHandler                         0x080001b7   Thumb Code     0  startup_stm32f103xb.o(.text)
    I2C1_ER_IRQHandler                       0x080001b7   Thumb Code     0  startup_stm32f103xb.o(.text)
    I2C1_EV_IRQHandler                       0x080001b7   Thumb Code     0  startup_stm32f103xb.o(.text)
    I2C2_ER_IRQHandler                       0x080001b7   Thumb Code     0  startup_stm32f103xb.o(.text)
    I2C2_EV_IRQHandler                       0x080001b7   Thumb Code     0  startup_stm32f103xb.o(.text)
    PVD_IRQHandler                           0x080001b7   Thumb Code     0  startup_stm32f103xb.o(.text)
    RCC_IRQHandler                           0x080001b7   Thumb Code     0  startup_stm32f103xb.o(.text)
    RTC_Alarm_IRQHandler                     0x080001b7   Thumb Code     0  startup_stm32f103xb.o(.text)
    RTC_IRQHandler                           0x080001b7   Thumb Code     0  startup_stm32f103xb.o(.text)
    SPI1_IRQHandler                          0x080001b7   Thumb Code     0  startup_stm32f103xb.o(.text)
    SPI2_IRQHandler                          0x080001b7   Thumb Code     0  startup_stm32f103xb.o(.text)
    TAMPER_IRQHandler                        0x080001b7   Thumb Code     0  startup_stm32f103xb.o(.text)
    TIM1_BRK_IRQHandler                      0x080001b7   Thumb Code     0  startup_stm32f103xb.o(.text)
    TIM1_CC_IRQHandler                       0x080001b7   Thumb Code     0  startup_stm32f103xb.o(.text)
    TIM1_TRG_COM_IRQHandler                  0x080001b7   Thumb Code     0  startup_stm32f103xb.o(.text)
    TIM1_UP_IRQHandler                       0x080001b7   Thumb Code     0  startup_stm32f103xb.o(.text)
    TIM2_IRQHandler                          0x080001b7   Thumb Code     0  startup_stm32f103xb.o(.text)
    TIM3_IRQHandler                          0x080001b7   Thumb Code     0  startup_stm32f103xb.o(.text)
    TIM4_IRQHandler                          0x080001b7   Thumb Code     0  startup_stm32f103xb.o(.text)
    USART1_IRQHandler                        0x080001b7   Thumb Code     0  startup_stm32f103xb.o(.text)
    USART2_IRQHandler                        0x080001b7   Thumb Code     0  startup_stm32f103xb.o(.text)
    USART3_IRQHandler                        0x080001b7   Thumb Code     0  startup_stm32f103xb.o(.text)
    USBWakeUp_IRQHandler                     0x080001b7   Thumb Code     0  startup_stm32f103xb.o(.text)
    USB_HP_CAN1_TX_IRQHandler                0x080001b7   Thumb Code     0  startup_stm32f103xb.o(.text)
    USB_LP_CAN1_RX0_IRQHandler               0x080001b7   Thumb Code     0  startup_stm32f103xb.o(.text)
    WWDG_IRQHandler                          0x080001b7   Thumb Code     0  startup_stm32f103xb.o(.text)
    __user_initial_stackheap                 0x080001b9   Thumb Code     0  startup_stm32f103xb.o(.text)
    __2sprintf                               0x080001dd   Thumb Code    34  noretval__2sprintf.o(.text)
    _printf_pre_padding                      0x08000205   Thumb Code    44  _printf_pad.o(.text)
    _printf_post_padding                     0x08000231   Thumb Code    34  _printf_pad.o(.text)
    _printf_str                              0x08000253   Thumb Code    82  _printf_str.o(.text)
    _printf_int_dec                          0x080002a5   Thumb Code   104  _printf_dec.o(.text)
    _printf_int_hex                          0x0800031d   Thumb Code    84  _printf_hex_int.o(.text)
    _printf_longlong_hex                     0x0800031d   Thumb Code     0  _printf_hex_int.o(.text)
    __printf                                 0x08000375   Thumb Code   308  __printf_flags_wp.o(.text)
    strcpy                                   0x080004ad   Thumb Code    72  strcpy.o(.text)
    strlen                                   0x080004f5   Thumb Code    62  strlen.o(.text)
    __aeabi_memcpy                           0x08000533   Thumb Code     0  rt_memcpy_v6.o(.text)
    __rt_memcpy                              0x08000533   Thumb Code   138  rt_memcpy_v6.o(.text)
    _memcpy_lastbytes                        0x08000599   Thumb Code     0  rt_memcpy_v6.o(.text)
    __aeabi_memset                           0x080005bd   Thumb Code    16  aeabi_memset.o(.text)
    __aeabi_memclr4                          0x080005cd   Thumb Code     0  rt_memclr_w.o(.text)
    __aeabi_memclr8                          0x080005cd   Thumb Code     0  rt_memclr_w.o(.text)
    __rt_memclr_w                            0x080005cd   Thumb Code    78  rt_memclr_w.o(.text)
    _memset_w                                0x080005d1   Thumb Code     0  rt_memclr_w.o(.text)
    strcmp                                   0x0800061d   Thumb Code   128  strcmpv7m.o(.text)
    __use_two_region_memory                  0x0800069d   Thumb Code     2  heapauxi.o(.text)
    __rt_heap_escrow$2region                 0x0800069f   Thumb Code     2  heapauxi.o(.text)
    __rt_heap_expand$2region                 0x080006a1   Thumb Code     2  heapauxi.o(.text)
    _printf_int_common                       0x080006a3   Thumb Code   178  _printf_intcommon.o(.text)
    _printf_char_common                      0x0800075f   Thumb Code    32  _printf_char_common.o(.text)
    _sputc                                   0x08000785   Thumb Code    10  _sputc.o(.text)
    _printf_cs_common                        0x0800078f   Thumb Code    20  _printf_char.o(.text)
    _printf_char                             0x080007a3   Thumb Code    16  _printf_char.o(.text)
    _printf_string                           0x080007b3   Thumb Code     8  _printf_char.o(.text)
    __aeabi_memcpy4                          0x080007bb   Thumb Code     0  rt_memcpy_w.o(.text)
    __aeabi_memcpy8                          0x080007bb   Thumb Code     0  rt_memcpy_w.o(.text)
    __rt_memcpy_w                            0x080007bb   Thumb Code   100  rt_memcpy_w.o(.text)
    _memcpy_lastbytes_aligned                0x08000803   Thumb Code     0  rt_memcpy_w.o(.text)
    __aeabi_memclr                           0x0800081f   Thumb Code     0  rt_memclr.o(.text)
    __rt_memclr                              0x0800081f   Thumb Code    68  rt_memclr.o(.text)
    _memset                                  0x08000823   Thumb Code     0  rt_memclr.o(.text)
    __user_setup_stackheap                   0x08000863   Thumb Code    74  sys_stackheap_outer.o(.text)
    exit                                     0x080008ad   Thumb Code    18  exit.o(.text)
    __user_libspace                          0x080008c1   Thumb Code     8  libspace.o(.text)
    __user_perproc_libspace                  0x080008c1   Thumb Code     0  libspace.o(.text)
    __user_perthread_libspace                0x080008c1   Thumb Code     0  libspace.o(.text)
    _sys_exit                                0x080008c9   Thumb Code     8  sys_exit.o(.text)
    __I$use$semihosting                      0x080008d5   Thumb Code     0  use_no_semi.o(.text)
    __use_no_semihosting_swi                 0x080008d5   Thumb Code     2  use_no_semi.o(.text)
    BusFault_Handler                         0x080008d7   Thumb Code     2  stm32f1xx_it.o(.text.BusFault_Handler)
    __semihosting_library_function           0x080008d7   Thumb Code     0  indicate_semi.o(.text)
    DebugMon_Handler                         0x080008d9   Thumb Code     2  stm32f1xx_it.o(.text.DebugMon_Handler)
    EXTI0_IRQHandler                         0x080008db   Thumb Code     6  stm32f1xx_it.o(.text.EXTI0_IRQHandler)
    FLASH_PageErase                          0x080008fd   Thumb Code    36  stm32f1xx_hal_flash_ex.o(.text.FLASH_PageErase)
    FLASH_WaitForLastOperation               0x08000969   Thumb Code   100  stm32f1xx_hal_flash.o(.text.FLASH_WaitForLastOperation)
    FLASH_Write_Page                         0x080009cd   Thumb Code    70  main.o(.text.FLASH_Write_Page)
    HAL_Delay                                0x08000a15   Thumb Code    36  stm32f1xx_hal.o(.text.HAL_Delay)
    HAL_FLASHEx_Erase                        0x08000a35   Thumb Code   160  stm32f1xx_hal_flash_ex.o(.text.HAL_FLASHEx_Erase)
    HAL_FLASH_Lock                           0x08000acd   Thumb Code    20  stm32f1xx_hal_flash.o(.text.HAL_FLASH_Lock)
    HAL_FLASH_Program                        0x08000add   Thumb Code   176  stm32f1xx_hal_flash.o(.text.HAL_FLASH_Program)
    HAL_FLASH_Unlock                         0x08000b8d   Thumb Code    44  stm32f1xx_hal_flash.o(.text.HAL_FLASH_Unlock)
    HAL_GPIO_EXTI_Callback                   0x08000bb9   Thumb Code     2  stm32f1xx_hal_gpio.o(.text.HAL_GPIO_EXTI_Callback)
    HAL_GPIO_EXTI_IRQHandler                 0x08000bbd   Thumb Code    20  stm32f1xx_hal_gpio.o(.text.HAL_GPIO_EXTI_IRQHandler)
    HAL_GPIO_Init                            0x08000bd1   Thumb Code   416  stm32f1xx_hal_gpio.o(.text.HAL_GPIO_Init)
    HAL_GPIO_ReadPin                         0x08000d71   Thumb Code    10  stm32f1xx_hal_gpio.o(.text.HAL_GPIO_ReadPin)
    HAL_GPIO_WritePin                        0x08000d7b   Thumb Code    10  stm32f1xx_hal_gpio.o(.text.HAL_GPIO_WritePin)
    HAL_GetTick                              0x08000d85   Thumb Code    12  stm32f1xx_hal.o(.text.HAL_GetTick)
    HAL_I2C_Init                             0x08000d91   Thumb Code   388  stm32f1xx_hal_i2c.o(.text.HAL_I2C_Init)
    HAL_I2C_IsDeviceReady                    0x08000f15   Thumb Code   364  stm32f1xx_hal_i2c.o(.text.HAL_I2C_IsDeviceReady)
    HAL_I2C_Master_Transmit                  0x08001081   Thumb Code   428  stm32f1xx_hal_i2c.o(.text.HAL_I2C_Master_Transmit)
    HAL_I2C_MspInit                          0x0800122d   Thumb Code    96  stm32f1xx_hal_msp.o(.text.HAL_I2C_MspInit)
    HAL_IncTick                              0x08001289   Thumb Code    16  stm32f1xx_hal.o(.text.HAL_IncTick)
    HAL_Init                                 0x08001295   Thumb Code    36  stm32f1xx_hal.o(.text.HAL_Init)
    HAL_InitTick                             0x080012b9   Thumb Code    64  stm32f1xx_hal.o(.text.HAL_InitTick)
    HAL_MspInit                              0x080012f5   Thumb Code    64  stm32f1xx_hal_msp.o(.text.HAL_MspInit)
    HAL_NVIC_EnableIRQ                       0x08001335   Thumb Code    28  stm32f1xx_hal_cortex.o(.text.HAL_NVIC_EnableIRQ)
    HAL_NVIC_SetPriority                     0x08001351   Thumb Code    72  stm32f1xx_hal_cortex.o(.text.HAL_NVIC_SetPriority)
    HAL_NVIC_SetPriorityGrouping             0x08001395   Thumb Code    32  stm32f1xx_hal_cortex.o(.text.HAL_NVIC_SetPriorityGrouping)
    HAL_PWR_EnterSLEEPMode                   0x080013b5   Thumb Code    28  stm32f1xx_hal_pwr.o(.text.HAL_PWR_EnterSLEEPMode)
    HAL_RCC_ClockConfig                      0x080013d1   Thumb Code   312  stm32f1xx_hal_rcc.o(.text.HAL_RCC_ClockConfig)
    HAL_RCC_GetPCLK1Freq                     0x08001505   Thumb Code    32  stm32f1xx_hal_rcc.o(.text.HAL_RCC_GetPCLK1Freq)
    HAL_RCC_GetPCLK2Freq                     0x08001519   Thumb Code    32  stm32f1xx_hal_rcc.o(.text.HAL_RCC_GetPCLK2Freq)
    HAL_RCC_GetSysClockFreq                  0x08001535   Thumb Code    88  stm32f1xx_hal_rcc.o(.text.HAL_RCC_GetSysClockFreq)
    HAL_RCC_OscConfig                        0x0800158d   Thumb Code   884  stm32f1xx_hal_rcc.o(.text.HAL_RCC_OscConfig)
    HAL_ResumeTick                           0x08001901   Thumb Code    16  stm32f1xx_hal.o(.text.HAL_ResumeTick)
    HAL_SPI_Init                             0x0800190d   Thumb Code   182  stm32f1xx_hal_spi.o(.text.HAL_SPI_Init)
    HAL_SPI_MspInit                          0x080019c5   Thumb Code   120  stm32f1xx_hal_msp.o(.text.HAL_SPI_MspInit)
    HAL_SPI_TransmitReceive                  0x08001a3d   Thumb Code   494  stm32f1xx_hal_spi.o(.text.HAL_SPI_TransmitReceive)
    HAL_SYSTICK_Config                       0x08001c2d   Thumb Code    40  stm32f1xx_hal_cortex.o(.text.HAL_SYSTICK_Config)
    HAL_SuspendTick                          0x08001c51   Thumb Code    16  stm32f1xx_hal.o(.text.HAL_SuspendTick)
    HAL_TIMEx_MasterConfigSynchronization    0x08001c61   Thumb Code   108  stm32f1xx_hal_tim_ex.o(.text.HAL_TIMEx_MasterConfigSynchronization)
    HAL_TIM_Base_Init                        0x08001cc1   Thumb Code    88  stm32f1xx_hal_tim.o(.text.HAL_TIM_Base_Init)
    HAL_TIM_Base_MspInit                     0x08001d19   Thumb Code    40  stm32f1xx_hal_msp.o(.text.HAL_TIM_Base_MspInit)
    HAL_TIM_Base_Start                       0x08001d41   Thumb Code    80  stm32f1xx_hal_tim.o(.text.HAL_TIM_Base_Start)
    HAL_TIM_ConfigClockSource                0x08001d85   Thumb Code   248  stm32f1xx_hal_tim.o(.text.HAL_TIM_ConfigClockSource)
    HAL_TIM_MspPostInit                      0x08001e7d   Thumb Code    96  stm32f1xx_hal_msp.o(.text.HAL_TIM_MspPostInit)
    HAL_TIM_PWM_ConfigChannel                0x08001ed9   Thumb Code   154  stm32f1xx_hal_tim.o(.text.HAL_TIM_PWM_ConfigChannel)
    HAL_TIM_PWM_Init                         0x08001f73   Thumb Code    88  stm32f1xx_hal_tim.o(.text.HAL_TIM_PWM_Init)
    HAL_TIM_PWM_MspInit                      0x08001fcb   Thumb Code     2  stm32f1xx_hal_tim.o(.text.HAL_TIM_PWM_MspInit)
    HAL_TIM_PWM_Start                        0x08001fcd   Thumb Code   156  stm32f1xx_hal_tim.o(.text.HAL_TIM_PWM_Start)
    HAL_UART_Init                            0x08002069   Thumb Code    94  stm32f1xx_hal_uart.o(.text.HAL_UART_Init)
    HAL_UART_MspInit                         0x080020c9   Thumb Code   204  stm32f1xx_hal_msp.o(.text.HAL_UART_MspInit)
    HAL_UART_Receive                         0x08002195   Thumb Code   186  stm32f1xx_hal_uart.o(.text.HAL_UART_Receive)
    HAL_UART_Transmit                        0x0800224f   Thumb Code   170  stm32f1xx_hal_uart.o(.text.HAL_UART_Transmit)
    HardFault_Handler                        0x080022f9   Thumb Code     2  stm32f1xx_it.o(.text.HardFault_Handler)
    KEYPAD3X4_Init                           0x08002529   Thumb Code   164  keypad.o(.text.KEYPAD3X4_Init)
    KEYPAD3X4_Readkey                        0x080025cd   Thumb Code   132  keypad.o(.text.KEYPAD3X4_Readkey)
    MemManage_Handler                        0x08002651   Thumb Code     2  stm32f1xx_it.o(.text.MemManage_Handler)
    NMI_Handler                              0x08002653   Thumb Code     2  stm32f1xx_it.o(.text.NMI_Handler)
    PendSV_Handler                           0x08002655   Thumb Code     2  stm32f1xx_it.o(.text.PendSV_Handler)
    SSD1306_Clear                            0x08002729   Thumb Code    24  ssd1306.o(.text.SSD1306_Clear)
    SSD1306_DrawPixel                        0x0800273d   Thumb Code    64  ssd1306.o(.text.SSD1306_DrawPixel)
    SSD1306_GotoXY                           0x08002779   Thumb Code    12  ssd1306.o(.text.SSD1306_GotoXY)
    SSD1306_Init                             0x08002781   Thumb Code   296  ssd1306.o(.text.SSD1306_Init)
    SSD1306_Putc                             0x0800289d   Thumb Code   148  ssd1306.o(.text.SSD1306_Putc)
    SSD1306_Puts                             0x08002931   Thumb Code    40  ssd1306.o(.text.SSD1306_Puts)
    SSD1306_UpdateScreen                     0x08002959   Thumb Code    68  ssd1306.o(.text.SSD1306_UpdateScreen)
    SVC_Handler                              0x0800299d   Thumb Code     2  stm32f1xx_it.o(.text.SVC_Handler)
    SysTick_Handler                          0x0800299f   Thumb Code     4  stm32f1xx_it.o(.text.SysTick_Handler)
    SystemClock_Config                       0x080029a3   Thumb Code    88  main.o(.text.SystemClock_Config)
    SystemInit                               0x080029fb   Thumb Code     2  system_stm32f1xx.o(.text.SystemInit)
    TIM_Base_SetConfig                       0x080029fd   Thumb Code    92  stm32f1xx_hal_tim.o(.text.TIM_Base_SetConfig)
    TIM_CCxChannelCmd                        0x08002a55   Thumb Code    30  stm32f1xx_hal_tim.o(.text.TIM_CCxChannelCmd)
    TIM_OC2_SetConfig                        0x08002acd   Thumb Code   100  stm32f1xx_hal_tim.o(.text.TIM_OC2_SetConfig)
    TM_MFRC522_AntennaOn                     0x08002c1f   Thumb Code    26  mfrc522.o(.text.TM_MFRC522_AntennaOn)
    TM_MFRC522_Anticoll                      0x08002c39   Thumb Code    66  mfrc522.o(.text.TM_MFRC522_Anticoll)
    TM_MFRC522_CalculateCRC                  0x08002c7b   Thumb Code    90  mfrc522.o(.text.TM_MFRC522_CalculateCRC)
    TM_MFRC522_Check                         0x08002cd5   Thumb Code    32  mfrc522.o(.text.TM_MFRC522_Check)
    TM_MFRC522_ClearBitMask                  0x08002cf5   Thumb Code    24  mfrc522.o(.text.TM_MFRC522_ClearBitMask)
    TM_MFRC522_Compare                       0x08002d0d   Thumb Code    30  mfrc522.o(.text.TM_MFRC522_Compare)
    TM_MFRC522_Halt                          0x08002d2b   Thumb Code    42  mfrc522.o(.text.TM_MFRC522_Halt)
    TM_MFRC522_Init                          0x08002d55   Thumb Code    64  mfrc522.o(.text.TM_MFRC522_Init)
    TM_MFRC522_ReadRegister                  0x08002d95   Thumb Code    60  mfrc522.o(.text.TM_MFRC522_ReadRegister)
    TM_MFRC522_Request                       0x08002dcd   Thumb Code    62  mfrc522.o(.text.TM_MFRC522_Request)
    TM_MFRC522_Reset                         0x08002e0b   Thumb Code     8  mfrc522.o(.text.TM_MFRC522_Reset)
    TM_MFRC522_SetBitMask                    0x08002e13   Thumb Code    24  mfrc522.o(.text.TM_MFRC522_SetBitMask)
    TM_MFRC522_ToCard                        0x08002e2b   Thumb Code   276  mfrc522.o(.text.TM_MFRC522_ToCard)
    TM_MFRC522_WriteRegister                 0x08002f41   Thumb Code    56  mfrc522.o(.text.TM_MFRC522_WriteRegister)
    TM_SPI_Send                              0x08002f79   Thumb Code    60  mfrc522.o(.text.TM_SPI_Send)
    UsageFault_Handler                       0x080030a7   Thumb Code     2  stm32f1xx_it.o(.text.UsageFault_Handler)
    charArrayToUint32                        0x080030cd   Thumb Code    38  main.o(.text.charArrayToUint32)
    checkFingerPrintID                       0x080030f5   Thumb Code   256  as608.o(.text.checkFingerPrintID)
    checkInputFinger                         0x080031f1   Thumb Code   244  as608.o(.text.checkInputFinger)
    check_password                           0x080032d1   Thumb Code    14  main.o(.text.check_password)
    createModel                              0x080032e1   Thumb Code    36  as608.o(.text.createModel)
    defineUser                               0x08003301   Thumb Code    32  main.o(.text.defineUser)
    deleteFingerprint                        0x08003321   Thumb Code    44  as608.o(.text.deleteFingerprint)
    emptyfinger_database                     0x08003349   Thumb Code    36  as608.o(.text.emptyfinger_database)
    find_avaiable_idex_table                 0x08003369   Thumb Code    84  as608.o(.text.find_avaiable_idex_table)
    fingerIDSearch                           0x080033b9   Thumb Code    56  as608.o(.text.fingerIDSearch)
    getFingerprintEnroll                     0x080033f1   Thumb Code   744  as608.o(.text.getFingerprintEnroll)
    getImage                                 0x080036d9   Thumb Code    36  as608.o(.text.getImage)
    getStructuredPacket                      0x080036fd   Thumb Code    36  as608.o(.text.getStructuredPacket)
    gotoSleep                                0x08003721   Thumb Code    64  main.o(.text.gotoSleep)
    handleAddUser                            0x0800375d   Thumb Code    84  main.o(.text.handleAddUser)
    handleCard                               0x080037a5   Thumb Code    28  main.o(.text.handleCard)
    handleChangePasscode                     0x080037bd   Thumb Code   116  main.o(.text.handleChangePasscode)
    handleFingerprint                        0x08003825   Thumb Code   156  main.o(.text.handleFingerprint)
    handleFingerprintState                   0x080038ad   Thumb Code    64  main.o(.text.handleFingerprintState)
    handleInitialState                       0x080038e5   Thumb Code   340  main.o(.text.handleInitialState)
    handleMenu                               0x08003a39   Thumb Code   304  main.o(.text.handleMenu)
    handleOpenState                          0x08003b69   Thumb Code   140  main.o(.text.handleOpenState)
    handlePasscode                           0x08003bf1   Thumb Code    28  main.o(.text.handlePasscode)
    handleRemoveUser                         0x08003c0d   Thumb Code   264  main.o(.text.handleRemoveUser)
    image2Tz                                 0x08003d11   Thumb Code    36  as608.o(.text.image2Tz)
    inputMNV                                 0x08003d35   Thumb Code   112  main.o(.text.inputMNV)
    inputPasscode                            0x08003d9d   Thumb Code    76  main.o(.text.inputPasscode)
    inputPasscodeWithText                    0x08003de1   Thumb Code   292  main.o(.text.inputPasscodeWithText)
    main                                     0x08003f05   Thumb Code   840  main.o(.text.main)
    passcode                                 0x08004249   Thumb Code   340  main.o(.text.passcode)
    passcodeCase                             0x0800439d   Thumb Code    96  main.o(.text.passcodeCase)
    printUSER                                0x080043fd   Thumb Code   156  main.o(.text.printUSER)
    rfid                                     0x08004499   Thumb Code   324  main.o(.text.rfid)
    setupDefaultPassword                     0x080045dd   Thumb Code    56  main.o(.text.setupDefaultPassword)
    ssd1306_I2C_Write                        0x08004615   Thumb Code    36  ssd1306.o(.text.ssd1306_I2C_Write)
    ssd1306_I2C_WriteMulti                   0x08004635   Thumb Code    60  ssd1306.o(.text.ssd1306_I2C_WriteMulti)
    storeModel                               0x08004671   Thumb Code    44  as608.o(.text.storeModel)
    uint32ToCharArray                        0x0800469d   Thumb Code    20  main.o(.text.uint32ToCharArray)
    wakeup                                   0x080046b1   Thumb Code    40  main.o(.text.wakeup)
    writeStructuredPacket                    0x080046d9   Thumb Code   100  as608.o(.text.writeStructuredPacket)
    write_byte                               0x0800473d   Thumb Code    28  as608.o(.text.write_byte)
    write_command                            0x08004759   Thumb Code    84  as608.o(.text.write_command)
    write_command_at                         0x080047a5   Thumb Code    92  as608.o(.text.write_command_at)
    _is_digit                                0x08004801   Thumb Code    14  __printf_wp.o(i._is_digit)
    AHBPrescTable                            0x08004847   Data          16  system_stm32f1xx.o(.rodata.AHBPrescTable)
    APBPrescTable                            0x08004857   Data           8  system_stm32f1xx.o(.rodata.APBPrescTable)
    Font11x18                                0x08004860   Data        3420  fonts.o(.rodata.Font11x18)
    Font7x10                                 0x080055bc   Data        1900  fonts.o(.rodata.Font7x10)
    KEYMAP                                   0x08005d28   Data          12  main.o(.rodata.KEYMAP)
    Region$$Table$$Base                      0x08005e80   Number         0  anon$$obj.o(Region$$Table)
    Region$$Table$$Limit                     0x08005ea0   Number         0  anon$$obj.o(Region$$Table)
    currentState                             0x20000000   Data           1  main.o(.data..L_MergedGlobals)
    rfid_check                               0x20000001   Data           1  main.o(.data..L_MergedGlobals)
    passcode_check                           0x20000002   Data           1  main.o(.data..L_MergedGlobals)
    menu_check                               0x20000003   Data           1  main.o(.data..L_MergedGlobals)
    fingerID                                 0x20000004   Data           1  main.o(.data..L_MergedGlobals)
    startpage                                0x20000008   Data           4  main.o(.data..L_MergedGlobals)
    dataread                                 0x2000000c   Data           4  main.o(.data..L_MergedGlobals)
    attempt                                  0x20000010   Data           4  main.o(.data..L_MergedGlobals)
    fingerprintValue                         0x20000014   Data           4  main.o(.data..L_MergedGlobals)
    tempF                                    0x20000018   Data           4  main.o(.data..L_MergedGlobals)
    fingerValue                              0x2000001c   Data           4  main.o(.data..L_MergedGlobals)
    MyID                                     0x20000020   Data           5  main.o(.data..L_MergedGlobals)
    CardID                                   0x20000025   Data           5  main.o(.data..L_MergedGlobals)
    original_passcode                        0x2000002a   Data           7  main.o(.data..L_MergedGlobals)
    input_password                           0x20000031   Data           7  main.o(.data..L_MergedGlobals)
    newPasscode                              0x20000038   Data           7  main.o(.data..L_MergedGlobals)
    uwTickFreq                               0x20000040   Data           1  stm32f1xx_hal.o(.data..L_MergedGlobals)
    uwTickPrio                               0x20000044   Data           4  stm32f1xx_hal.o(.data..L_MergedGlobals)
    uwTick                                   0x20000048   Data           4  stm32f1xx_hal.o(.data..L_MergedGlobals)
    Font_11x18                               0x2000004c   Data           8  fonts.o(.data.Font_11x18)
    Font_7x10                                0x20000054   Data           8  fonts.o(.data.Font_7x10)
    SystemCoreClock                          0x2000005c   Data           4  system_stm32f1xx.o(.data.SystemCoreClock)
    __libspace_start                         0x20000060   Data          96  libspace.o(.bss)
    __temporary_stack_top$libspace           0x200000c0   Data           0  libspace.o(.bss)
    finger_data                              0x200000d0   Data          64  as608.o(.bss..L_MergedGlobals.25)
    KeyPad                                   0x20000110   Data          72  main.o(.bss..L_MergedGlobals.33)
    htim2                                    0x20000160   Data          72  main.o(.bss..L_MergedGlobals.34)
    huart1                                   0x200001b0   Data          72  main.o(.bss..L_MergedGlobals.35)
    huart2                                   0x20000200   Data          72  main.o(.bss..L_MergedGlobals.36)
    hi2c1                                    0x20000250   Data          84  main.o(.bss..L_MergedGlobals.37)
    hspi2                                    0x200002b0   Data          88  main.o(.bss..L_MergedGlobals.38)
    pFlash                                   0x20000708   Data          32  stm32f1xx_hal_flash.o(.bss.pFlash)



==============================================================================

Memory Map of the image

  Image Entry point : 0x080000ed

  Load Region LR_IROM1 (Base: 0x08000000, Size: 0x00005f00, Max: 0x00010000, ABSOLUTE)

    Execution Region ER_IROM1 (Exec base: 0x08000000, Load base: 0x08000000, Size: 0x00005ea0, Max: 0x00010000, ABSOLUTE)

    Exec Addr    Load Addr    Size         Type   Attr      Idx    E Section Name        Object

    0x08000000   0x08000000   0x000000ec   Data   RO            3    RESET               startup_stm32f103xb.o
    0x080000ec   0x080000ec   0x00000008   Code   RO         1564  * !!!main             c_w.l(__main.o)
    0x080000f4   0x080000f4   0x00000034   Code   RO         1742    !!!scatter          c_w.l(__scatter.o)
    0x08000128   0x08000128   0x0000001a   Code   RO         1744    !!handler_copy      c_w.l(__scatter_copy.o)
    0x08000142   0x08000142   0x00000002   PAD
    0x08000144   0x08000144   0x0000001c   Code   RO         1746    !!handler_zi        c_w.l(__scatter_zi.o)
    0x08000160   0x08000160   0x00000000   Code   RO         1547    .ARM.Collect$$_printf_percent$$00000000  c_w.l(_printf_percent.o)
    0x08000160   0x08000160   0x00000006   Code   RO         1546    .ARM.Collect$$_printf_percent$$00000009  c_w.l(_printf_d.o)
    0x08000166   0x08000166   0x00000006   Code   RO         1545    .ARM.Collect$$_printf_percent$$0000000C  c_w.l(_printf_x.o)
    0x0800016c   0x0800016c   0x00000006   Code   RO         1544    .ARM.Collect$$_printf_percent$$00000014  c_w.l(_printf_s.o)
    0x08000172   0x08000172   0x00000004   Code   RO         1575    .ARM.Collect$$_printf_percent$$00000017  c_w.l(_printf_percent_end.o)
    0x08000176   0x08000176   0x00000002   Code   RO         1606    .ARM.Collect$$libinit$$00000000  c_w.l(libinit.o)
    0x08000178   0x08000178   0x00000000   Code   RO         1613    .ARM.Collect$$libinit$$00000002  c_w.l(libinit2.o)
    0x08000178   0x08000178   0x00000000   Code   RO         1615    .ARM.Collect$$libinit$$00000004  c_w.l(libinit2.o)
    0x08000178   0x08000178   0x00000000   Code   RO         1618    .ARM.Collect$$libinit$$0000000A  c_w.l(libinit2.o)
    0x08000178   0x08000178   0x00000000   Code   RO         1620    .ARM.Collect$$libinit$$0000000C  c_w.l(libinit2.o)
    0x08000178   0x08000178   0x00000000   Code   RO         1622    .ARM.Collect$$libinit$$0000000E  c_w.l(libinit2.o)
    0x08000178   0x08000178   0x00000000   Code   RO         1625    .ARM.Collect$$libinit$$00000011  c_w.l(libinit2.o)
    0x08000178   0x08000178   0x00000000   Code   RO         1627    .ARM.Collect$$libinit$$00000013  c_w.l(libinit2.o)
    0x08000178   0x08000178   0x00000000   Code   RO         1629    .ARM.Collect$$libinit$$00000015  c_w.l(libinit2.o)
    0x08000178   0x08000178   0x00000000   Code   RO         1631    .ARM.Collect$$libinit$$00000017  c_w.l(libinit2.o)
    0x08000178   0x08000178   0x00000000   Code   RO         1633    .ARM.Collect$$libinit$$00000019  c_w.l(libinit2.o)
    0x08000178   0x08000178   0x00000000   Code   RO         1635    .ARM.Collect$$libinit$$0000001B  c_w.l(libinit2.o)
    0x08000178   0x08000178   0x00000000   Code   RO         1637    .ARM.Collect$$libinit$$0000001D  c_w.l(libinit2.o)
    0x08000178   0x08000178   0x00000000   Code   RO         1639    .ARM.Collect$$libinit$$0000001F  c_w.l(libinit2.o)
    0x08000178   0x08000178   0x00000000   Code   RO         1641    .ARM.Collect$$libinit$$00000021  c_w.l(libinit2.o)
    0x08000178   0x08000178   0x00000000   Code   RO         1643    .ARM.Collect$$libinit$$00000023  c_w.l(libinit2.o)
    0x08000178   0x08000178   0x00000000   Code   RO         1645    .ARM.Collect$$libinit$$00000025  c_w.l(libinit2.o)
    0x08000178   0x08000178   0x00000000   Code   RO         1649    .ARM.Collect$$libinit$$0000002C  c_w.l(libinit2.o)
    0x08000178   0x08000178   0x00000000   Code   RO         1651    .ARM.Collect$$libinit$$0000002E  c_w.l(libinit2.o)
    0x08000178   0x08000178   0x00000000   Code   RO         1653    .ARM.Collect$$libinit$$00000030  c_w.l(libinit2.o)
    0x08000178   0x08000178   0x00000000   Code   RO         1655    .ARM.Collect$$libinit$$00000032  c_w.l(libinit2.o)
    0x08000178   0x08000178   0x00000002   Code   RO         1656    .ARM.Collect$$libinit$$00000033  c_w.l(libinit2.o)
    0x0800017a   0x0800017a   0x00000002   Code   RO         1678    .ARM.Collect$$libshutdown$$00000000  c_w.l(libshutdown.o)
    0x0800017c   0x0800017c   0x00000000   Code   RO         1693    .ARM.Collect$$libshutdown$$00000002  c_w.l(libshutdown2.o)
    0x0800017c   0x0800017c   0x00000000   Code   RO         1695    .ARM.Collect$$libshutdown$$00000004  c_w.l(libshutdown2.o)
    0x0800017c   0x0800017c   0x00000000   Code   RO         1698    .ARM.Collect$$libshutdown$$00000007  c_w.l(libshutdown2.o)
    0x0800017c   0x0800017c   0x00000000   Code   RO         1701    .ARM.Collect$$libshutdown$$0000000A  c_w.l(libshutdown2.o)
    0x0800017c   0x0800017c   0x00000000   Code   RO         1703    .ARM.Collect$$libshutdown$$0000000C  c_w.l(libshutdown2.o)
    0x0800017c   0x0800017c   0x00000000   Code   RO         1706    .ARM.Collect$$libshutdown$$0000000F  c_w.l(libshutdown2.o)
    0x0800017c   0x0800017c   0x00000002   Code   RO         1707    .ARM.Collect$$libshutdown$$00000010  c_w.l(libshutdown2.o)
    0x0800017e   0x0800017e   0x00000000   Code   RO         1566    .ARM.Collect$$rtentry$$00000000  c_w.l(__rtentry.o)
    0x0800017e   0x0800017e   0x00000000   Code   RO         1581    .ARM.Collect$$rtentry$$00000002  c_w.l(__rtentry2.o)
    0x0800017e   0x0800017e   0x00000006   Code   RO         1593    .ARM.Collect$$rtentry$$00000004  c_w.l(__rtentry4.o)
    0x08000184   0x08000184   0x00000000   Code   RO         1583    .ARM.Collect$$rtentry$$00000009  c_w.l(__rtentry2.o)
    0x08000184   0x08000184   0x00000004   Code   RO         1584    .ARM.Collect$$rtentry$$0000000A  c_w.l(__rtentry2.o)
    0x08000188   0x08000188   0x00000000   Code   RO         1586    .ARM.Collect$$rtentry$$0000000C  c_w.l(__rtentry2.o)
    0x08000188   0x08000188   0x00000008   Code   RO         1587    .ARM.Collect$$rtentry$$0000000D  c_w.l(__rtentry2.o)
    0x08000190   0x08000190   0x00000002   Code   RO         1610    .ARM.Collect$$rtexit$$00000000  c_w.l(rtexit.o)
    0x08000192   0x08000192   0x00000000   Code   RO         1658    .ARM.Collect$$rtexit$$00000002  c_w.l(rtexit2.o)
    0x08000192   0x08000192   0x00000004   Code   RO         1659    .ARM.Collect$$rtexit$$00000003  c_w.l(rtexit2.o)
    0x08000196   0x08000196   0x00000006   Code   RO         1660    .ARM.Collect$$rtexit$$00000004  c_w.l(rtexit2.o)
    0x0800019c   0x0800019c   0x00000040   Code   RO            4    .text               startup_stm32f103xb.o
    0x080001dc   0x080001dc   0x00000028   Code   RO         1493    .text               c_w.l(noretval__2sprintf.o)
    0x08000204   0x08000204   0x0000004e   Code   RO         1497    .text               c_w.l(_printf_pad.o)
    0x08000252   0x08000252   0x00000052   Code   RO         1499    .text               c_w.l(_printf_str.o)
    0x080002a4   0x080002a4   0x00000078   Code   RO         1501    .text               c_w.l(_printf_dec.o)
    0x0800031c   0x0800031c   0x00000058   Code   RO         1506    .text               c_w.l(_printf_hex_int.o)
    0x08000374   0x08000374   0x00000138   Code   RO         1536    .text               c_w.l(__printf_flags_wp.o)
    0x080004ac   0x080004ac   0x00000048   Code   RO         1548    .text               c_w.l(strcpy.o)
    0x080004f4   0x080004f4   0x0000003e   Code   RO         1550    .text               c_w.l(strlen.o)
    0x08000532   0x08000532   0x0000008a   Code   RO         1552    .text               c_w.l(rt_memcpy_v6.o)
    0x080005bc   0x080005bc   0x00000010   Code   RO         1554    .text               c_w.l(aeabi_memset.o)
    0x080005cc   0x080005cc   0x0000004e   Code   RO         1558    .text               c_w.l(rt_memclr_w.o)
    0x0800061a   0x0800061a   0x00000002   PAD
    0x0800061c   0x0800061c   0x00000080   Code   RO         1560    .text               c_w.l(strcmpv7m.o)
    0x0800069c   0x0800069c   0x00000006   Code   RO         1562    .text               c_w.l(heapauxi.o)
    0x080006a2   0x080006a2   0x000000b2   Code   RO         1567    .text               c_w.l(_printf_intcommon.o)
    0x08000754   0x08000754   0x00000030   Code   RO         1569    .text               c_w.l(_printf_char_common.o)
    0x08000784   0x08000784   0x0000000a   Code   RO         1571    .text               c_w.l(_sputc.o)
    0x0800078e   0x0800078e   0x0000002c   Code   RO         1573    .text               c_w.l(_printf_char.o)
    0x080007ba   0x080007ba   0x00000064   Code   RO         1576    .text               c_w.l(rt_memcpy_w.o)
    0x0800081e   0x0800081e   0x00000044   Code   RO         1578    .text               c_w.l(rt_memclr.o)
    0x08000862   0x08000862   0x0000004a   Code   RO         1597    .text               c_w.l(sys_stackheap_outer.o)
    0x080008ac   0x080008ac   0x00000012   Code   RO         1599    .text               c_w.l(exit.o)
    0x080008be   0x080008be   0x00000002   PAD
    0x080008c0   0x080008c0   0x00000008   Code   RO         1607    .text               c_w.l(libspace.o)
    0x080008c8   0x080008c8   0x0000000c   Code   RO         1668    .text               c_w.l(sys_exit.o)
    0x080008d4   0x080008d4   0x00000002   Code   RO         1683    .text               c_w.l(use_no_semi.o)
    0x080008d6   0x080008d6   0x00000000   Code   RO         1685    .text               c_w.l(indicate_semi.o)
    0x080008d6   0x080008d6   0x00000002   Code   RO          304    .text.BusFault_Handler  stm32f1xx_it.o
    0x080008d8   0x080008d8   0x00000002   Code   RO          310    .text.DebugMon_Handler  stm32f1xx_it.o
    0x080008da   0x080008da   0x00000006   Code   RO          316    .text.EXTI0_IRQHandler  stm32f1xx_it.o
    0x080008e0   0x080008e0   0x0000001c   Code   RO          825    .text.FLASH_MassErase  stm32f1xx_hal_flash_ex.o
    0x080008fc   0x080008fc   0x0000001c   Code   RO          827    .text.FLASH_PageErase  stm32f1xx_hal_flash_ex.o
    0x08000918   0x08000918   0x00000050   Code   RO          793    .text.FLASH_SetErrorCode  stm32f1xx_hal_flash.o
    0x08000968   0x08000968   0x00000064   Code   RO          787    .text.FLASH_WaitForLastOperation  stm32f1xx_hal_flash.o
    0x080009cc   0x080009cc   0x00000046   Code   RO          200    .text.FLASH_Write_Page  main.o
    0x08000a12   0x08000a12   0x00000002   PAD
    0x08000a14   0x08000a14   0x00000020   Code   RO          531    .text.HAL_Delay     stm32f1xx_hal.o
    0x08000a34   0x08000a34   0x00000098   Code   RO          823    .text.HAL_FLASHEx_Erase  stm32f1xx_hal_flash_ex.o
    0x08000acc   0x08000acc   0x00000010   Code   RO          801    .text.HAL_FLASH_Lock  stm32f1xx_hal_flash.o
    0x08000adc   0x08000adc   0x000000b0   Code   RO          785    .text.HAL_FLASH_Program  stm32f1xx_hal_flash.o
    0x08000b8c   0x08000b8c   0x0000002c   Code   RO          799    .text.HAL_FLASH_Unlock  stm32f1xx_hal_flash.o
    0x08000bb8   0x08000bb8   0x00000002   Code   RO          643    .text.HAL_GPIO_EXTI_Callback  stm32f1xx_hal_gpio.o
    0x08000bba   0x08000bba   0x00000002   PAD
    0x08000bbc   0x08000bbc   0x00000014   Code   RO          641    .text.HAL_GPIO_EXTI_IRQHandler  stm32f1xx_hal_gpio.o
    0x08000bd0   0x08000bd0   0x000001a0   Code   RO          629    .text.HAL_GPIO_Init  stm32f1xx_hal_gpio.o
    0x08000d70   0x08000d70   0x0000000a   Code   RO          633    .text.HAL_GPIO_ReadPin  stm32f1xx_hal_gpio.o
    0x08000d7a   0x08000d7a   0x0000000a   Code   RO          635    .text.HAL_GPIO_WritePin  stm32f1xx_hal_gpio.o
    0x08000d84   0x08000d84   0x0000000c   Code   RO          523    .text.HAL_GetTick   stm32f1xx_hal.o
    0x08000d90   0x08000d90   0x00000184   Code   RO          376    .text.HAL_I2C_Init  stm32f1xx_hal_i2c.o
    0x08000f14   0x08000f14   0x0000016c   Code   RO          436    .text.HAL_I2C_IsDeviceReady  stm32f1xx_hal_i2c.o
    0x08001080   0x08001080   0x000001ac   Code   RO          384    .text.HAL_I2C_Master_Transmit  stm32f1xx_hal_i2c.o
    0x0800122c   0x0800122c   0x0000005c   Code   RO          330    .text.HAL_I2C_MspInit  stm32f1xx_hal_msp.o
    0x08001288   0x08001288   0x0000000c   Code   RO          521    .text.HAL_IncTick   stm32f1xx_hal.o
    0x08001294   0x08001294   0x00000024   Code   RO          511    .text.HAL_Init      stm32f1xx_hal.o
    0x080012b8   0x080012b8   0x0000003c   Code   RO          513    .text.HAL_InitTick  stm32f1xx_hal.o
    0x080012f4   0x080012f4   0x00000040   Code   RO          328    .text.HAL_MspInit   stm32f1xx_hal_msp.o
    0x08001334   0x08001334   0x0000001c   Code   RO          699    .text.HAL_NVIC_EnableIRQ  stm32f1xx_hal_cortex.o
    0x08001350   0x08001350   0x00000044   Code   RO          695    .text.HAL_NVIC_SetPriority  stm32f1xx_hal_cortex.o
    0x08001394   0x08001394   0x00000020   Code   RO          693    .text.HAL_NVIC_SetPriorityGrouping  stm32f1xx_hal_cortex.o
    0x080013b4   0x080013b4   0x0000001c   Code   RO          754    .text.HAL_PWR_EnterSLEEPMode  stm32f1xx_hal_pwr.o
    0x080013d0   0x080013d0   0x00000134   Code   RO          577    .text.HAL_RCC_ClockConfig  stm32f1xx_hal_rcc.o
    0x08001504   0x08001504   0x00000014   Code   RO          589    .text.HAL_RCC_GetPCLK1Freq  stm32f1xx_hal_rcc.o
    0x08001518   0x08001518   0x0000001c   Code   RO          591    .text.HAL_RCC_GetPCLK2Freq  stm32f1xx_hal_rcc.o
    0x08001534   0x08001534   0x00000058   Code   RO          579    .text.HAL_RCC_GetSysClockFreq  stm32f1xx_hal_rcc.o
    0x0800158c   0x0800158c   0x00000374   Code   RO          575    .text.HAL_RCC_OscConfig  stm32f1xx_hal_rcc.o
    0x08001900   0x08001900   0x0000000c   Code   RO          535    .text.HAL_ResumeTick  stm32f1xx_hal.o
    0x0800190c   0x0800190c   0x000000b6   Code   RO          881    .text.HAL_SPI_Init  stm32f1xx_hal_spi.o
    0x080019c2   0x080019c2   0x00000002   PAD
    0x080019c4   0x080019c4   0x00000078   Code   RO          334    .text.HAL_SPI_MspInit  stm32f1xx_hal_msp.o
    0x08001a3c   0x08001a3c   0x000001ee   Code   RO          895    .text.HAL_SPI_TransmitReceive  stm32f1xx_hal_spi.o
    0x08001c2a   0x08001c2a   0x00000002   PAD
    0x08001c2c   0x08001c2c   0x00000024   Code   RO          707    .text.HAL_SYSTICK_Config  stm32f1xx_hal_cortex.o
    0x08001c50   0x08001c50   0x00000010   Code   RO          533    .text.HAL_SuspendTick  stm32f1xx_hal.o
    0x08001c60   0x08001c60   0x00000060   Code   RO         1314    .text.HAL_TIMEx_MasterConfigSynchronization  stm32f1xx_hal_tim_ex.o
    0x08001cc0   0x08001cc0   0x00000058   Code   RO         1002    .text.HAL_TIM_Base_Init  stm32f1xx_hal_tim.o
    0x08001d18   0x08001d18   0x00000028   Code   RO          338    .text.HAL_TIM_Base_MspInit  stm32f1xx_hal_msp.o
    0x08001d40   0x08001d40   0x00000044   Code   RO         1012    .text.HAL_TIM_Base_Start  stm32f1xx_hal_tim.o
    0x08001d84   0x08001d84   0x000000f8   Code   RO         1190    .text.HAL_TIM_ConfigClockSource  stm32f1xx_hal_tim.o
    0x08001e7c   0x08001e7c   0x0000005c   Code   RO          340    .text.HAL_TIM_MspPostInit  stm32f1xx_hal_msp.o
    0x08001ed8   0x08001ed8   0x0000009a   Code   RO         1164    .text.HAL_TIM_PWM_ConfigChannel  stm32f1xx_hal_tim.o
    0x08001f72   0x08001f72   0x00000058   Code   RO         1056    .text.HAL_TIM_PWM_Init  stm32f1xx_hal_tim.o
    0x08001fca   0x08001fca   0x00000002   Code   RO         1058    .text.HAL_TIM_PWM_MspInit  stm32f1xx_hal_tim.o
    0x08001fcc   0x08001fcc   0x0000009c   Code   RO         1064    .text.HAL_TIM_PWM_Start  stm32f1xx_hal_tim.o
    0x08002068   0x08002068   0x0000005e   Code   RO         1341    .text.HAL_UART_Init  stm32f1xx_hal_uart.o
    0x080020c6   0x080020c6   0x00000002   PAD
    0x080020c8   0x080020c8   0x000000cc   Code   RO          344    .text.HAL_UART_MspInit  stm32f1xx_hal_msp.o
    0x08002194   0x08002194   0x000000ba   Code   RO         1361    .text.HAL_UART_Receive  stm32f1xx_hal_uart.o
    0x0800224e   0x0800224e   0x000000aa   Code   RO         1357    .text.HAL_UART_Transmit  stm32f1xx_hal_uart.o
    0x080022f8   0x080022f8   0x00000002   Code   RO          300    .text.HardFault_Handler  stm32f1xx_it.o
    0x080022fa   0x080022fa   0x00000002   PAD
    0x080022fc   0x080022fc   0x00000030   Code   RO          498    .text.I2C_IsAcknowledgeFailed  stm32f1xx_hal_i2c.o
    0x0800232c   0x0800232c   0x0000005a   Code   RO          390    .text.I2C_WaitOnBTFFlagUntilTimeout  stm32f1xx_hal_i2c.o
    0x08002386   0x08002386   0x00000092   Code   RO          386    .text.I2C_WaitOnFlagUntilTimeout  stm32f1xx_hal_i2c.o
    0x08002418   0x08002418   0x000000b4   Code   RO          496    .text.I2C_WaitOnMasterAddressFlagUntilTimeout  stm32f1xx_hal_i2c.o
    0x080024cc   0x080024cc   0x0000005a   Code   RO          388    .text.I2C_WaitOnTXEFlagUntilTimeout  stm32f1xx_hal_i2c.o
    0x08002526   0x08002526   0x00000002   PAD
    0x08002528   0x08002528   0x000000a4   Code   RO           71    .text.KEYPAD3X4_Init  keypad.o
    0x080025cc   0x080025cc   0x00000084   Code   RO           73    .text.KEYPAD3X4_Readkey  keypad.o
    0x08002650   0x08002650   0x00000002   Code   RO          302    .text.MemManage_Handler  stm32f1xx_it.o
    0x08002652   0x08002652   0x00000002   Code   RO          298    .text.NMI_Handler   stm32f1xx_it.o
    0x08002654   0x08002654   0x00000002   Code   RO          312    .text.PendSV_Handler  stm32f1xx_it.o
    0x08002656   0x08002656   0x00000022   Code   RO          891    .text.SPI_EndRxTxTransaction  stm32f1xx_hal_spi.o
    0x08002678   0x08002678   0x000000b0   Code   RO          989    .text.SPI_WaitFlagStateUntilTimeout  stm32f1xx_hal_spi.o
    0x08002728   0x08002728   0x00000014   Code   RO           50    .text.SSD1306_Clear  ssd1306.o
    0x0800273c   0x0800273c   0x0000003c   Code   RO           32    .text.SSD1306_DrawPixel  ssd1306.o
    0x08002778   0x08002778   0x00000008   Code   RO           44    .text.SSD1306_GotoXY  ssd1306.o
    0x08002780   0x08002780   0x0000011c   Code   RO           34    .text.SSD1306_Init  ssd1306.o
    0x0800289c   0x0800289c   0x00000094   Code   RO           46    .text.SSD1306_Putc  ssd1306.o
    0x08002930   0x08002930   0x00000028   Code   RO           48    .text.SSD1306_Puts  ssd1306.o
    0x08002958   0x08002958   0x00000044   Code   RO           40    .text.SSD1306_UpdateScreen  ssd1306.o
    0x0800299c   0x0800299c   0x00000002   Code   RO          308    .text.SVC_Handler   stm32f1xx_it.o
    0x0800299e   0x0800299e   0x00000004   Code   RO          314    .text.SysTick_Handler  stm32f1xx_it.o
    0x080029a2   0x080029a2   0x00000058   Code   RO          268    .text.SystemClock_Config  main.o
    0x080029fa   0x080029fa   0x00000002   Code   RO         1472    .text.SystemInit    system_stm32f1xx.o
    0x080029fc   0x080029fc   0x00000058   Code   RO         1006    .text.TIM_Base_SetConfig  stm32f1xx_hal_tim.o
    0x08002a54   0x08002a54   0x0000001e   Code   RO         1040    .text.TIM_CCxChannelCmd  stm32f1xx_hal_tim.o
    0x08002a72   0x08002a72   0x00000002   PAD
    0x08002a74   0x08002a74   0x00000058   Code   RO         1150    .text.TIM_OC1_SetConfig  stm32f1xx_hal_tim.o
    0x08002acc   0x08002acc   0x00000060   Code   RO         1152    .text.TIM_OC2_SetConfig  stm32f1xx_hal_tim.o
    0x08002b2c   0x08002b2c   0x00000060   Code   RO         1154    .text.TIM_OC3_SetConfig  stm32f1xx_hal_tim.o
    0x08002b8c   0x08002b8c   0x0000004c   Code   RO         1156    .text.TIM_OC4_SetConfig  stm32f1xx_hal_tim.o
    0x08002bd8   0x08002bd8   0x00000022   Code   RO         1192    .text.TIM_TI1_ConfigInputStage  stm32f1xx_hal_tim.o
    0x08002bfa   0x08002bfa   0x00000024   Code   RO         1194    .text.TIM_TI2_ConfigInputStage  stm32f1xx_hal_tim.o
    0x08002c1e   0x08002c1e   0x0000001a   Code   RO           96    .text.TM_MFRC522_AntennaOn  mfrc522.o
    0x08002c38   0x08002c38   0x00000042   Code   RO          102    .text.TM_MFRC522_Anticoll  mfrc522.o
    0x08002c7a   0x08002c7a   0x0000005a   Code   RO          118    .text.TM_MFRC522_CalculateCRC  mfrc522.o
    0x08002cd4   0x08002cd4   0x00000020   Code   RO           98    .text.TM_MFRC522_Check  mfrc522.o
    0x08002cf4   0x08002cf4   0x00000018   Code   RO          112    .text.TM_MFRC522_ClearBitMask  mfrc522.o
    0x08002d0c   0x08002d0c   0x0000001e   Code   RO          106    .text.TM_MFRC522_Compare  mfrc522.o
    0x08002d2a   0x08002d2a   0x0000002a   Code   RO          104    .text.TM_MFRC522_Halt  mfrc522.o
    0x08002d54   0x08002d54   0x00000040   Code   RO           90    .text.TM_MFRC522_Init  mfrc522.o
    0x08002d94   0x08002d94   0x00000038   Code   RO          108    .text.TM_MFRC522_ReadRegister  mfrc522.o
    0x08002dcc   0x08002dcc   0x0000003e   Code   RO          100    .text.TM_MFRC522_Request  mfrc522.o
    0x08002e0a   0x08002e0a   0x00000008   Code   RO           92    .text.TM_MFRC522_Reset  mfrc522.o
    0x08002e12   0x08002e12   0x00000018   Code   RO          110    .text.TM_MFRC522_SetBitMask  mfrc522.o
    0x08002e2a   0x08002e2a   0x00000114   Code   RO          116    .text.TM_MFRC522_ToCard  mfrc522.o
    0x08002f3e   0x08002f3e   0x00000002   PAD
    0x08002f40   0x08002f40   0x00000038   Code   RO           94    .text.TM_MFRC522_WriteRegister  mfrc522.o
    0x08002f78   0x08002f78   0x0000003c   Code   RO           88    .text.TM_SPI_Send   mfrc522.o
    0x08002fb4   0x08002fb4   0x00000084   Code   RO         1345    .text.UART_SetConfig  stm32f1xx_hal_uart.o
    0x08003038   0x08003038   0x0000006e   Code   RO         1359    .text.UART_WaitOnFlagUntilTimeout  stm32f1xx_hal_uart.o
    0x080030a6   0x080030a6   0x00000002   Code   RO          306    .text.UsageFault_Handler  stm32f1xx_it.o
    0x080030a8   0x080030a8   0x00000024   Code   RO          697    .text.__NVIC_SetPriority  stm32f1xx_hal_cortex.o
    0x080030cc   0x080030cc   0x00000026   Code   RO          208    .text.charArrayToUint32  main.o
    0x080030f2   0x080030f2   0x00000002   PAD
    0x080030f4   0x080030f4   0x000000fc   Code   RO          172    .text.checkFingerPrintID  as608.o
    0x080031f0   0x080031f0   0x000000e0   Code   RO          170    .text.checkInputFinger  as608.o
    0x080032d0   0x080032d0   0x0000000e   Code   RO          218    .text.check_password  main.o
    0x080032de   0x080032de   0x00000002   PAD
    0x080032e0   0x080032e0   0x00000020   Code   RO          162    .text.createModel   as608.o
    0x08003300   0x08003300   0x00000020   Code   RO          244    .text.defineUser    main.o
    0x08003320   0x08003320   0x00000028   Code   RO          180    .text.deleteFingerprint  as608.o
    0x08003348   0x08003348   0x00000020   Code   RO          158    .text.emptyfinger_database  as608.o
    0x08003368   0x08003368   0x00000050   Code   RO          176    .text.find_avaiable_idex_table  as608.o
    0x080033b8   0x080033b8   0x00000038   Code   RO          168    .text.fingerIDSearch  as608.o
    0x080033f0   0x080033f0   0x000002e8   Code   RO          174    .text.getFingerprintEnroll  as608.o
    0x080036d8   0x080036d8   0x00000024   Code   RO          156    .text.getImage      as608.o
    0x080036fc   0x080036fc   0x00000024   Code   RO          150    .text.getStructuredPacket  as608.o
    0x08003720   0x08003720   0x0000003c   Code   RO          232    .text.gotoSleep     main.o
    0x0800375c   0x0800375c   0x00000048   Code   RO          254    .text.handleAddUser  main.o
    0x080037a4   0x080037a4   0x00000018   Code   RO          258    .text.handleCard    main.o
    0x080037bc   0x080037bc   0x00000068   Code   RO          242    .text.handleChangePasscode  main.o
    0x08003824   0x08003824   0x00000088   Code   RO          264    .text.handleFingerprint  main.o
    0x080038ac   0x080038ac   0x00000038   Code   RO          238    .text.handleFingerprintState  main.o
    0x080038e4   0x080038e4   0x00000154   Code   RO          236    .text.handleInitialState  main.o
    0x08003a38   0x08003a38   0x00000130   Code   RO          262    .text.handleMenu    main.o
    0x08003b68   0x08003b68   0x00000088   Code   RO          240    .text.handleOpenState  main.o
    0x08003bf0   0x08003bf0   0x0000001c   Code   RO          260    .text.handlePasscode  main.o
    0x08003c0c   0x08003c0c   0x00000104   Code   RO          256    .text.handleRemoveUser  main.o
    0x08003d10   0x08003d10   0x00000024   Code   RO          160    .text.image2Tz      as608.o
    0x08003d34   0x08003d34   0x00000068   Code   RO          214    .text.inputMNV      main.o
    0x08003d9c   0x08003d9c   0x00000044   Code   RO          222    .text.inputPasscode  main.o
    0x08003de0   0x08003de0   0x00000124   Code   RO          212    .text.inputPasscodeWithText  main.o
    0x08003f04   0x08003f04   0x00000344   Code   RO          266    .text.main          main.o
    0x08004248   0x08004248   0x00000154   Code   RO          224    .text.passcode      main.o
    0x0800439c   0x0800439c   0x00000060   Code   RO          210    .text.passcodeCase  main.o
    0x080043fc   0x080043fc   0x0000009c   Code   RO          252    .text.printUSER     main.o
    0x08004498   0x08004498   0x00000144   Code   RO          220    .text.rfid          main.o
    0x080045dc   0x080045dc   0x00000038   Code   RO          216    .text.setupDefaultPassword  main.o
    0x08004614   0x08004614   0x00000020   Code   RO           36    .text.ssd1306_I2C_Write  ssd1306.o
    0x08004634   0x08004634   0x0000003c   Code   RO           42    .text.ssd1306_I2C_WriteMulti  ssd1306.o
    0x08004670   0x08004670   0x0000002c   Code   RO          164    .text.storeModel    as608.o
    0x0800469c   0x0800469c   0x00000014   Code   RO          206    .text.uint32ToCharArray  main.o
    0x080046b0   0x080046b0   0x00000028   Code   RO          234    .text.wakeup        main.o
    0x080046d8   0x080046d8   0x00000064   Code   RO          148    .text.writeStructuredPacket  as608.o
    0x0800473c   0x0800473c   0x0000001c   Code   RO          146    .text.write_byte    as608.o
    0x08004758   0x08004758   0x0000004c   Code   RO          140    .text.write_command  as608.o
    0x080047a4   0x080047a4   0x0000005c   Code   RO          142    .text.write_command_at  as608.o
    0x08004800   0x08004800   0x0000000e   Code   RO         1534    i._is_digit         c_w.l(__printf_wp.o)
    0x0800480e   0x0800480e   0x00000028   Data   RO         1507    .constdata          c_w.l(_printf_hex_int.o)
    0x08004836   0x08004836   0x00000011   Data   RO         1537    .constdata          c_w.l(__printf_flags_wp.o)
    0x08004847   0x08004847   0x00000010   Data   RO         1477    .rodata.AHBPrescTable  system_stm32f1xx.o
    0x08004857   0x08004857   0x00000008   Data   RO         1478    .rodata.APBPrescTable  system_stm32f1xx.o
    0x0800485f   0x0800485f   0x00000001   PAD
    0x08004860   0x08004860   0x00000d5c   Data   RO           14    .rodata.Font11x18   fonts.o
    0x080055bc   0x080055bc   0x0000076c   Data   RO           13    .rodata.Font7x10    fonts.o
    0x08005d28   0x08005d28   0x0000000c   Data   RO          273    .rodata.KEYMAP      main.o
    0x08005d34   0x08005d34   0x0000011a   Data   RO          184    .rodata.str1.1      as608.o
    0x08005e4e   0x08005e4e   0x00000032   Data   RO          274    .rodata.str1.1      main.o
    0x08005e80   0x08005e80   0x00000020   Data   RO         1740    Region$$Table       anon$$obj.o


    Execution Region RW_IRAM1 (Exec base: 0x20000000, Load base: 0x08005ea0, Size: 0x00000d28, Max: 0x00005000, ABSOLUTE)

    Exec Addr    Load Addr    Size         Type   Attr      Idx    E Section Name        Object

    0x20000000   0x08005ea0   0x00000040   Data   RW          280    .data..L_MergedGlobals  main.o
    0x20000040   0x08005ee0   0x0000000c   Data   RW          561    .data..L_MergedGlobals  stm32f1xx_hal.o
    0x2000004c   0x08005eec   0x00000008   Data   RW           17    .data.Font_11x18    fonts.o
    0x20000054   0x08005ef4   0x00000008   Data   RW           16    .data.Font_7x10     fonts.o
    0x2000005c   0x08005efc   0x00000004   Data   RW         1476    .data.SystemCoreClock  system_stm32f1xx.o
    0x20000060        -       0x00000060   Zero   RW         1608    .bss                c_w.l(libspace.o)
    0x200000c0        -       0x00000004   Zero   RW           59    .bss..L_MergedGlobals  ssd1306.o
    0x200000c4   0x08005f00   0x0000000c   PAD
    0x200000d0        -       0x00000040   Zero   RW          186    .bss..L_MergedGlobals.25  as608.o
    0x20000110        -       0x00000048   Zero   RW          281    .bss..L_MergedGlobals.33  main.o
    0x20000158   0x08005f00   0x00000008   PAD
    0x20000160        -       0x00000048   Zero   RW          282    .bss..L_MergedGlobals.34  main.o
    0x200001a8   0x08005f00   0x00000008   PAD
    0x200001b0        -       0x00000048   Zero   RW          283    .bss..L_MergedGlobals.35  main.o
    0x200001f8   0x08005f00   0x00000008   PAD
    0x20000200        -       0x00000048   Zero   RW          284    .bss..L_MergedGlobals.36  main.o
    0x20000248   0x08005f00   0x00000008   PAD
    0x20000250        -       0x00000054   Zero   RW          285    .bss..L_MergedGlobals.37  main.o
    0x200002a4   0x08005f00   0x0000000c   PAD
    0x200002b0        -       0x00000058   Zero   RW          286    .bss..L_MergedGlobals.38  main.o
    0x20000308        -       0x00000400   Zero   RW           58    .bss.SSD1306_Buffer  ssd1306.o
    0x20000708        -       0x00000020   Zero   RW          811    .bss.pFlash         stm32f1xx_hal_flash.o
    0x20000728        -       0x00000200   Zero   RW            2    HEAP                startup_stm32f103xb.o
    0x20000928        -       0x00000400   Zero   RW            1    STACK               startup_stm32f103xb.o


==============================================================================

Image component sizes


      Code (inc. data)   RO Data    RW Data    ZI Data      Debug   Object Name

      1908        340        282          0         64       9172   as608.o
         0          0       5320         16          0       1447   fonts.o
       296          4          0          0          0       3382   keypad.o
      4094        656         62         64        460      24248   main.o
       916         12          0          0          0       7729   mfrc522.o
       720         24          0          0       1028       5416   ssd1306.o
        64         26        236          0       1536        764   startup_stm32f103xb.o
       180         16          0         12          0       6540   stm32f1xx_hal.o
       200         24          0          0          0       8861   stm32f1xx_hal_cortex.o
       416         24          0          0         32       5459   stm32f1xx_hal_flash.o
       208          0          0          0          0       6463   stm32f1xx_hal_flash_ex.o
       458         60          0          0          0       4755   stm32f1xx_hal_gpio.o
      1734         40          0          0          0      39186   stm32f1xx_hal_i2c.o
       612         56          0          0          0      11179   stm32f1xx_hal_msp.o
        28          4          0          0          0       4749   stm32f1xx_hal_pwr.o
      1328         72          0          0          0       7653   stm32f1xx_hal_rcc.o
       886          4          0          0          0      21007   stm32f1xx_hal_spi.o
      1348         28          0          0          0      42031   stm32f1xx_hal_tim.o
        96          0          0          0          0      17912   stm32f1xx_hal_tim_ex.o
       692          4          0          0          0      23827   stm32f1xx_hal_uart.o
        26          0          0          0          0       1479   stm32f1xx_it.o
         2          0         24          4          0       1700   system_stm32f1xx.o

    ----------------------------------------------------------------------
     16234       1394       5957         96       3176     254959   Object Totals
         0          0         32          0          0          0   (incl. Generated)
        22          0          1          0         56          0   (incl. Padding)

    ----------------------------------------------------------------------

      Code (inc. data)   RO Data    RW Data    ZI Data      Debug   Library Member Name

         8          0          0          0          0         68   __main.o
       312          4         17          0          0         92   __printf_flags_wp.o
        14          0          0          0          0         68   __printf_wp.o
         0          0          0          0          0          0   __rtentry.o
        12          0          0          0          0          0   __rtentry2.o
         6          0          0          0          0          0   __rtentry4.o
        52          8          0          0          0          0   __scatter.o
        26          0          0          0          0          0   __scatter_copy.o
        28          0          0          0          0          0   __scatter_zi.o
        44          0          0          0          0        108   _printf_char.o
        48          6          0          0          0         96   _printf_char_common.o
         6          0          0          0          0          0   _printf_d.o
       120         16          0          0          0         92   _printf_dec.o
        88          4         40          0          0         88   _printf_hex_int.o
       178          0          0          0          0         88   _printf_intcommon.o
        78          0          0          0          0        108   _printf_pad.o
         0          0          0          0          0          0   _printf_percent.o
         4          0          0          0          0          0   _printf_percent_end.o
         6          0          0          0          0          0   _printf_s.o
        82          0          0          0          0         80   _printf_str.o
         6          0          0          0          0          0   _printf_x.o
        10          0          0          0          0         68   _sputc.o
        16          0          0          0          0         68   aeabi_memset.o
        18          0          0          0          0         80   exit.o
         6          0          0          0          0        152   heapauxi.o
         0          0          0          0          0          0   indicate_semi.o
         2          0          0          0          0          0   libinit.o
         2          0          0          0          0          0   libinit2.o
         2          0          0          0          0          0   libshutdown.o
         2          0          0          0          0          0   libshutdown2.o
         8          4          0          0         96         68   libspace.o
        40          6          0          0          0         84   noretval__2sprintf.o
        68          0          0          0          0         68   rt_memclr.o
        78          0          0          0          0         80   rt_memclr_w.o
       138          0          0          0          0         68   rt_memcpy_v6.o
       100          0          0          0          0         80   rt_memcpy_w.o
         2          0          0          0          0          0   rtexit.o
        10          0          0          0          0          0   rtexit2.o
       128          0          0          0          0         68   strcmpv7m.o
        72          0          0          0          0         80   strcpy.o
        62          0          0          0          0         76   strlen.o
        12          4          0          0          0         68   sys_exit.o
        74          0          0          0          0         80   sys_stackheap_outer.o
         2          0          0          0          0         68   use_no_semi.o

    ----------------------------------------------------------------------
      1976         52         57          0         96       2144   Library Totals
         6          0          0          0          0          0   (incl. Padding)

    ----------------------------------------------------------------------

      Code (inc. data)   RO Data    RW Data    ZI Data      Debug   Library Name

      1970         52         57          0         96       2144   c_w.l

    ----------------------------------------------------------------------
      1976         52         57          0         96       2144   Library Totals

    ----------------------------------------------------------------------

==============================================================================


      Code (inc. data)   RO Data    RW Data    ZI Data      Debug   

     18210       1446       6014         96       3272     255703   Grand Totals
     18210       1446       6014         96       3272     255703   ELF Image Totals
     18210       1446       6014         96          0          0   ROM Totals

==============================================================================

    Total RO  Size (Code + RO Data)                24224 (  23.66kB)
    Total RW  Size (RW Data + ZI Data)              3368 (   3.29kB)
    Total ROM Size (Code + RO Data + RW Data)      24320 (  23.75kB)

==============================================================================

